Archive member included to satisfy reference by file (symbol)

C:/ST/STM32CubeIDE_1.14.0/STM32CubeIDE/plugins/com.st.stm32cube.ide.mcu.externaltools.gnu-tools-for-stm32.11.3.rel1.win32_1.1.100.202309141235/tools/bin/../lib/gcc/arm-none-eabi/11.3.1/../../../../arm-none-eabi/lib/thumb/v7e-m+dp/hard\libc_nano.a(libc_a-exit.o)
                              C:/ST/STM32CubeIDE_1.14.0/STM32CubeIDE/plugins/com.st.stm32cube.ide.mcu.externaltools.gnu-tools-for-stm32.11.3.rel1.win32_1.1.100.202309141235/tools/bin/../lib/gcc/arm-none-eabi/11.3.1/../../../../arm-none-eabi/lib/thumb/v7e-m+dp/hard/crt0.o (exit)
C:/ST/STM32CubeIDE_1.14.0/STM32CubeIDE/plugins/com.st.stm32cube.ide.mcu.externaltools.gnu-tools-for-stm32.11.3.rel1.win32_1.1.100.202309141235/tools/bin/../lib/gcc/arm-none-eabi/11.3.1/../../../../arm-none-eabi/lib/thumb/v7e-m+dp/hard\libc_nano.a(libc_a-findfp.o)
                              C:/ST/STM32CubeIDE_1.14.0/STM32CubeIDE/plugins/com.st.stm32cube.ide.mcu.externaltools.gnu-tools-for-stm32.11.3.rel1.win32_1.1.100.202309141235/tools/bin/../lib/gcc/arm-none-eabi/11.3.1/../../../../arm-none-eabi/lib/thumb/v7e-m+dp/hard\libc_nano.a(libc_a-exit.o) (__stdio_exit_handler)
C:/ST/STM32CubeIDE_1.14.0/STM32CubeIDE/plugins/com.st.stm32cube.ide.mcu.externaltools.gnu-tools-for-stm32.11.3.rel1.win32_1.1.100.202309141235/tools/bin/../lib/gcc/arm-none-eabi/11.3.1/../../../../arm-none-eabi/lib/thumb/v7e-m+dp/hard\libc_nano.a(libc_a-fwalk.o)
                              C:/ST/STM32CubeIDE_1.14.0/STM32CubeIDE/plugins/com.st.stm32cube.ide.mcu.externaltools.gnu-tools-for-stm32.11.3.rel1.win32_1.1.100.202309141235/tools/bin/../lib/gcc/arm-none-eabi/11.3.1/../../../../arm-none-eabi/lib/thumb/v7e-m+dp/hard\libc_nano.a(libc_a-findfp.o) (_fwalk_sglue)
C:/ST/STM32CubeIDE_1.14.0/STM32CubeIDE/plugins/com.st.stm32cube.ide.mcu.externaltools.gnu-tools-for-stm32.11.3.rel1.win32_1.1.100.202309141235/tools/bin/../lib/gcc/arm-none-eabi/11.3.1/../../../../arm-none-eabi/lib/thumb/v7e-m+dp/hard\libc_nano.a(libc_a-sprintf.o)
                              ./Application/User/CM7/main.o (sprintf)
C:/ST/STM32CubeIDE_1.14.0/STM32CubeIDE/plugins/com.st.stm32cube.ide.mcu.externaltools.gnu-tools-for-stm32.11.3.rel1.win32_1.1.100.202309141235/tools/bin/../lib/gcc/arm-none-eabi/11.3.1/../../../../arm-none-eabi/lib/thumb/v7e-m+dp/hard\libc_nano.a(libc_a-stdio.o)
                              C:/ST/STM32CubeIDE_1.14.0/STM32CubeIDE/plugins/com.st.stm32cube.ide.mcu.externaltools.gnu-tools-for-stm32.11.3.rel1.win32_1.1.100.202309141235/tools/bin/../lib/gcc/arm-none-eabi/11.3.1/../../../../arm-none-eabi/lib/thumb/v7e-m+dp/hard\libc_nano.a(libc_a-findfp.o) (__sread)
C:/ST/STM32CubeIDE_1.14.0/STM32CubeIDE/plugins/com.st.stm32cube.ide.mcu.externaltools.gnu-tools-for-stm32.11.3.rel1.win32_1.1.100.202309141235/tools/bin/../lib/gcc/arm-none-eabi/11.3.1/../../../../arm-none-eabi/lib/thumb/v7e-m+dp/hard\libc_nano.a(libc_a-memset.o)
                              C:/ST/STM32CubeIDE_1.14.0/STM32CubeIDE/plugins/com.st.stm32cube.ide.mcu.externaltools.gnu-tools-for-stm32.11.3.rel1.win32_1.1.100.202309141235/tools/bin/../lib/gcc/arm-none-eabi/11.3.1/../../../../arm-none-eabi/lib/thumb/v7e-m+dp/hard/crt0.o (memset)
C:/ST/STM32CubeIDE_1.14.0/STM32CubeIDE/plugins/com.st.stm32cube.ide.mcu.externaltools.gnu-tools-for-stm32.11.3.rel1.win32_1.1.100.202309141235/tools/bin/../lib/gcc/arm-none-eabi/11.3.1/../../../../arm-none-eabi/lib/thumb/v7e-m+dp/hard\libc_nano.a(libc_a-closer.o)
                              C:/ST/STM32CubeIDE_1.14.0/STM32CubeIDE/plugins/com.st.stm32cube.ide.mcu.externaltools.gnu-tools-for-stm32.11.3.rel1.win32_1.1.100.202309141235/tools/bin/../lib/gcc/arm-none-eabi/11.3.1/../../../../arm-none-eabi/lib/thumb/v7e-m+dp/hard\libc_nano.a(libc_a-stdio.o) (_close_r)
C:/ST/STM32CubeIDE_1.14.0/STM32CubeIDE/plugins/com.st.stm32cube.ide.mcu.externaltools.gnu-tools-for-stm32.11.3.rel1.win32_1.1.100.202309141235/tools/bin/../lib/gcc/arm-none-eabi/11.3.1/../../../../arm-none-eabi/lib/thumb/v7e-m+dp/hard\libc_nano.a(libc_a-reent.o)
                              C:/ST/STM32CubeIDE_1.14.0/STM32CubeIDE/plugins/com.st.stm32cube.ide.mcu.externaltools.gnu-tools-for-stm32.11.3.rel1.win32_1.1.100.202309141235/tools/bin/../lib/gcc/arm-none-eabi/11.3.1/../../../../arm-none-eabi/lib/thumb/v7e-m+dp/hard\libc_nano.a(libc_a-closer.o) (errno)
C:/ST/STM32CubeIDE_1.14.0/STM32CubeIDE/plugins/com.st.stm32cube.ide.mcu.externaltools.gnu-tools-for-stm32.11.3.rel1.win32_1.1.100.202309141235/tools/bin/../lib/gcc/arm-none-eabi/11.3.1/../../../../arm-none-eabi/lib/thumb/v7e-m+dp/hard\libc_nano.a(libc_a-impure.o)
                              C:/ST/STM32CubeIDE_1.14.0/STM32CubeIDE/plugins/com.st.stm32cube.ide.mcu.externaltools.gnu-tools-for-stm32.11.3.rel1.win32_1.1.100.202309141235/tools/bin/../lib/gcc/arm-none-eabi/11.3.1/../../../../arm-none-eabi/lib/thumb/v7e-m+dp/hard\libc_nano.a(libc_a-sprintf.o) (_impure_ptr)
[...]
Memory Configuration

Name             Origin             Length             Attributes
FLASH            0x0000000008000000 0x0000000000100000 xr
RAM              0x0000000024000000 0x0000000000020000 xrw
ITCMRAM          0x0000000000000000 0x0000000000010000 xrw
RAM_D3_Z1        0x0000000038000000 0x0000000000000004 xrw
RAM_D3_Z2        0x0000000038000004 0x0000000000000008 xrw
RAM_D3_Z3        0x000000003800000c 0x0000000000000044 xrw
RAM_D3_Z4        0x0000000038000050 0x0000000000000050 xrw
RAM_D3_Z5        0x00000000380000a0 0x000000000000005f xrw
RAM_D3_Z6        0x0000000038000100 0x0000000000000100 xrw
RAM_D3_Z7        0x0000000038000200 0x0000000000000100 xrw
*default*        0x0000000000000000 0xffffffffffffffff

Linker script and memory map

LOAD C:/ST/STM32CubeIDE_1.14.0/STM32CubeIDE/plugins/com.st.stm32cube.ide.mcu.externaltools.gnu-tools-for-stm32.11.3.rel1.win32_1.1.100.202309141235/tools/bin/../lib/gcc/arm-none-eabi/11.3.1/thumb/v7e-m+dp/hard/crti.o
LOAD C:/ST/STM32CubeIDE_1.14.0/STM32CubeIDE/plugins/com.st.stm32cube.ide.mcu.externaltools.gnu-tools-for-stm32.11.3.rel1.win32_1.1.100.202309141235/tools/bin/../lib/gcc/arm-none-eabi/11.3.1/thumb/v7e-m+dp/hard/crtbegin.o
LOAD C:/ST/STM32CubeIDE_1.14.0/STM32CubeIDE/plugins/com.st.stm32cube.ide.mcu.externaltools.gnu-tools-for-stm32.11.3.rel1.win32_1.1.100.202309141235/tools/bin/../lib/gcc/arm-none-eabi/11.3.1/../../../../arm-none-eabi/lib/thumb/v7e-m+dp/hard/crt0.o
LOAD ./Application/User/CM7/main.o
LOAD ./Application/User/CM7/stm32h7xx_hal_timebase_tim.o
LOAD ./Application/User/CM7/stm32h7xx_it.o
LOAD ./Application/User/CM7/syscalls.o
LOAD ./Application/User/CM7/sysmem.o
LOAD ./Application/User/Startup/startup_stm32h745xihx.o
LOAD ./Drivers/BSP/Components/mfxstm32l152.o
LOAD ./Drivers/BSP/STM32H745I_Discovery/stm32h745i_discovery.o
LOAD ./Drivers/CMSIS/system_stm32h7xx.o
LOAD ./Drivers/STM32H7xx_HAL_Driver/stm32h7xx_hal.o
LOAD ./Drivers/STM32H7xx_HAL_Driver/stm32h7xx_hal_adc.o
LOAD ./Drivers/STM32H7xx_HAL_Driver/stm32h7xx_hal_adc_ex.o
LOAD ./Drivers/STM32H7xx_HAL_Driver/stm32h7xx_hal_cortex.o
LOAD ./Drivers/STM32H7xx_HAL_Driver/stm32h7xx_hal_dma.o
LOAD ./Drivers/STM32H7xx_HAL_Driver/stm32h7xx_hal_dma_ex.o
LOAD ./Drivers/STM32H7xx_HAL_Driver/stm32h7xx_hal_gpio.o
LOAD ./Drivers/STM32H7xx_HAL_Driver/stm32h7xx_hal_hsem.o
LOAD ./Drivers/STM32H7xx_HAL_Driver/stm32h7xx_hal_i2c.o
LOAD ./Drivers/STM32H7xx_HAL_Driver/stm32h7xx_hal_i2c_ex.o
LOAD ./Drivers/STM32H7xx_HAL_Driver/stm32h7xx_hal_pwr.o
LOAD ./Drivers/STM32H7xx_HAL_Driver/stm32h7xx_hal_pwr_ex.o
LOAD ./Drivers/STM32H7xx_HAL_Driver/stm32h7xx_hal_rcc.o
LOAD ./Drivers/STM32H7xx_HAL_Driver/stm32h7xx_hal_rcc_ex.o
LOAD ./Drivers/STM32H7xx_HAL_Driver/stm32h7xx_hal_tim.o
LOAD ./Drivers/STM32H7xx_HAL_Driver/stm32h7xx_hal_tim_ex.o
LOAD ./Drivers/STM32H7xx_HAL_Driver/stm32h7xx_hal_uart.o
LOAD ./Drivers/STM32H7xx_HAL_Driver/stm32h7xx_hal_uart_ex.o
LOAD ./Middlewares/FreeRTOS/CMSIS-RTOS/cmsis_os.o
LOAD ./Middlewares/FreeRTOS/croutine.o
LOAD ./Middlewares/FreeRTOS/event_groups.o
LOAD ./Middlewares/FreeRTOS/list.o
LOAD ./Middlewares/FreeRTOS/queue.o
LOAD ./Middlewares/FreeRTOS/stream_buffer.o
LOAD ./Middlewares/FreeRTOS/tasks.o
LOAD ./Middlewares/FreeRTOS/timers.o
LOAD ./Middlewares/FreeRTOS/portable/heap_4.o
LOAD ./Middlewares/FreeRTOS/portable/port.o
START GROUP
LOAD C:/ST/STM32CubeIDE_1.14.0/STM32CubeIDE/plugins/com.st.stm32cube.ide.mcu.externaltools.gnu-tools-for-stm32.11.3.rel1.win32_1.1.100.202309141235/tools/bin/../lib/gcc/arm-none-eabi/11.3.1/../../../../arm-none-eabi/lib/thumb/v7e-m+dp/hard\libc_nano.a
LOAD C:/ST/STM32CubeIDE_1.14.0/STM32CubeIDE/plugins/com.st.stm32cube.ide.mcu.externaltools.gnu-tools-for-stm32.11.3.rel1.win32_1.1.100.202309141235/tools/bin/../lib/gcc/arm-none-eabi/11.3.1/../../../../arm-none-eabi/lib/thumb/v7e-m+dp/hard\libm.a
END GROUP
START GROUP
LOAD C:/ST/STM32CubeIDE_1.14.0/STM32CubeIDE/plugins/com.st.stm32cube.ide.mcu.externaltools.gnu-tools-for-stm32.11.3.rel1.win32_1.1.100.202309141235/tools/bin/../lib/gcc/arm-none-eabi/11.3.1/thumb/v7e-m+dp/hard\libgcc.a
LOAD C:/ST/STM32CubeIDE_1.14.0/STM32CubeIDE/plugins/com.st.stm32cube.ide.mcu.externaltools.gnu-tools-for-stm32.11.3.rel1.win32_1.1.100.202309141235/tools/bin/../lib/gcc/arm-none-eabi/11.3.1/../../../../arm-none-eabi/lib/thumb/v7e-m+dp/hard\libc_nano.a
END GROUP
START GROUP
LOAD C:/ST/STM32CubeIDE_1.14.0/STM32CubeIDE/plugins/com.st.stm32cube.ide.mcu.externaltools.gnu-tools-for-stm32.11.3.rel1.win32_1.1.100.202309141235/tools/bin/../lib/gcc/arm-none-eabi/11.3.1/thumb/v7e-m+dp/hard\libgcc.a
LOAD C:/ST/STM32CubeIDE_1.14.0/STM32CubeIDE/plugins/com.st.stm32cube.ide.mcu.externaltools.gnu-tools-for-stm32.11.3.rel1.win32_1.1.100.202309141235/tools/bin/../lib/gcc/arm-none-eabi/11.3.1/../../../../arm-none-eabi/lib/thumb/v7e-m+dp/hard\libc_nano.a
LOAD C:/ST/STM32CubeIDE_1.14.0/STM32CubeIDE/plugins/com.st.stm32cube.ide.mcu.externaltools.gnu-tools-for-stm32.11.3.rel1.win32_1.1.100.202309141235/tools/bin/../lib/gcc/arm-none-eabi/11.3.1/../../../../arm-none-eabi/lib/thumb/v7e-m+dp/hard\libnosys.a
END GROUP
START GROUP
LOAD C:/ST/STM32CubeIDE_1.14.0/STM32CubeIDE/plugins/com.st.stm32cube.ide.mcu.externaltools.gnu-tools-for-stm32.11.3.rel1.win32_1.1.100.202309141235/tools/bin/../lib/gcc/arm-none-eabi/11.3.1/thumb/v7e-m+dp/hard\libgcc.a
LOAD C:/ST/STM32CubeIDE_1.14.0/STM32CubeIDE/plugins/com.st.stm32cube.ide.mcu.externaltools.gnu-tools-for-stm32.11.3.rel1.win32_1.1.100.202309141235/tools/bin/../lib/gcc/arm-none-eabi/11.3.1/../../../../arm-none-eabi/lib/thumb/v7e-m+dp/hard\libc_nano.a
LOAD C:/ST/STM32CubeIDE_1.14.0/STM32CubeIDE/plugins/com.st.stm32cube.ide.mcu.externaltools.gnu-tools-for-stm32.11.3.rel1.win32_1.1.100.202309141235/tools/bin/../lib/gcc/arm-none-eabi/11.3.1/../../../../arm-none-eabi/lib/thumb/v7e-m+dp/hard\libnosys.a
END GROUP
LOAD C:/ST/STM32CubeIDE_1.14.0/STM32CubeIDE/plugins/com.st.stm32cube.ide.mcu.externaltools.gnu-tools-for-stm32.11.3.rel1.win32_1.1.100.202309141235/tools/bin/../lib/gcc/arm-none-eabi/11.3.1/thumb/v7e-m+dp/hard/crtend.o
LOAD C:/ST/STM32CubeIDE_1.14.0/STM32CubeIDE/plugins/com.st.stm32cube.ide.mcu.externaltools.gnu-tools-for-stm32.11.3.rel1.win32_1.1.100.202309141235/tools/bin/../lib/gcc/arm-none-eabi/11.3.1/thumb/v7e-m+dp/hard/crtn.o
                0x0000000024020000                _estack = 0x24020000
                0x0000000000000200                _Min_Heap_Size = 0x200
                0x0000000000000400                _Min_Stack_Size = 0x400

.isr_vector     0x0000000008000000      0x298
                0x0000000008000000                . = ALIGN (0x4)
 *(.isr_vector)
 .isr_vector    0x0000000008000000      0x298 ./Application/User/Startup/startup_stm32h745xihx.o
                0x0000000008000000                g_pfnVectors
                0x0000000008000298                . = ALIGN (0x4)

.text           0x00000000080002a0     0x50f8
                0x00000000080002a0                . = ALIGN (0x4)
 *(.text)
 .text          0x00000000080002a0       0x40 C:/ST/STM32CubeIDE_1.14.0/STM32CubeIDE/plugins/com.st.stm32cube.ide.mcu.externaltools.gnu-tools-for-stm32.11.3.rel1.win32_1.1.100.202309141235/tools/bin/../lib/gcc/arm-none-eabi/11.3.1/thumb/v7e-m+dp/hard/crtbegin.o
 .text          0x00000000080002e0       0x10 C:/ST/STM32CubeIDE_1.14.0/STM32CubeIDE/plugins/com.st.stm32cube.ide.mcu.externaltools.gnu-tools-for-stm32.11.3.rel1.win32_1.1.100.202309141235/tools/bin/../lib/gcc/arm-none-eabi/11.3.1/../../../../arm-none-eabi/lib/thumb/v7e-m+dp/hard\libc_nano.a(libc_a-strlen.o)
                0x00000000080002e0                strlen
 .text          0x00000000080002f0       0xa0 C:/ST/STM32CubeIDE_1.14.0/STM32CubeIDE/plugins/com.st.stm32cube.ide.mcu.externaltools.gnu-tools-for-stm32.11.3.rel1.win32_1.1.100.202309141235/tools/bin/../lib/gcc/arm-none-eabi/11.3.1/../../../../arm-none-eabi/lib/thumb/v7e-m+dp/hard\libc_nano.a(libc_a-memchr.o)
                0x00000000080002f0                memchr
 *(.text*)
 .text.main     0x0000000008000390      0x158 ./Application/User/CM7/main.o
                0x0000000008000390                main
 .text.prvCore1Task
                0x00000000080004e8       0x68 ./Application/User/CM7/main.o
 .text.vGenerateCore2Interrupt
                0x0000000008000550       0x50 ./Application/User/CM7/main.o
                0x0000000008000550                vGenerateCore2Interrupt
 .text.xAreMessageBufferAMPTasksStillRunning
                0x00000000080005a0       0x5c ./Application/User/CM7/main.o
 .text.prvCheckTask
                0x00000000080005fc       0x48 ./Application/User/CM7/main.o
 .text.vApplicationGetIdleTaskMemory
                0x0000000008000644       0x34 ./Application/User/CM7/main.o
                0x0000000008000644                vApplicationGetIdleTaskMemory
 .text.SystemClock_Config
                0x0000000008000678       0xfc ./Application/User/CM7/main.o
 .text.CPU_CACHE_Enable
                0x0000000008000774       0xdc ./Application/User/CM7/main.o
 .text.MPU_Config
                0x0000000008000850       0x82 ./Application/User/CM7/main.o
 .text.Error_Handler
                0x00000000080008d2        0x6 ./Application/User/CM7/main.o
 .text.HAL_InitTick
                0x00000000080008d8       0xd8 ./Application/User/CM7/stm32h7xx_hal_timebase_tim.o
                0x00000000080008d8                HAL_InitTick
 .text.HAL_TIM_PeriodElapsedCallback
                0x00000000080009b0       0x14 ./Application/User/CM7/stm32h7xx_hal_timebase_tim.o
                0x00000000080009b0                HAL_TIM_PeriodElapsedCallback
 .text.TIM6_DAC_IRQHandler
                0x00000000080009c4       0x14 ./Application/User/CM7/stm32h7xx_hal_timebase_tim.o
                0x00000000080009c4                TIM6_DAC_IRQHandler
 .text.NMI_Handler
                0x00000000080009d8        0xe ./Application/User/CM7/stm32h7xx_it.o
                0x00000000080009d8                NMI_Handler
 .text.HardFault_Handler
                0x00000000080009e6        0x6 ./Application/User/CM7/stm32h7xx_it.o
                0x00000000080009e6                HardFault_Handler
 .text.MemManage_Handler
                0x00000000080009ec        0x6 ./Application/User/CM7/stm32h7xx_it.o
                0x00000000080009ec                MemManage_Handler
 .text.BusFault_Handler
                0x00000000080009f2        0x6 ./Application/User/CM7/stm32h7xx_it.o
                0x00000000080009f2                BusFault_Handler
 .text.UsageFault_Handler
                0x00000000080009f8        0x6 ./Application/User/CM7/stm32h7xx_it.o
                0x00000000080009f8                UsageFault_Handler
 .text.DebugMon_Handler
                0x00000000080009fe        0xe ./Application/User/CM7/stm32h7xx_it.o
                0x00000000080009fe                DebugMon_Handler
 .text._sbrk    0x0000000008000a0c       0x6c ./Application/User/CM7/sysmem.o
                0x0000000008000a0c                _sbrk
 .text.Reset_Handler
                0x0000000008000a78       0x50 ./Application/User/Startup/startup_stm32h745xihx.o
                0x0000000008000a78                Reset_Handler
 .text.Default_Handler
                0x0000000008000ac8        0x2 ./Application/User/Startup/startup_stm32h745xihx.o
                0x0000000008000ac8                RTC_Alarm_IRQHandler
                0x0000000008000ac8                EXTI2_IRQHandler
                0x0000000008000ac8                TIM8_CC_IRQHandler
                0x0000000008000ac8                HRTIM1_Master_IRQHandler
                0x0000000008000ac8                UART8_IRQHandler
                0x0000000008000ac8                SPI4_IRQHandler
                0x0000000008000ac8                TIM1_CC_IRQHandler
                0x0000000008000ac8                BDMA_Channel6_IRQHandler
                0x0000000008000ac8                DMA2_Stream5_IRQHandler
                0x0000000008000ac8                HRTIM1_FLT_IRQHandler
                0x0000000008000ac8                JPEG_IRQHandler
                0x0000000008000ac8                DMA1_Stream5_IRQHandler
                0x0000000008000ac8                BDMA_Channel1_IRQHandler
                0x0000000008000ac8                HRTIM1_TIMD_IRQHandler
                0x0000000008000ac8                TAMP_STAMP_IRQHandler
                0x0000000008000ac8                EXTI3_IRQHandler
                0x0000000008000ac8                LPTIM4_IRQHandler
                0x0000000008000ac8                TIM8_TRG_COM_TIM14_IRQHandler
                0x0000000008000ac8                LPTIM2_IRQHandler
                0x0000000008000ac8                DFSDM1_FLT1_IRQHandler
                0x0000000008000ac8                DMAMUX2_OVR_IRQHandler
                0x0000000008000ac8                TIM8_UP_TIM13_IRQHandler
                0x0000000008000ac8                I2C3_ER_IRQHandler
                0x0000000008000ac8                DFSDM1_FLT2_IRQHandler
                0x0000000008000ac8                MDMA_IRQHandler
                0x0000000008000ac8                LPTIM3_IRQHandler
                0x0000000008000ac8                HSEM1_IRQHandler
                0x0000000008000ac8                EXTI0_IRQHandler
                0x0000000008000ac8                I2C2_EV_IRQHandler
                0x0000000008000ac8                DMA1_Stream2_IRQHandler
                0x0000000008000ac8                FPU_IRQHandler
                0x0000000008000ac8                OTG_HS_WKUP_IRQHandler
                0x0000000008000ac8                FDCAN1_IT1_IRQHandler
                0x0000000008000ac8                LTDC_ER_IRQHandler
                0x0000000008000ac8                DMA2_Stream2_IRQHandler
                0x0000000008000ac8                HRTIM1_TIME_IRQHandler
                0x0000000008000ac8                SPI1_IRQHandler
                0x0000000008000ac8                DCMI_IRQHandler
                0x0000000008000ac8                HRTIM1_TIMC_IRQHandler
                0x0000000008000ac8                DMA2_Stream3_IRQHandler
                0x0000000008000ac8                SAI2_IRQHandler
                0x0000000008000ac8                DFSDM1_FLT3_IRQHandler
                0x0000000008000ac8                USART6_IRQHandler
                0x0000000008000ac8                TIM17_IRQHandler
                0x0000000008000ac8                USART3_IRQHandler
                0x0000000008000ac8                BDMA_Channel7_IRQHandler
                0x0000000008000ac8                LPTIM5_IRQHandler
                0x0000000008000ac8                UART5_IRQHandler
                0x0000000008000ac8                ADC3_IRQHandler
                0x0000000008000ac8                DMA2_Stream0_IRQHandler
                0x0000000008000ac8                TIM4_IRQHandler
                0x0000000008000ac8                BDMA_Channel2_IRQHandler
                0x0000000008000ac8                QUADSPI_IRQHandler
                0x0000000008000ac8                I2C1_EV_IRQHandler
                0x0000000008000ac8                DMA1_Stream6_IRQHandler
                0x0000000008000ac8                DMAMUX1_OVR_IRQHandler
                0x0000000008000ac8                DMA1_Stream1_IRQHandler
                0x0000000008000ac8                TIM16_IRQHandler
                0x0000000008000ac8                UART4_IRQHandler
                0x0000000008000ac8                BDMA_Channel5_IRQHandler
                0x0000000008000ac8                TIM3_IRQHandler
                0x0000000008000ac8                RCC_IRQHandler
                0x0000000008000ac8                TIM8_BRK_TIM12_IRQHandler
                0x0000000008000ac8                TIM1_TRG_COM_IRQHandler
                0x0000000008000ac8                Default_Handler
                0x0000000008000ac8                ECC_IRQHandler
                0x0000000008000ac8                CEC_IRQHandler
                0x0000000008000ac8                EXTI15_10_IRQHandler
                0x0000000008000ac8                BDMA_Channel0_IRQHandler
                0x0000000008000ac8                ADC_IRQHandler
                0x0000000008000ac8                DMA1_Stream7_IRQHandler
                0x0000000008000ac8                HRTIM1_TIMA_IRQHandler
                0x0000000008000ac8                SPI5_IRQHandler
                0x0000000008000ac8                TIM7_IRQHandler
                0x0000000008000ac8                SDMMC1_IRQHandler
                0x0000000008000ac8                TIM5_IRQHandler
                0x0000000008000ac8                DMA2_Stream7_IRQHandler
                0x0000000008000ac8                TIM15_IRQHandler
                0x0000000008000ac8                PVD_AVD_IRQHandler
                0x0000000008000ac8                I2C3_EV_IRQHandler
                0x0000000008000ac8                EXTI9_5_IRQHandler
                0x0000000008000ac8                RTC_WKUP_IRQHandler
                0x0000000008000ac8                LTDC_IRQHandler
                0x0000000008000ac8                SAI3_IRQHandler
                0x0000000008000ac8                ETH_WKUP_IRQHandler
                0x0000000008000ac8                SPDIF_RX_IRQHandler
                0x0000000008000ac8                SPI2_IRQHandler
                0x0000000008000ac8                OTG_HS_EP1_IN_IRQHandler
                0x0000000008000ac8                DMA1_Stream0_IRQHandler
                0x0000000008000ac8                CRS_IRQHandler
                0x0000000008000ac8                CM7_SEV_IRQHandler
                0x0000000008000ac8                EXTI4_IRQHandler
                0x0000000008000ac8                RNG_IRQHandler
                0x0000000008000ac8                CM4_SEV_IRQHandler
                0x0000000008000ac8                HRTIM1_TIMB_IRQHandler
                0x0000000008000ac8                FDCAN2_IT1_IRQHandler
                0x0000000008000ac8                ETH_IRQHandler
                0x0000000008000ac8                TIM1_UP_IRQHandler
                0x0000000008000ac8                WWDG_RST_IRQHandler
                0x0000000008000ac8                BDMA_Channel4_IRQHandler
                0x0000000008000ac8                OTG_HS_EP1_OUT_IRQHandler
                0x0000000008000ac8                WWDG_IRQHandler
                0x0000000008000ac8                SPI6_IRQHandler
                0x0000000008000ac8                MDIOS_IRQHandler
                0x0000000008000ac8                I2C4_EV_IRQHandler
                0x0000000008000ac8                FDCAN2_IT0_IRQHandler
                0x0000000008000ac8                LPUART1_IRQHandler
                0x0000000008000ac8                FDCAN1_IT0_IRQHandler
                0x0000000008000ac8                TIM2_IRQHandler
                0x0000000008000ac8                OTG_FS_WKUP_IRQHandler
                0x0000000008000ac8                OTG_HS_IRQHandler
                0x0000000008000ac8                HSEM2_IRQHandler
                0x0000000008000ac8                DMA2D_IRQHandler
                0x0000000008000ac8                TIM1_BRK_IRQHandler
                0x0000000008000ac8                EXTI1_IRQHandler
                0x0000000008000ac8                SDMMC2_IRQHandler
                0x0000000008000ac8                OTG_FS_EP1_OUT_IRQHandler
                0x0000000008000ac8                BDMA_Channel3_IRQHandler
                0x0000000008000ac8                HOLD_CORE_IRQHandler
                0x0000000008000ac8                UART7_IRQHandler
                0x0000000008000ac8                MDIOS_WKUP_IRQHandler
                0x0000000008000ac8                USART2_IRQHandler
                0x0000000008000ac8                DFSDM1_FLT0_IRQHandler
                0x0000000008000ac8                SAI4_IRQHandler
                0x0000000008000ac8                I2C2_ER_IRQHandler
                0x0000000008000ac8                DMA2_Stream1_IRQHandler
                0x0000000008000ac8                FLASH_IRQHandler
                0x0000000008000ac8                DMA2_Stream4_IRQHandler
                0x0000000008000ac8                USART1_IRQHandler
                0x0000000008000ac8                OTG_FS_IRQHandler
                0x0000000008000ac8                SPI3_IRQHandler
                0x0000000008000ac8                WAKEUP_PIN_IRQHandler
                0x0000000008000ac8                DMA1_Stream4_IRQHandler
                0x0000000008000ac8                OTG_FS_EP1_IN_IRQHandler
                0x0000000008000ac8                I2C1_ER_IRQHandler
                0x0000000008000ac8                FMC_IRQHandler
                0x0000000008000ac8                FDCAN_CAL_IRQHandler
                0x0000000008000ac8                SWPMI1_IRQHandler
                0x0000000008000ac8                COMP1_IRQHandler
                0x0000000008000ac8                LPTIM1_IRQHandler
                0x0000000008000ac8                I2C4_ER_IRQHandler
                0x0000000008000ac8                DMA2_Stream6_IRQHandler
                0x0000000008000ac8                SAI1_IRQHandler
                0x0000000008000ac8                DMA1_Stream3_IRQHandler
 *fill*         0x0000000008000aca        0x2 
 .text.BSP_LED_Init
                0x0000000008000acc       0xbc ./Drivers/BSP/STM32H745I_Discovery/stm32h745i_discovery.o
                0x0000000008000acc                BSP_LED_Init
 .text.BSP_LED_On
                0x0000000008000b88       0x3c ./Drivers/BSP/STM32H745I_Discovery/stm32h745i_discovery.o
                0x0000000008000b88                BSP_LED_On
 .text.BSP_LED_Off
                0x0000000008000bc4       0x3c ./Drivers/BSP/STM32H745I_Discovery/stm32h745i_discovery.o
                0x0000000008000bc4                BSP_LED_Off
 .text.BSP_LED_Toggle
                0x0000000008000c00       0x3c ./Drivers/BSP/STM32H745I_Discovery/stm32h745i_discovery.o
                0x0000000008000c00                BSP_LED_Toggle
 .text.SystemInit
                0x0000000008000c3c       0xec ./Drivers/CMSIS/system_stm32h7xx.o
                0x0000000008000c3c                SystemInit
 .text.HAL_Init
                0x0000000008000d28       0x78 ./Drivers/STM32H7xx_HAL_Driver/stm32h7xx_hal.o
                0x0000000008000d28                HAL_Init
 .text.HAL_MspInit
                0x0000000008000da0        0xe ./Drivers/STM32H7xx_HAL_Driver/stm32h7xx_hal.o
                0x0000000008000da0                HAL_MspInit
 *fill*         0x0000000008000dae        0x2 
 .text.HAL_IncTick
                0x0000000008000db0       0x28 ./Drivers/STM32H7xx_HAL_Driver/stm32h7xx_hal.o
                0x0000000008000db0                HAL_IncTick
 .text.HAL_GetTick
                0x0000000008000dd8       0x18 ./Drivers/STM32H7xx_HAL_Driver/stm32h7xx_hal.o
                0x0000000008000dd8                HAL_GetTick
 .text.HAL_GetREVID
                0x0000000008000df0       0x18 ./Drivers/STM32H7xx_HAL_Driver/stm32h7xx_hal.o
                0x0000000008000df0                HAL_GetREVID
 .text.HAL_EXTI_EdgeConfig
                0x0000000008000e08       0xd0 ./Drivers/STM32H7xx_HAL_Driver/stm32h7xx_hal.o
                0x0000000008000e08                HAL_EXTI_EdgeConfig
 .text.HAL_EXTI_GenerateSWInterrupt
                0x0000000008000ed8       0x40 ./Drivers/STM32H7xx_HAL_Driver/stm32h7xx_hal.o
                0x0000000008000ed8                HAL_EXTI_GenerateSWInterrupt
 .text.HAL_EXTI_D1_EventInputConfig
                0x0000000008000f18       0xec ./Drivers/STM32H7xx_HAL_Driver/stm32h7xx_hal.o
                0x0000000008000f18                HAL_EXTI_D1_EventInputConfig
 .text.HAL_EXTI_D2_EventInputConfig
                0x0000000008001004       0xec ./Drivers/STM32H7xx_HAL_Driver/stm32h7xx_hal.o
                0x0000000008001004                HAL_EXTI_D2_EventInputConfig
 .text.__NVIC_SetPriorityGrouping
                0x00000000080010f0       0x48 ./Drivers/STM32H7xx_HAL_Driver/stm32h7xx_hal_cortex.o
 .text.__NVIC_GetPriorityGrouping
                0x0000000008001138       0x1c ./Drivers/STM32H7xx_HAL_Driver/stm32h7xx_hal_cortex.o
 .text.__NVIC_EnableIRQ
                0x0000000008001154       0x3c ./Drivers/STM32H7xx_HAL_Driver/stm32h7xx_hal_cortex.o
 .text.__NVIC_SetPriority
                0x0000000008001190       0x54 ./Drivers/STM32H7xx_HAL_Driver/stm32h7xx_hal_cortex.o
 .text.NVIC_EncodePriority
                0x00000000080011e4       0x66 ./Drivers/STM32H7xx_HAL_Driver/stm32h7xx_hal_cortex.o
 .text.HAL_NVIC_SetPriorityGrouping
                0x000000000800124a       0x16 ./Drivers/STM32H7xx_HAL_Driver/stm32h7xx_hal_cortex.o
                0x000000000800124a                HAL_NVIC_SetPriorityGrouping
 .text.HAL_NVIC_SetPriority
                0x0000000008001260       0x34 ./Drivers/STM32H7xx_HAL_Driver/stm32h7xx_hal_cortex.o
                0x0000000008001260                HAL_NVIC_SetPriority
 .text.HAL_NVIC_EnableIRQ
                0x0000000008001294       0x1c ./Drivers/STM32H7xx_HAL_Driver/stm32h7xx_hal_cortex.o
                0x0000000008001294                HAL_NVIC_EnableIRQ
 .text.HAL_MPU_Disable
                0x00000000080012b0       0x30 ./Drivers/STM32H7xx_HAL_Driver/stm32h7xx_hal_cortex.o
                0x00000000080012b0                HAL_MPU_Disable
 .text.HAL_MPU_Enable
                0x00000000080012e0       0x40 ./Drivers/STM32H7xx_HAL_Driver/stm32h7xx_hal_cortex.o
                0x00000000080012e0                HAL_MPU_Enable
 .text.HAL_MPU_ConfigRegion
                0x0000000008001320       0x88 ./Drivers/STM32H7xx_HAL_Driver/stm32h7xx_hal_cortex.o
                0x0000000008001320                HAL_MPU_ConfigRegion
 .text.HAL_GPIO_Init
                0x00000000080013a8      0x360 ./Drivers/STM32H7xx_HAL_Driver/stm32h7xx_hal_gpio.o
                0x00000000080013a8                HAL_GPIO_Init
 .text.HAL_GPIO_WritePin
                0x0000000008001708       0x32 ./Drivers/STM32H7xx_HAL_Driver/stm32h7xx_hal_gpio.o
                0x0000000008001708                HAL_GPIO_WritePin
 .text.HAL_GPIO_TogglePin
                0x000000000800173a       0x34 ./Drivers/STM32H7xx_HAL_Driver/stm32h7xx_hal_gpio.o
                0x000000000800173a                HAL_GPIO_TogglePin
 *fill*         0x000000000800176e        0x2 
 .text.HAL_HSEM_FastTake
                0x0000000008001770       0x34 ./Drivers/STM32H7xx_HAL_Driver/stm32h7xx_hal_hsem.o
                0x0000000008001770                HAL_HSEM_FastTake
 .text.HAL_HSEM_Release
                0x00000000080017a4       0x28 ./Drivers/STM32H7xx_HAL_Driver/stm32h7xx_hal_hsem.o
                0x00000000080017a4                HAL_HSEM_Release
 .text.HAL_PWREx_ConfigSupply
                0x00000000080017cc       0xb4 ./Drivers/STM32H7xx_HAL_Driver/stm32h7xx_hal_pwr_ex.o
                0x00000000080017cc                HAL_PWREx_ConfigSupply
 .text.HAL_RCC_OscConfig
                0x0000000008001880      0x8b4 ./Drivers/STM32H7xx_HAL_Driver/stm32h7xx_hal_rcc.o
                0x0000000008001880                HAL_RCC_OscConfig
 .text.HAL_RCC_ClockConfig
                0x0000000008002134      0x36c ./Drivers/STM32H7xx_HAL_Driver/stm32h7xx_hal_rcc.o
                0x0000000008002134                HAL_RCC_ClockConfig
 .text.HAL_RCC_GetSysClockFreq
                0x00000000080024a0      0x2f4 ./Drivers/STM32H7xx_HAL_Driver/stm32h7xx_hal_rcc.o
                0x00000000080024a0                HAL_RCC_GetSysClockFreq
 .text.HAL_RCC_GetHCLKFreq
                0x0000000008002794       0x60 ./Drivers/STM32H7xx_HAL_Driver/stm32h7xx_hal_rcc.o
                0x0000000008002794                HAL_RCC_GetHCLKFreq
 .text.HAL_RCC_GetPCLK1Freq
                0x00000000080027f4       0x2c ./Drivers/STM32H7xx_HAL_Driver/stm32h7xx_hal_rcc.o
                0x00000000080027f4                HAL_RCC_GetPCLK1Freq
 .text.HAL_RCC_GetClockConfig
                0x0000000008002820       0x84 ./Drivers/STM32H7xx_HAL_Driver/stm32h7xx_hal_rcc.o
                0x0000000008002820                HAL_RCC_GetClockConfig
 .text.HAL_TIM_Base_Init
                0x00000000080028a4       0xae ./Drivers/STM32H7xx_HAL_Driver/stm32h7xx_hal_tim.o
                0x00000000080028a4                HAL_TIM_Base_Init
 .text.HAL_TIM_Base_MspInit
                0x0000000008002952       0x14 ./Drivers/STM32H7xx_HAL_Driver/stm32h7xx_hal_tim.o
                0x0000000008002952                HAL_TIM_Base_MspInit
 *fill*         0x0000000008002966        0x2 
 .text.HAL_TIM_Base_Start_IT
                0x0000000008002968       0xf0 ./Drivers/STM32H7xx_HAL_Driver/stm32h7xx_hal_tim.o
                0x0000000008002968                HAL_TIM_Base_Start_IT
 .text.HAL_TIM_IRQHandler
                0x0000000008002a58      0x23e ./Drivers/STM32H7xx_HAL_Driver/stm32h7xx_hal_tim.o
                0x0000000008002a58                HAL_TIM_IRQHandler
 .text.HAL_TIM_OC_DelayElapsedCallback
                0x0000000008002c96       0x14 ./Drivers/STM32H7xx_HAL_Driver/stm32h7xx_hal_tim.o
                0x0000000008002c96                HAL_TIM_OC_DelayElapsedCallback
 .text.HAL_TIM_IC_CaptureCallback
                0x0000000008002caa       0x14 ./Drivers/STM32H7xx_HAL_Driver/stm32h7xx_hal_tim.o
                0x0000000008002caa                HAL_TIM_IC_CaptureCallback
 .text.HAL_TIM_PWM_PulseFinishedCallback
                0x0000000008002cbe       0x14 ./Drivers/STM32H7xx_HAL_Driver/stm32h7xx_hal_tim.o
                0x0000000008002cbe                HAL_TIM_PWM_PulseFinishedCallback
 .text.HAL_TIM_TriggerCallback
                0x0000000008002cd2       0x14 ./Drivers/STM32H7xx_HAL_Driver/stm32h7xx_hal_tim.o
                0x0000000008002cd2                HAL_TIM_TriggerCallback
 *fill*         0x0000000008002ce6        0x2 
 .text.TIM_Base_SetConfig
                0x0000000008002ce8      0x134 ./Drivers/STM32H7xx_HAL_Driver/stm32h7xx_hal_tim.o
                0x0000000008002ce8                TIM_Base_SetConfig
 .text.HAL_TIMEx_CommutCallback
                0x0000000008002e1c       0x14 ./Drivers/STM32H7xx_HAL_Driver/stm32h7xx_hal_tim_ex.o
                0x0000000008002e1c                HAL_TIMEx_CommutCallback
 .text.HAL_TIMEx_BreakCallback
                0x0000000008002e30       0x14 ./Drivers/STM32H7xx_HAL_Driver/stm32h7xx_hal_tim_ex.o
                0x0000000008002e30                HAL_TIMEx_BreakCallback
 .text.HAL_TIMEx_Break2Callback
                0x0000000008002e44       0x14 ./Drivers/STM32H7xx_HAL_Driver/stm32h7xx_hal_tim_ex.o
                0x0000000008002e44                HAL_TIMEx_Break2Callback
 .text.vListInitialise
                0x0000000008002e58       0x40 ./Middlewares/FreeRTOS/list.o
                0x0000000008002e58                vListInitialise
 .text.vListInitialiseItem
                0x0000000008002e98       0x1a ./Middlewares/FreeRTOS/list.o
                0x0000000008002e98                vListInitialiseItem
 .text.vListInsertEnd
                0x0000000008002eb2       0x48 ./Middlewares/FreeRTOS/list.o
                0x0000000008002eb2                vListInsertEnd
 .text.vListInsert
                0x0000000008002efa       0x72 ./Middlewares/FreeRTOS/list.o
                0x0000000008002efa                vListInsert
 .text.uxListRemove
                0x0000000008002f6c       0x54 ./Middlewares/FreeRTOS/list.o
                0x0000000008002f6c                uxListRemove
 .text.xStreamBufferGenericCreateStatic
                0x0000000008002fc0      0x102 ./Middlewares/FreeRTOS/stream_buffer.o
                0x0000000008002fc0                xStreamBufferGenericCreateStatic
 .text.xStreamBufferSpacesAvailable
                0x00000000080030c2       0x66 ./Middlewares/FreeRTOS/stream_buffer.o
                0x00000000080030c2                xStreamBufferSpacesAvailable
 .text.xStreamBufferSend
                0x0000000008003128      0x14c ./Middlewares/FreeRTOS/stream_buffer.o
                0x0000000008003128                xStreamBufferSend
 .text.prvWriteMessageToBuffer
                0x0000000008003274       0x7a ./Middlewares/FreeRTOS/stream_buffer.o
 .text.prvWriteBytesToBuffer
                0x00000000080032ee       0xe4 ./Middlewares/FreeRTOS/stream_buffer.o
 .text.prvBytesInBuffer
                0x00000000080033d2       0x40 ./Middlewares/FreeRTOS/stream_buffer.o
 .text.prvInitialiseNewStreamBuffer
                0x0000000008003412       0x66 ./Middlewares/FreeRTOS/stream_buffer.o
 .text.xTaskCreateStatic
                0x0000000008003478       0xba ./Middlewares/FreeRTOS/tasks.o
                0x0000000008003478                xTaskCreateStatic
 .text.xTaskCreate
                0x0000000008003532       0x8a ./Middlewares/FreeRTOS/tasks.o
                0x0000000008003532                xTaskCreate
 .text.prvInitialiseNewTask
                0x00000000080035bc      0x11e ./Middlewares/FreeRTOS/tasks.o
 *fill*         0x00000000080036da        0x2 
 .text.prvAddNewTaskToReadyList
                0x00000000080036dc       0xdc ./Middlewares/FreeRTOS/tasks.o
 .text.vTaskDelayUntil
                0x00000000080037b8       0xfc ./Middlewares/FreeRTOS/tasks.o
                0x00000000080037b8                vTaskDelayUntil
 .text.vTaskDelay
                0x00000000080038b4       0x68 ./Middlewares/FreeRTOS/tasks.o
                0x00000000080038b4                vTaskDelay
 .text.vTaskStartScheduler
                0x000000000800391c       0xc0 ./Middlewares/FreeRTOS/tasks.o
                0x000000000800391c                vTaskStartScheduler
 .text.vTaskSuspendAll
                0x00000000080039dc       0x1c ./Middlewares/FreeRTOS/tasks.o
                0x00000000080039dc                vTaskSuspendAll
 .text.xTaskResumeAll
                0x00000000080039f8      0x138 ./Middlewares/FreeRTOS/tasks.o
                0x00000000080039f8                xTaskResumeAll
 .text.xTaskGetTickCount
                0x0000000008003b30       0x20 ./Middlewares/FreeRTOS/tasks.o
                0x0000000008003b30                xTaskGetTickCount
 .text.xTaskIncrementTick
                0x0000000008003b50      0x170 ./Middlewares/FreeRTOS/tasks.o
                0x0000000008003b50                xTaskIncrementTick
 .text.vTaskSwitchContext
                0x0000000008003cc0       0xb8 ./Middlewares/FreeRTOS/tasks.o
                0x0000000008003cc0                vTaskSwitchContext
 .text.vTaskSetTimeOutState
                0x0000000008003d78       0x4c ./Middlewares/FreeRTOS/tasks.o
                0x0000000008003d78                vTaskSetTimeOutState
 .text.vTaskInternalSetTimeOutState
                0x0000000008003dc4       0x2c ./Middlewares/FreeRTOS/tasks.o
                0x0000000008003dc4                vTaskInternalSetTimeOutState
 .text.xTaskCheckForTimeOut
                0x0000000008003df0       0xc4 ./Middlewares/FreeRTOS/tasks.o
                0x0000000008003df0                xTaskCheckForTimeOut
 .text.prvIdleTask
                0x0000000008003eb4       0x30 ./Middlewares/FreeRTOS/tasks.o
 .text.prvInitialiseTaskLists
                0x0000000008003ee4       0x80 ./Middlewares/FreeRTOS/tasks.o
 .text.prvCheckTasksWaitingTermination
                0x0000000008003f64       0x5c ./Middlewares/FreeRTOS/tasks.o
 .text.prvDeleteTCB
                0x0000000008003fc0       0x5e ./Middlewares/FreeRTOS/tasks.o
 *fill*         0x000000000800401e        0x2 
 .text.prvResetNextTaskUnblockTime
                0x0000000008004020       0x40 ./Middlewares/FreeRTOS/tasks.o
 .text.xTaskGetCurrentTaskHandle
                0x0000000008004060       0x20 ./Middlewares/FreeRTOS/tasks.o
                0x0000000008004060                xTaskGetCurrentTaskHandle
 .text.xTaskNotifyWait
                0x0000000008004080       0xb4 ./Middlewares/FreeRTOS/tasks.o
                0x0000000008004080                xTaskNotifyWait
 .text.xTaskNotifyStateClear
                0x0000000008004134       0x4c ./Middlewares/FreeRTOS/tasks.o
                0x0000000008004134                xTaskNotifyStateClear
 .text.prvAddCurrentTaskToDelayedList
                0x0000000008004180       0xcc ./Middlewares/FreeRTOS/tasks.o
 .text.pvPortMalloc
                0x000000000800424c      0x198 ./Middlewares/FreeRTOS/portable/heap_4.o
                0x000000000800424c                pvPortMalloc
 .text.vPortFree
                0x00000000080043e4       0xc4 ./Middlewares/FreeRTOS/portable/heap_4.o
                0x00000000080043e4                vPortFree
 .text.prvHeapInit
                0x00000000080044a8       0xc4 ./Middlewares/FreeRTOS/portable/heap_4.o
 .text.prvInsertBlockIntoFreeList
                0x000000000800456c       0xb4 ./Middlewares/FreeRTOS/portable/heap_4.o
 .text.pxPortInitialiseStack
                0x0000000008004620       0x68 ./Middlewares/FreeRTOS/portable/port.o
                0x0000000008004620                pxPortInitialiseStack
 .text.prvTaskExitError
                0x0000000008004688       0x58 ./Middlewares/FreeRTOS/portable/port.o
 .text.SVC_Handler
                0x00000000080046e0       0x28 ./Middlewares/FreeRTOS/portable/port.o
                0x00000000080046e0                SVC_Handler
 .text.prvPortStartFirstTask
                0x0000000008004708       0x28 ./Middlewares/FreeRTOS/portable/port.o
 .text.xPortStartScheduler
                0x0000000008004730      0x144 ./Middlewares/FreeRTOS/portable/port.o
                0x0000000008004730                xPortStartScheduler
 .text.vPortEnterCritical
                0x0000000008004874       0x60 ./Middlewares/FreeRTOS/portable/port.o
                0x0000000008004874                vPortEnterCritical
 .text.vPortExitCritical
                0x00000000080048d4       0x54 ./Middlewares/FreeRTOS/portable/port.o
                0x00000000080048d4                vPortExitCritical
 *fill*         0x0000000008004928        0x8 
 .text.PendSV_Handler
                0x0000000008004930       0x68 ./Middlewares/FreeRTOS/portable/port.o
                0x0000000008004930                PendSV_Handler
 .text.SysTick_Handler
                0x0000000008004998       0x44 ./Middlewares/FreeRTOS/portable/port.o
                0x0000000008004998                SysTick_Handler
 .text.vPortSetupTimerInterrupt
                0x00000000080049dc       0x48 ./Middlewares/FreeRTOS/portable/port.o
                0x00000000080049dc                vPortSetupTimerInterrupt
 .text.vPortEnableVFP
                0x0000000008004a24       0x14 ./Middlewares/FreeRTOS/portable/port.o
 .text.sprintf  0x0000000008004a38       0x40 C:/ST/STM32CubeIDE_1.14.0/STM32CubeIDE/plugins/com.st.stm32cube.ide.mcu.externaltools.gnu-tools-for-stm32.11.3.rel1.win32_1.1.100.202309141235/tools/bin/../lib/gcc/arm-none-eabi/11.3.1/../../../../arm-none-eabi/lib/thumb/v7e-m+dp/hard\libc_nano.a(libc_a-sprintf.o)
                0x0000000008004a38                siprintf
                0x0000000008004a38                sprintf
 .text.memset   0x0000000008004a78       0x10 C:/ST/STM32CubeIDE_1.14.0/STM32CubeIDE/plugins/com.st.stm32cube.ide.mcu.externaltools.gnu-tools-for-stm32.11.3.rel1.win32_1.1.100.202309141235/tools/bin/../lib/gcc/arm-none-eabi/11.3.1/../../../../arm-none-eabi/lib/thumb/v7e-m+dp/hard\libc_nano.a(libc_a-memset.o)
                0x0000000008004a78                memset
 .text.__errno  0x0000000008004a88        0xc C:/ST/STM32CubeIDE_1.14.0/STM32CubeIDE/plugins/com.st.stm32cube.ide.mcu.externaltools.gnu-tools-for-stm32.11.3.rel1.win32_1.1.100.202309141235/tools/bin/../lib/gcc/arm-none-eabi/11.3.1/../../../../arm-none-eabi/lib/thumb/v7e-m+dp/hard\libc_nano.a(libc_a-errno.o)
                0x0000000008004a88                __errno
 .text.__libc_init_array
                0x0000000008004a94       0x48 C:/ST/STM32CubeIDE_1.14.0/STM32CubeIDE/plugins/com.st.stm32cube.ide.mcu.externaltools.gnu-tools-for-stm32.11.3.rel1.win32_1.1.100.202309141235/tools/bin/../lib/gcc/arm-none-eabi/11.3.1/../../../../arm-none-eabi/lib/thumb/v7e-m+dp/hard\libc_nano.a(libc_a-init.o)
                0x0000000008004a94                __libc_init_array
 .text.__retarget_lock_acquire_recursive
                0x0000000008004adc        0x2 C:/ST/STM32CubeIDE_1.14.0/STM32CubeIDE/plugins/com.st.stm32cube.ide.mcu.externaltools.gnu-tools-for-stm32.11.3.rel1.win32_1.1.100.202309141235/tools/bin/../lib/gcc/arm-none-eabi/11.3.1/../../../../arm-none-eabi/lib/thumb/v7e-m+dp/hard\libc_nano.a(libc_a-lock.o)
                0x0000000008004adc                __retarget_lock_acquire_recursive
 .text.__retarget_lock_release_recursive
                0x0000000008004ade        0x2 C:/ST/STM32CubeIDE_1.14.0/STM32CubeIDE/plugins/com.st.stm32cube.ide.mcu.externaltools.gnu-tools-for-stm32.11.3.rel1.win32_1.1.100.202309141235/tools/bin/../lib/gcc/arm-none-eabi/11.3.1/../../../../arm-none-eabi/lib/thumb/v7e-m+dp/hard\libc_nano.a(libc_a-lock.o)
                0x0000000008004ade                __retarget_lock_release_recursive
 .text.memcpy   0x0000000008004ae0       0x1c C:/ST/STM32CubeIDE_1.14.0/STM32CubeIDE/plugins/com.st.stm32cube.ide.mcu.externaltools.gnu-tools-for-stm32.11.3.rel1.win32_1.1.100.202309141235/tools/bin/../lib/gcc/arm-none-eabi/11.3.1/../../../../arm-none-eabi/lib/thumb/v7e-m+dp/hard\libc_nano.a(libc_a-memcpy-stub.o)
                0x0000000008004ae0                memcpy
 .text._free_r  0x0000000008004afc       0x98 C:/ST/STM32CubeIDE_1.14.0/STM32CubeIDE/plugins/com.st.stm32cube.ide.mcu.externaltools.gnu-tools-for-stm32.11.3.rel1.win32_1.1.100.202309141235/tools/bin/../lib/gcc/arm-none-eabi/11.3.1/../../../../arm-none-eabi/lib/thumb/v7e-m+dp/hard\libc_nano.a(libc_a-freer.o)
                0x0000000008004afc                _free_r
 .text.sbrk_aligned
                0x0000000008004b94       0x40 C:/ST/STM32CubeIDE_1.14.0/STM32CubeIDE/plugins/com.st.stm32cube.ide.mcu.externaltools.gnu-tools-for-stm32.11.3.rel1.win32_1.1.100.202309141235/tools/bin/../lib/gcc/arm-none-eabi/11.3.1/../../../../arm-none-eabi/lib/thumb/v7e-m+dp/hard\libc_nano.a(libc_a-mallocr.o)
 .text._malloc_r
                0x0000000008004bd4      0x100 C:/ST/STM32CubeIDE_1.14.0/STM32CubeIDE/plugins/com.st.stm32cube.ide.mcu.externaltools.gnu-tools-for-stm32.11.3.rel1.win32_1.1.100.202309141235/tools/bin/../lib/gcc/arm-none-eabi/11.3.1/../../../../arm-none-eabi/lib/thumb/v7e-m+dp/hard\libc_nano.a(libc_a-mallocr.o)
                0x0000000008004bd4                _malloc_r
 .text.__malloc_lock
                0x0000000008004cd4        0xc C:/ST/STM32CubeIDE_1.14.0/STM32CubeIDE/plugins/com.st.stm32cube.ide.mcu.externaltools.gnu-tools-for-stm32.11.3.rel1.win32_1.1.100.202309141235/tools/bin/../lib/gcc/arm-none-eabi/11.3.1/../../../../arm-none-eabi/lib/thumb/v7e-m+dp/hard\libc_nano.a(libc_a-mlock.o)
                0x0000000008004cd4                __malloc_lock
 .text.__malloc_unlock
                0x0000000008004ce0        0xc C:/ST/STM32CubeIDE_1.14.0/STM32CubeIDE/plugins/com.st.stm32cube.ide.mcu.externaltools.gnu-tools-for-stm32.11.3.rel1.win32_1.1.100.202309141235/tools/bin/../lib/gcc/arm-none-eabi/11.3.1/../../../../arm-none-eabi/lib/thumb/v7e-m+dp/hard\libc_nano.a(libc_a-mlock.o)
                0x0000000008004ce0                __malloc_unlock
 .text.__ssputs_r
                0x0000000008004cec       0xb4 C:/ST/STM32CubeIDE_1.14.0/STM32CubeIDE/plugins/com.st.stm32cube.ide.mcu.externaltools.gnu-tools-for-stm32.11.3.rel1.win32_1.1.100.202309141235/tools/bin/../lib/gcc/arm-none-eabi/11.3.1/../../../../arm-none-eabi/lib/thumb/v7e-m+dp/hard\libc_nano.a(libc_a-nano-svfprintf.o)
                0x0000000008004cec                __ssputs_r
 .text._svfprintf_r
                0x0000000008004da0      0x1fc C:/ST/STM32CubeIDE_1.14.0/STM32CubeIDE/plugins/com.st.stm32cube.ide.mcu.externaltools.gnu-tools-for-stm32.11.3.rel1.win32_1.1.100.202309141235/tools/bin/../lib/gcc/arm-none-eabi/11.3.1/../../../../arm-none-eabi/lib/thumb/v7e-m+dp/hard\libc_nano.a(libc_a-nano-svfprintf.o)
                0x0000000008004da0                _svfiprintf_r
                0x0000000008004da0                _svfprintf_r
 .text._printf_common
                0x0000000008004f9c       0xda C:/ST/STM32CubeIDE_1.14.0/STM32CubeIDE/plugins/com.st.stm32cube.ide.mcu.externaltools.gnu-tools-for-stm32.11.3.rel1.win32_1.1.100.202309141235/tools/bin/../lib/gcc/arm-none-eabi/11.3.1/../../../../arm-none-eabi/lib/thumb/v7e-m+dp/hard\libc_nano.a(libc_a-nano-vfprintf_i.o)
                0x0000000008004f9c                _printf_common
 *fill*         0x0000000008005076        0x2 
 .text._printf_i
                0x0000000008005078      0x244 C:/ST/STM32CubeIDE_1.14.0/STM32CubeIDE/plugins/com.st.stm32cube.ide.mcu.externaltools.gnu-tools-for-stm32.11.3.rel1.win32_1.1.100.202309141235/tools/bin/../lib/gcc/arm-none-eabi/11.3.1/../../../../arm-none-eabi/lib/thumb/v7e-m+dp/hard\libc_nano.a(libc_a-nano-vfprintf_i.o)
                0x0000000008005078                _printf_i
 .text.memmove  0x00000000080052bc       0x34 C:/ST/STM32CubeIDE_1.14.0/STM32CubeIDE/plugins/com.st.stm32cube.ide.mcu.externaltools.gnu-tools-for-stm32.11.3.rel1.win32_1.1.100.202309141235/tools/bin/../lib/gcc/arm-none-eabi/11.3.1/../../../../arm-none-eabi/lib/thumb/v7e-m+dp/hard\libc_nano.a(libc_a-memmove.o)
                0x00000000080052bc                memmove
 .text._sbrk_r  0x00000000080052f0       0x20 C:/ST/STM32CubeIDE_1.14.0/STM32CubeIDE/plugins/com.st.stm32cube.ide.mcu.externaltools.gnu-tools-for-stm32.11.3.rel1.win32_1.1.100.202309141235/tools/bin/../lib/gcc/arm-none-eabi/11.3.1/../../../../arm-none-eabi/lib/thumb/v7e-m+dp/hard\libc_nano.a(libc_a-sbrkr.o)
                0x00000000080052f0                _sbrk_r
 .text._realloc_r
                0x0000000008005310       0x5e C:/ST/STM32CubeIDE_1.14.0/STM32CubeIDE/plugins/com.st.stm32cube.ide.mcu.externaltools.gnu-tools-for-stm32.11.3.rel1.win32_1.1.100.202309141235/tools/bin/../lib/gcc/arm-none-eabi/11.3.1/../../../../arm-none-eabi/lib/thumb/v7e-m+dp/hard\libc_nano.a(libc_a-reallocr.o)
                0x0000000008005310                _realloc_r
 .text._malloc_usable_size_r
                0x000000000800536e       0x10 C:/ST/STM32CubeIDE_1.14.0/STM32CubeIDE/plugins/com.st.stm32cube.ide.mcu.externaltools.gnu-tools-for-stm32.11.3.rel1.win32_1.1.100.202309141235/tools/bin/../lib/gcc/arm-none-eabi/11.3.1/../../../../arm-none-eabi/lib/thumb/v7e-m+dp/hard\libc_nano.a(libc_a-msizer.o)
                0x000000000800536e                _malloc_usable_size_r
 *(.glue_7)
 .glue_7        0x000000000800537e        0x0 linker stubs
 *(.glue_7t)
 .glue_7t       0x000000000800537e        0x0 linker stubs
 *(.eh_frame)
 *fill*         0x000000000800537e        0x2 
 .eh_frame      0x0000000008005380        0x0 C:/ST/STM32CubeIDE_1.14.0/STM32CubeIDE/plugins/com.st.stm32cube.ide.mcu.externaltools.gnu-tools-for-stm32.11.3.rel1.win32_1.1.100.202309141235/tools/bin/../lib/gcc/arm-none-eabi/11.3.1/thumb/v7e-m+dp/hard/crtbegin.o
 *(.init)
 .init          0x0000000008005380        0x4 C:/ST/STM32CubeIDE_1.14.0/STM32CubeIDE/plugins/com.st.stm32cube.ide.mcu.externaltools.gnu-tools-for-stm32.11.3.rel1.win32_1.1.100.202309141235/tools/bin/../lib/gcc/arm-none-eabi/11.3.1/thumb/v7e-m+dp/hard/crti.o
                0x0000000008005380                _init
 .init          0x0000000008005384        0x8 C:/ST/STM32CubeIDE_1.14.0/STM32CubeIDE/plugins/com.st.stm32cube.ide.mcu.externaltools.gnu-tools-for-stm32.11.3.rel1.win32_1.1.100.202309141235/tools/bin/../lib/gcc/arm-none-eabi/11.3.1/thumb/v7e-m+dp/hard/crtn.o
 *(.fini)
 .fini          0x000000000800538c        0x4 C:/ST/STM32CubeIDE_1.14.0/STM32CubeIDE/plugins/com.st.stm32cube.ide.mcu.externaltools.gnu-tools-for-stm32.11.3.rel1.win32_1.1.100.202309141235/tools/bin/../lib/gcc/arm-none-eabi/11.3.1/thumb/v7e-m+dp/hard/crti.o
                0x000000000800538c                _fini
 .fini          0x0000000008005390        0x8 C:/ST/STM32CubeIDE_1.14.0/STM32CubeIDE/plugins/com.st.stm32cube.ide.mcu.externaltools.gnu-tools-for-stm32.11.3.rel1.win32_1.1.100.202309141235/tools/bin/../lib/gcc/arm-none-eabi/11.3.1/thumb/v7e-m+dp/hard/crtn.o
                0x0000000008005398                . = ALIGN (0x4)
                0x0000000008005398                _etext = .

.vfp11_veneer   0x0000000008005398        0x0
 .vfp11_veneer  0x0000000008005398        0x0 linker stubs

.v4_bx          0x0000000008005398        0x0
 .v4_bx         0x0000000008005398        0x0 linker stubs

.iplt           0x0000000008005398        0x0
 .iplt          0x0000000008005398        0x0 C:/ST/STM32CubeIDE_1.14.0/STM32CubeIDE/plugins/com.st.stm32cube.ide.mcu.externaltools.gnu-tools-for-stm32.11.3.rel1.win32_1.1.100.202309141235/tools/bin/../lib/gcc/arm-none-eabi/11.3.1/thumb/v7e-m+dp/hard/crtbegin.o

.rodata         0x0000000008005398       0x6c
                0x0000000008005398                . = ALIGN (0x4)
 *(.rodata)
 .rodata        0x0000000008005398       0x18 ./Application/User/CM7/main.o
 .rodata        0x00000000080053b0        0x5 ./Middlewares/FreeRTOS/tasks.o
 *(.rodata*)
 *fill*         0x00000000080053b5        0x3 
 .rodata.LED_PIN
                0x00000000080053b8        0x8 ./Drivers/BSP/STM32H745I_Discovery/stm32h745i_discovery.o
 .rodata.D1CorePrescTable
                0x00000000080053c0       0x10 ./Drivers/CMSIS/system_stm32h7xx.o
                0x00000000080053c0                D1CorePrescTable
 .rodata._svfprintf_r.str1.1
                0x00000000080053d0       0x11 C:/ST/STM32CubeIDE_1.14.0/STM32CubeIDE/plugins/com.st.stm32cube.ide.mcu.externaltools.gnu-tools-for-stm32.11.3.rel1.win32_1.1.100.202309141235/tools/bin/../lib/gcc/arm-none-eabi/11.3.1/../../../../arm-none-eabi/lib/thumb/v7e-m+dp/hard\libc_nano.a(libc_a-nano-svfprintf.o)
 .rodata._printf_i.str1.1
                0x00000000080053e1       0x22 C:/ST/STM32CubeIDE_1.14.0/STM32CubeIDE/plugins/com.st.stm32cube.ide.mcu.externaltools.gnu-tools-for-stm32.11.3.rel1.win32_1.1.100.202309141235/tools/bin/../lib/gcc/arm-none-eabi/11.3.1/../../../../arm-none-eabi/lib/thumb/v7e-m+dp/hard\libc_nano.a(libc_a-nano-vfprintf_i.o)
                0x0000000008005404                . = ALIGN (0x4)
 *fill*         0x0000000008005403        0x1 

.rel.dyn        0x0000000008005404        0x0
 .rel.iplt      0x0000000008005404        0x0 C:/ST/STM32CubeIDE_1.14.0/STM32CubeIDE/plugins/com.st.stm32cube.ide.mcu.externaltools.gnu-tools-for-stm32.11.3.rel1.win32_1.1.100.202309141235/tools/bin/../lib/gcc/arm-none-eabi/11.3.1/thumb/v7e-m+dp/hard/crtbegin.o

.ARM.extab
 *(.ARM.extab* .gnu.linkonce.armextab.*)

.ARM            0x0000000008005404        0x0
                0x0000000008005404                __exidx_start = .
 *(.ARM.exidx*)
                0x0000000008005404                __exidx_end = .

.preinit_array  0x0000000008005404        0x0
                0x0000000008005404                PROVIDE (__preinit_array_start = .)
 *(.preinit_array*)
                0x0000000008005404                PROVIDE (__preinit_array_end = .)

.init_array     0x0000000008005404        0x4
                0x0000000008005404                PROVIDE (__init_array_start = .)
 *(SORT_BY_NAME(.init_array.*))
 *(.init_array*)
 .init_array    0x0000000008005404        0x4 C:/ST/STM32CubeIDE_1.14.0/STM32CubeIDE/plugins/com.st.stm32cube.ide.mcu.externaltools.gnu-tools-for-stm32.11.3.rel1.win32_1.1.100.202309141235/tools/bin/../lib/gcc/arm-none-eabi/11.3.1/thumb/v7e-m+dp/hard/crtbegin.o
                0x0000000008005408                PROVIDE (__init_array_end = .)

.fini_array     0x0000000008005408        0x4
                [!provide]                        PROVIDE (__fini_array_start = .)
 *(SORT_BY_NAME(.fini_array.*))
 *(.fini_array*)
 .fini_array    0x0000000008005408        0x4 C:/ST/STM32CubeIDE_1.14.0/STM32CubeIDE/plugins/com.st.stm32cube.ide.mcu.externaltools.gnu-tools-for-stm32.11.3.rel1.win32_1.1.100.202309141235/tools/bin/../lib/gcc/arm-none-eabi/11.3.1/thumb/v7e-m+dp/hard/crtbegin.o
                [!provide]                        PROVIDE (__fini_array_end = .)
                0x000000000800540c                _sidata = LOADADDR (.data)

.data           0x0000000024000000       0x6c load address 0x000000000800540c
                0x0000000024000000                . = ALIGN (0x4)
                0x0000000024000000                _sdata = .
 *(.data)
 *(.data*)
 .data.LED_PORT
                0x0000000024000000        0x8 ./Drivers/BSP/STM32H745I_Discovery/stm32h745i_discovery.o
 .data.SystemCoreClock
                0x0000000024000008        0x4 ./Drivers/CMSIS/system_stm32h7xx.o
                0x0000000024000008                SystemCoreClock
 .data.SystemD2Clock
                0x000000002400000c        0x4 ./Drivers/CMSIS/system_stm32h7xx.o
                0x000000002400000c                SystemD2Clock
 .data.uwTickPrio
                0x0000000024000010        0x4 ./Drivers/STM32H7xx_HAL_Driver/stm32h7xx_hal.o
                0x0000000024000010                uwTickPrio
 .data.uwTickFreq
                0x0000000024000014        0x1 ./Drivers/STM32H7xx_HAL_Driver/stm32h7xx_hal.o
                0x0000000024000014                uwTickFreq
 *fill*         0x0000000024000015        0x3 
 .data.uxCriticalNesting
                0x0000000024000018        0x4 ./Middlewares/FreeRTOS/portable/port.o
 .data._impure_data
                0x000000002400001c       0x4c C:/ST/STM32CubeIDE_1.14.0/STM32CubeIDE/plugins/com.st.stm32cube.ide.mcu.externaltools.gnu-tools-for-stm32.11.3.rel1.win32_1.1.100.202309141235/tools/bin/../lib/gcc/arm-none-eabi/11.3.1/../../../../arm-none-eabi/lib/thumb/v7e-m+dp/hard\libc_nano.a(libc_a-impure.o)
                0x000000002400001c                _impure_data
 .data._impure_ptr
                0x0000000024000068        0x4 C:/ST/STM32CubeIDE_1.14.0/STM32CubeIDE/plugins/com.st.stm32cube.ide.mcu.externaltools.gnu-tools-for-stm32.11.3.rel1.win32_1.1.100.202309141235/tools/bin/../lib/gcc/arm-none-eabi/11.3.1/../../../../arm-none-eabi/lib/thumb/v7e-m+dp/hard\libc_nano.a(libc_a-impure.o)
                0x0000000024000068                _impure_ptr
                0x000000002400006c                . = ALIGN (0x4)
                0x000000002400006c                _edata = .

.igot.plt       0x000000002400006c        0x0 load address 0x0000000008005478
 .igot.plt      0x000000002400006c        0x0 C:/ST/STM32CubeIDE_1.14.0/STM32CubeIDE/plugins/com.st.stm32cube.ide.mcu.externaltools.gnu-tools-for-stm32.11.3.rel1.win32_1.1.100.202309141235/tools/bin/../lib/gcc/arm-none-eabi/11.3.1/thumb/v7e-m+dp/hard/crtbegin.o
                0x000000002400006c                . = ALIGN (0x4)

.bss            0x000000002400006c     0x5570 load address 0x0000000008005478
                0x000000002400006c                _sbss = .
                0x000000002400006c                __bss_start__ = _sbss
 *(.bss)
 .bss           0x000000002400006c       0x1c C:/ST/STM32CubeIDE_1.14.0/STM32CubeIDE/plugins/com.st.stm32cube.ide.mcu.externaltools.gnu-tools-for-stm32.11.3.rel1.win32_1.1.100.202309141235/tools/bin/../lib/gcc/arm-none-eabi/11.3.1/thumb/v7e-m+dp/hard/crtbegin.o
 *(.bss*)
 .bss.ulLastCycleCounters.2
                0x0000000024000088        0x8 ./Application/User/CM7/main.o
 .bss.xIdleTaskTCB.1
                0x0000000024000090       0x5c ./Application/User/CM7/main.o
 .bss.uxIdleTaskStack.0
                0x00000000240000ec      0x200 ./Application/User/CM7/main.o
 .bss.TimHandle
                0x00000000240002ec       0x4c ./Application/User/CM7/stm32h7xx_hal_timebase_tim.o
 .bss.__sbrk_heap_end
                0x0000000024000338        0x4 ./Application/User/CM7/sysmem.o
 .bss.uwTick    0x000000002400033c        0x4 ./Drivers/STM32H7xx_HAL_Driver/stm32h7xx_hal.o
                0x000000002400033c                uwTick
 .bss.pxCurrentTCB
                0x0000000024000340        0x4 ./Middlewares/FreeRTOS/tasks.o
                0x0000000024000340                pxCurrentTCB
 .bss.pxReadyTasksLists
                0x0000000024000344       0x8c ./Middlewares/FreeRTOS/tasks.o
 .bss.xDelayedTaskList1
                0x00000000240003d0       0x14 ./Middlewares/FreeRTOS/tasks.o
 .bss.xDelayedTaskList2
                0x00000000240003e4       0x14 ./Middlewares/FreeRTOS/tasks.o
 .bss.pxDelayedTaskList
                0x00000000240003f8        0x4 ./Middlewares/FreeRTOS/tasks.o
 .bss.pxOverflowDelayedTaskList
                0x00000000240003fc        0x4 ./Middlewares/FreeRTOS/tasks.o
 .bss.xPendingReadyList
                0x0000000024000400       0x14 ./Middlewares/FreeRTOS/tasks.o
 .bss.xTasksWaitingTermination
                0x0000000024000414       0x14 ./Middlewares/FreeRTOS/tasks.o
 .bss.uxDeletedTasksWaitingCleanUp
                0x0000000024000428        0x4 ./Middlewares/FreeRTOS/tasks.o
 .bss.xSuspendedTaskList
                0x000000002400042c       0x14 ./Middlewares/FreeRTOS/tasks.o
 .bss.uxCurrentNumberOfTasks
                0x0000000024000440        0x4 ./Middlewares/FreeRTOS/tasks.o
 .bss.xTickCount
                0x0000000024000444        0x4 ./Middlewares/FreeRTOS/tasks.o
 .bss.uxTopReadyPriority
                0x0000000024000448        0x4 ./Middlewares/FreeRTOS/tasks.o
 .bss.xSchedulerRunning
                0x000000002400044c        0x4 ./Middlewares/FreeRTOS/tasks.o
 .bss.xPendedTicks
                0x0000000024000450        0x4 ./Middlewares/FreeRTOS/tasks.o
 .bss.xYieldPending
                0x0000000024000454        0x4 ./Middlewares/FreeRTOS/tasks.o
 .bss.xNumOfOverflows
                0x0000000024000458        0x4 ./Middlewares/FreeRTOS/tasks.o
 .bss.uxTaskNumber
                0x000000002400045c        0x4 ./Middlewares/FreeRTOS/tasks.o
 .bss.xNextTaskUnblockTime
                0x0000000024000460        0x4 ./Middlewares/FreeRTOS/tasks.o
 .bss.xIdleTaskHandle
                0x0000000024000464        0x4 ./Middlewares/FreeRTOS/tasks.o
 .bss.uxSchedulerSuspended
                0x0000000024000468        0x4 ./Middlewares/FreeRTOS/tasks.o
 .bss.ucHeap    0x000000002400046c     0x5000 ./Middlewares/FreeRTOS/portable/heap_4.o
 .bss.xStart    0x000000002400546c        0x8 ./Middlewares/FreeRTOS/portable/heap_4.o
 .bss.pxEnd     0x0000000024005474        0x4 ./Middlewares/FreeRTOS/portable/heap_4.o
 .bss.xFreeBytesRemaining
                0x0000000024005478        0x4 ./Middlewares/FreeRTOS/portable/heap_4.o
 .bss.xMinimumEverFreeBytesRemaining
                0x000000002400547c        0x4 ./Middlewares/FreeRTOS/portable/heap_4.o
 .bss.xNumberOfSuccessfulAllocations
                0x0000000024005480        0x4 ./Middlewares/FreeRTOS/portable/heap_4.o
 .bss.xNumberOfSuccessfulFrees
                0x0000000024005484        0x4 ./Middlewares/FreeRTOS/portable/heap_4.o
 .bss.xBlockAllocatedBit
                0x0000000024005488        0x4 ./Middlewares/FreeRTOS/portable/heap_4.o
 .bss.ucMaxSysCallPriority
                0x000000002400548c        0x1 ./Middlewares/FreeRTOS/portable/port.o
 *fill*         0x000000002400548d        0x3 
 .bss.ulMaxPRIGROUPValue
                0x0000000024005490        0x4 ./Middlewares/FreeRTOS/portable/port.o
 .bss.__sf      0x0000000024005494      0x138 C:/ST/STM32CubeIDE_1.14.0/STM32CubeIDE/plugins/com.st.stm32cube.ide.mcu.externaltools.gnu-tools-for-stm32.11.3.rel1.win32_1.1.100.202309141235/tools/bin/../lib/gcc/arm-none-eabi/11.3.1/../../../../arm-none-eabi/lib/thumb/v7e-m+dp/hard\libc_nano.a(libc_a-findfp.o)
                0x0000000024005494                __sf
 .bss.errno     0x00000000240055cc        0x4 C:/ST/STM32CubeIDE_1.14.0/STM32CubeIDE/plugins/com.st.stm32cube.ide.mcu.externaltools.gnu-tools-for-stm32.11.3.rel1.win32_1.1.100.202309141235/tools/bin/../lib/gcc/arm-none-eabi/11.3.1/../../../../arm-none-eabi/lib/thumb/v7e-m+dp/hard\libc_nano.a(libc_a-reent.o)
                0x00000000240055cc                errno
 .bss.__lock___malloc_recursive_mutex
                0x00000000240055d0        0x1 C:/ST/STM32CubeIDE_1.14.0/STM32CubeIDE/plugins/com.st.stm32cube.ide.mcu.externaltools.gnu-tools-for-stm32.11.3.rel1.win32_1.1.100.202309141235/tools/bin/../lib/gcc/arm-none-eabi/11.3.1/../../../../arm-none-eabi/lib/thumb/v7e-m+dp/hard\libc_nano.a(libc_a-lock.o)
                0x00000000240055d0                __lock___malloc_recursive_mutex
 *fill*         0x00000000240055d1        0x3 
 .bss.__malloc_free_list
                0x00000000240055d4        0x4 C:/ST/STM32CubeIDE_1.14.0/STM32CubeIDE/plugins/com.st.stm32cube.ide.mcu.externaltools.gnu-tools-for-stm32.11.3.rel1.win32_1.1.100.202309141235/tools/bin/../lib/gcc/arm-none-eabi/11.3.1/../../../../arm-none-eabi/lib/thumb/v7e-m+dp/hard\libc_nano.a(libc_a-mallocr.o)
                0x00000000240055d4                __malloc_free_list
 .bss.__malloc_sbrk_start
                0x00000000240055d8        0x4 C:/ST/STM32CubeIDE_1.14.0/STM32CubeIDE/plugins/com.st.stm32cube.ide.mcu.externaltools.gnu-tools-for-stm32.11.3.rel1.win32_1.1.100.202309141235/tools/bin/../lib/gcc/arm-none-eabi/11.3.1/../../../../arm-none-eabi/lib/thumb/v7e-m+dp/hard\libc_nano.a(libc_a-mallocr.o)
                0x00000000240055d8                __malloc_sbrk_start
 *(COMMON)
                0x00000000240055dc                . = ALIGN (0x4)
                0x00000000240055dc                _ebss = .
                0x00000000240055dc                __bss_end__ = _ebss

._user_heap_stack
                0x00000000240055dc      0x604 load address 0x0000000008005478
                0x00000000240055e0                . = ALIGN (0x8)
 *fill*         0x00000000240055dc        0x4 
                [!provide]                        PROVIDE (end = .)
                0x00000000240055e0                PROVIDE (_end = .)
                0x00000000240057e0                . = (. + _Min_Heap_Size)
 *fill*         0x00000000240055e0      0x200 
                0x0000000024005be0                . = (. + _Min_Stack_Size)
 *fill*         0x00000000240057e0      0x400 
                0x0000000024005be0                . = ALIGN (0x8)

/DISCARD/
 libc.a(*)
 libm.a(*)
 libgcc.a(*)

.ARM.attributes
                0x0000000000000000       0x2e
 *(.ARM.attributes)
 .ARM.attributes
                0x0000000000000000       0x1e C:/ST/STM32CubeIDE_1.14.0/STM32CubeIDE/plugins/com.st.stm32cube.ide.mcu.externaltools.gnu-tools-for-stm32.11.3.rel1.win32_1.1.100.202309141235/tools/bin/../lib/gcc/arm-none-eabi/11.3.1/thumb/v7e-m+dp/hard/crti.o
 .ARM.attributes
                0x000000000000001e       0x32 C:/ST/STM32CubeIDE_1.14.0/STM32CubeIDE/plugins/com.st.stm32cube.ide.mcu.externaltools.gnu-tools-for-stm32.11.3.rel1.win32_1.1.100.202309141235/tools/bin/../lib/gcc/arm-none-eabi/11.3.1/thumb/v7e-m+dp/hard/crtbegin.o
 .ARM.attributes
                0x0000000000000050       0x32 ./Application/User/CM7/main.o
 .ARM.attributes
                0x0000000000000082       0x32 ./Application/User/CM7/stm32h7xx_hal_timebase_tim.o
 .ARM.attributes
                0x00000000000000b4       0x32 ./Application/User/CM7/stm32h7xx_it.o
 .ARM.attributes
                0x00000000000000e6       0x32 ./Application/User/CM7/sysmem.o
 .ARM.attributes
                0x0000000000000118       0x21 ./Application/User/Startup/startup_stm32h745xihx.o
 .ARM.attributes
                0x0000000000000139       0x32 ./Drivers/BSP/STM32H745I_Discovery/stm32h745i_discovery.o
 .ARM.attributes
                0x000000000000016b       0x32 ./Drivers/CMSIS/system_stm32h7xx.o
 .ARM.attributes
                0x000000000000019d       0x32 ./Drivers/STM32H7xx_HAL_Driver/stm32h7xx_hal.o
 .ARM.attributes
                0x00000000000001cf       0x32 ./Drivers/STM32H7xx_HAL_Driver/stm32h7xx_hal_cortex.o
 .ARM.attributes
                0x0000000000000201       0x32 ./Drivers/STM32H7xx_HAL_Driver/stm32h7xx_hal_gpio.o
 .ARM.attributes
                0x0000000000000233       0x32 ./Drivers/STM32H7xx_HAL_Driver/stm32h7xx_hal_hsem.o
 .ARM.attributes
                0x0000000000000265       0x32 ./Drivers/STM32H7xx_HAL_Driver/stm32h7xx_hal_pwr_ex.o
 .ARM.attributes
                0x0000000000000297       0x32 ./Drivers/STM32H7xx_HAL_Driver/stm32h7xx_hal_rcc.o
 .ARM.attributes
                0x00000000000002c9       0x32 ./Drivers/STM32H7xx_HAL_Driver/stm32h7xx_hal_tim.o
 .ARM.attributes
                0x00000000000002fb       0x32 ./Drivers/STM32H7xx_HAL_Driver/stm32h7xx_hal_tim_ex.o
 .ARM.attributes
                0x000000000000032d       0x32 ./Middlewares/FreeRTOS/list.o
 .ARM.attributes
                0x000000000000035f       0x32 ./Middlewares/FreeRTOS/stream_buffer.o
 .ARM.attributes
                0x0000000000000391       0x32 ./Middlewares/FreeRTOS/tasks.o
 .ARM.attributes
                0x00000000000003c3       0x32 ./Middlewares/FreeRTOS/portable/heap_4.o
 .ARM.attributes
                0x00000000000003f5       0x32 ./Middlewares/FreeRTOS/portable/port.o
 .ARM.attributes
                0x0000000000000427       0x32 C:/ST/STM32CubeIDE_1.14.0/STM32CubeIDE/plugins/com.st.stm32cube.ide.mcu.externaltools.gnu-tools-for-stm32.11.3.rel1.win32_1.1.100.202309141235/tools/bin/../lib/gcc/arm-none-eabi/11.3.1/../../../../arm-none-eabi/lib/thumb/v7e-m+dp/hard\libc_nano.a(libc_a-findfp.o)
 .ARM.attributes
                0x0000000000000459       0x32 C:/ST/STM32CubeIDE_1.14.0/STM32CubeIDE/plugins/com.st.stm32cube.ide.mcu.externaltools.gnu-tools-for-stm32.11.3.rel1.win32_1.1.100.202309141235/tools/bin/../lib/gcc/arm-none-eabi/11.3.1/../../../../arm-none-eabi/lib/thumb/v7e-m+dp/hard\libc_nano.a(libc_a-sprintf.o)
 .ARM.attributes
                0x000000000000048b       0x32 C:/ST/STM32CubeIDE_1.14.0/STM32CubeIDE/plugins/com.st.stm32cube.ide.mcu.externaltools.gnu-tools-for-stm32.11.3.rel1.win32_1.1.100.202309141235/tools/bin/../lib/gcc/arm-none-eabi/11.3.1/../../../../arm-none-eabi/lib/thumb/v7e-m+dp/hard\libc_nano.a(libc_a-memset.o)
 .ARM.attributes
                0x00000000000004bd       0x32 C:/ST/STM32CubeIDE_1.14.0/STM32CubeIDE/plugins/com.st.stm32cube.ide.mcu.externaltools.gnu-tools-for-stm32.11.3.rel1.win32_1.1.100.202309141235/tools/bin/../lib/gcc/arm-none-eabi/11.3.1/../../../../arm-none-eabi/lib/thumb/v7e-m+dp/hard\libc_nano.a(libc_a-reent.o)
 .ARM.attributes
                0x00000000000004ef       0x32 C:/ST/STM32CubeIDE_1.14.0/STM32CubeIDE/plugins/com.st.stm32cube.ide.mcu.externaltools.gnu-tools-for-stm32.11.3.rel1.win32_1.1.100.202309141235/tools/bin/../lib/gcc/arm-none-eabi/11.3.1/../../../../arm-none-eabi/lib/thumb/v7e-m+dp/hard\libc_nano.a(libc_a-impure.o)
 .ARM.attributes
                0x0000000000000521       0x32 C:/ST/STM32CubeIDE_1.14.0/STM32CubeIDE/plugins/com.st.stm32cube.ide.mcu.externaltools.gnu-tools-for-stm32.11.3.rel1.win32_1.1.100.202309141235/tools/bin/../lib/gcc/arm-none-eabi/11.3.1/../../../../arm-none-eabi/lib/thumb/v7e-m+dp/hard\libc_nano.a(libc_a-errno.o)
 .ARM.attributes
                0x0000000000000553       0x32 C:/ST/STM32CubeIDE_1.14.0/STM32CubeIDE/plugins/com.st.stm32cube.ide.mcu.externaltools.gnu-tools-for-stm32.11.3.rel1.win32_1.1.100.202309141235/tools/bin/../lib/gcc/arm-none-eabi/11.3.1/../../../../arm-none-eabi/lib/thumb/v7e-m+dp/hard\libc_nano.a(libc_a-init.o)
 .ARM.attributes
                0x0000000000000585       0x32 C:/ST/STM32CubeIDE_1.14.0/STM32CubeIDE/plugins/com.st.stm32cube.ide.mcu.externaltools.gnu-tools-for-stm32.11.3.rel1.win32_1.1.100.202309141235/tools/bin/../lib/gcc/arm-none-eabi/11.3.1/../../../../arm-none-eabi/lib/thumb/v7e-m+dp/hard\libc_nano.a(libc_a-lock.o)
 .ARM.attributes
                0x00000000000005b7       0x32 C:/ST/STM32CubeIDE_1.14.0/STM32CubeIDE/plugins/com.st.stm32cube.ide.mcu.externaltools.gnu-tools-for-stm32.11.3.rel1.win32_1.1.100.202309141235/tools/bin/../lib/gcc/arm-none-eabi/11.3.1/../../../../arm-none-eabi/lib/thumb/v7e-m+dp/hard\libc_nano.a(libc_a-memcpy-stub.o)
 .ARM.attributes
                0x00000000000005e9       0x17 C:/ST/STM32CubeIDE_1.14.0/STM32CubeIDE/plugins/com.st.stm32cube.ide.mcu.externaltools.gnu-tools-for-stm32.11.3.rel1.win32_1.1.100.202309141235/tools/bin/../lib/gcc/arm-none-eabi/11.3.1/../../../../arm-none-eabi/lib/thumb/v7e-m+dp/hard\libc_nano.a(libc_a-strlen.o)
 .ARM.attributes
                0x0000000000000600       0x32 C:/ST/STM32CubeIDE_1.14.0/STM32CubeIDE/plugins/com.st.stm32cube.ide.mcu.externaltools.gnu-tools-for-stm32.11.3.rel1.win32_1.1.100.202309141235/tools/bin/../lib/gcc/arm-none-eabi/11.3.1/../../../../arm-none-eabi/lib/thumb/v7e-m+dp/hard\libc_nano.a(libc_a-freer.o)
 .ARM.attributes
                0x0000000000000632       0x32 C:/ST/STM32CubeIDE_1.14.0/STM32CubeIDE/plugins/com.st.stm32cube.ide.mcu.externaltools.gnu-tools-for-stm32.11.3.rel1.win32_1.1.100.202309141235/tools/bin/../lib/gcc/arm-none-eabi/11.3.1/../../../../arm-none-eabi/lib/thumb/v7e-m+dp/hard\libc_nano.a(libc_a-mallocr.o)
 .ARM.attributes
                0x0000000000000664       0x32 C:/ST/STM32CubeIDE_1.14.0/STM32CubeIDE/plugins/com.st.stm32cube.ide.mcu.externaltools.gnu-tools-for-stm32.11.3.rel1.win32_1.1.100.202309141235/tools/bin/../lib/gcc/arm-none-eabi/11.3.1/../../../../arm-none-eabi/lib/thumb/v7e-m+dp/hard\libc_nano.a(libc_a-mlock.o)
 .ARM.attributes
                0x0000000000000696       0x32 C:/ST/STM32CubeIDE_1.14.0/STM32CubeIDE/plugins/com.st.stm32cube.ide.mcu.externaltools.gnu-tools-for-stm32.11.3.rel1.win32_1.1.100.202309141235/tools/bin/../lib/gcc/arm-none-eabi/11.3.1/../../../../arm-none-eabi/lib/thumb/v7e-m+dp/hard\libc_nano.a(libc_a-nano-svfprintf.o)
 .ARM.attributes
                0x00000000000006c8       0x32 C:/ST/STM32CubeIDE_1.14.0/STM32CubeIDE/plugins/com.st.stm32cube.ide.mcu.externaltools.gnu-tools-for-stm32.11.3.rel1.win32_1.1.100.202309141235/tools/bin/../lib/gcc/arm-none-eabi/11.3.1/../../../../arm-none-eabi/lib/thumb/v7e-m+dp/hard\libc_nano.a(libc_a-nano-vfprintf_i.o)
 .ARM.attributes
                0x00000000000006fa       0x32 C:/ST/STM32CubeIDE_1.14.0/STM32CubeIDE/plugins/com.st.stm32cube.ide.mcu.externaltools.gnu-tools-for-stm32.11.3.rel1.win32_1.1.100.202309141235/tools/bin/../lib/gcc/arm-none-eabi/11.3.1/../../../../arm-none-eabi/lib/thumb/v7e-m+dp/hard\libc_nano.a(libc_a-memmove.o)
 .ARM.attributes
                0x000000000000072c       0x32 C:/ST/STM32CubeIDE_1.14.0/STM32CubeIDE/plugins/com.st.stm32cube.ide.mcu.externaltools.gnu-tools-for-stm32.11.3.rel1.win32_1.1.100.202309141235/tools/bin/../lib/gcc/arm-none-eabi/11.3.1/../../../../arm-none-eabi/lib/thumb/v7e-m+dp/hard\libc_nano.a(libc_a-sbrkr.o)
 .ARM.attributes
                0x000000000000075e       0x1c C:/ST/STM32CubeIDE_1.14.0/STM32CubeIDE/plugins/com.st.stm32cube.ide.mcu.externaltools.gnu-tools-for-stm32.11.3.rel1.win32_1.1.100.202309141235/tools/bin/../lib/gcc/arm-none-eabi/11.3.1/../../../../arm-none-eabi/lib/thumb/v7e-m+dp/hard\libc_nano.a(libc_a-memchr.o)
 .ARM.attributes
                0x000000000000077a       0x32 C:/ST/STM32CubeIDE_1.14.0/STM32CubeIDE/plugins/com.st.stm32cube.ide.mcu.externaltools.gnu-tools-for-stm32.11.3.rel1.win32_1.1.100.202309141235/tools/bin/../lib/gcc/arm-none-eabi/11.3.1/../../../../arm-none-eabi/lib/thumb/v7e-m+dp/hard\libc_nano.a(libc_a-reallocr.o)
 .ARM.attributes
                0x00000000000007ac       0x32 C:/ST/STM32CubeIDE_1.14.0/STM32CubeIDE/plugins/com.st.stm32cube.ide.mcu.externaltools.gnu-tools-for-stm32.11.3.rel1.win32_1.1.100.202309141235/tools/bin/../lib/gcc/arm-none-eabi/11.3.1/../../../../arm-none-eabi/lib/thumb/v7e-m+dp/hard\libc_nano.a(libc_a-msizer.o)
 .ARM.attributes
                0x00000000000007de       0x1e C:/ST/STM32CubeIDE_1.14.0/STM32CubeIDE/plugins/com.st.stm32cube.ide.mcu.externaltools.gnu-tools-for-stm32.11.3.rel1.win32_1.1.100.202309141235/tools/bin/../lib/gcc/arm-none-eabi/11.3.1/thumb/v7e-m+dp/hard/crtn.o

.xControlMessageBuffer
                0x0000000038000000        0x4
 *(.xControlMessageBuffer)
 .xControlMessageBuffer
                0x0000000038000000        0x4 ./Application/User/CM7/main.o
                0x0000000038000000                xControlMessageBuffer

.xDataMessageBuffers
                0x0000000038000004        0x8
 *(.xDataMessageBuffers)
 .xDataMessageBuffers
                0x0000000038000004        0x8 ./Application/User/CM7/main.o
                0x0000000038000004                xDataMessageBuffers

.ulCycleCounters
                0x000000003800000c        0x8
 *(.ulCycleCounters)
 .ulCycleCounters
                0x000000003800000c        0x8 ./Application/User/CM7/main.o

.xStreamBufferStruct_ctrl
                0x0000000038000050       0x24
 *(.xStreamBufferStruct_ctrl)
 .xStreamBufferStruct_ctrl
                0x0000000038000050       0x24 ./Application/User/CM7/main.o
                0x0000000038000050                xStreamBufferStruct_ctrl

.xStreamBufferStruct
                0x00000000380000a0       0x48
 *(.xStreamBufferStruct)
 .xStreamBufferStruct
                0x00000000380000a0       0x48 ./Application/User/CM7/main.o
                0x00000000380000a0                xStreamBufferStruct

.ucStorageBuffer_ctr
                0x0000000038000100       0x18
 *(.ucStorageBuffer_ctr)
 .ucStorageBuffer_ctr
                0x0000000038000100       0x18 ./Application/User/CM7/main.o

.ucStorageBuffer
                0x0000000038000200       0x78
 *(.ucStorageBuffer)
 .ucStorageBuffer
                0x0000000038000200       0x78 ./Application/User/CM7/main.o
OUTPUT(FreeRTOS_AMP_Dual_RTOS_CM7.elf elf32-littlearm)
LOAD linker stubs
LOAD C:/ST/STM32CubeIDE_1.14.0/STM32CubeIDE/plugins/com.st.stm32cube.ide.mcu.externaltools.gnu-tools-for-stm32.11.3.rel1.win32_1.1.100.202309141235/tools/bin/../lib/gcc/arm-none-eabi/11.3.1/../../../../arm-none-eabi/lib/thumb/v7e-m+dp/hard\libc.a
LOAD C:/ST/STM32CubeIDE_1.14.0/STM32CubeIDE/plugins/com.st.stm32cube.ide.mcu.externaltools.gnu-tools-for-stm32.11.3.rel1.win32_1.1.100.202309141235/tools/bin/../lib/gcc/arm-none-eabi/11.3.1/../../../../arm-none-eabi/lib/thumb/v7e-m+dp/hard\libm.a
LOAD C:/ST/STM32CubeIDE_1.14.0/STM32CubeIDE/plugins/com.st.stm32cube.ide.mcu.externaltools.gnu-tools-for-stm32.11.3.rel1.win32_1.1.100.202309141235/tools/bin/../lib/gcc/arm-none-eabi/11.3.1/thumb/v7e-m+dp/hard\libgcc.a

.comment        0x0000000000000000       0x43
 .comment       0x0000000000000000       0x43 C:/ST/STM32CubeIDE_1.14.0/STM32CubeIDE/plugins/com.st.stm32cube.ide.mcu.externaltools.gnu-tools-for-stm32.11.3.rel1.win32_1.1.100.202309141235/tools/bin/../lib/gcc/arm-none-eabi/11.3.1/thumb/v7e-m+dp/hard/crtbegin.o
                                         0x44 (size before relaxing)
 .comment       0x0000000000000043       0x44 ./Application/User/CM7/main.o
 .comment       0x0000000000000043       0x44 ./Application/User/CM7/stm32h7xx_hal_timebase_tim.o
 .comment       0x0000000000000043       0x44 ./Application/User/CM7/stm32h7xx_it.o
 .comment       0x0000000000000043       0x44 ./Application/User/CM7/sysmem.o
 .comment       0x0000000000000043       0x44 ./Drivers/BSP/STM32H745I_Discovery/stm32h745i_discovery.o
 .comment       0x0000000000000043       0x44 ./Drivers/CMSIS/system_stm32h7xx.o
 .comment       0x0000000000000043       0x44 ./Drivers/STM32H7xx_HAL_Driver/stm32h7xx_hal.o
 .comment       0x0000000000000043       0x44 ./Drivers/STM32H7xx_HAL_Driver/stm32h7xx_hal_cortex.o
 .comment       0x0000000000000043       0x44 ./Drivers/STM32H7xx_HAL_Driver/stm32h7xx_hal_gpio.o
 .comment       0x0000000000000043       0x44 ./Drivers/STM32H7xx_HAL_Driver/stm32h7xx_hal_hsem.o
 .comment       0x0000000000000043       0x44 ./Drivers/STM32H7xx_HAL_Driver/stm32h7xx_hal_pwr_ex.o
 .comment       0x0000000000000043       0x44 ./Drivers/STM32H7xx_HAL_Driver/stm32h7xx_hal_rcc.o
 .comment       0x0000000000000043       0x44 ./Drivers/STM32H7xx_HAL_Driver/stm32h7xx_hal_tim.o
 .comment       0x0000000000000043       0x44 ./Drivers/STM32H7xx_HAL_Driver/stm32h7xx_hal_tim_ex.o
 .comment       0x0000000000000043       0x44 ./Middlewares/FreeRTOS/list.o
 .comment       0x0000000000000043       0x44 ./Middlewares/FreeRTOS/stream_buffer.o
 .comment       0x0000000000000043       0x44 ./Middlewares/FreeRTOS/tasks.o
 .comment       0x0000000000000043       0x44 ./Middlewares/FreeRTOS/portable/heap_4.o
 .comment       0x0000000000000043       0x44 ./Middlewares/FreeRTOS/portable/port.o

.debug_info     0x0000000000000000    0x12445
 .debug_info    0x0000000000000000     0x1788 ./Application/User/CM7/main.o
 .debug_info    0x0000000000001788     0x1118 ./Application/User/CM7/stm32h7xx_hal_timebase_tim.o
 .debug_info    0x00000000000028a0       0xed ./Application/User/CM7/stm32h7xx_it.o
 .debug_info    0x000000000000298d      0x168 ./Application/User/CM7/sysmem.o
 .debug_info    0x0000000000002af5       0x23 ./Application/User/Startup/startup_stm32h745xihx.o
 .debug_info    0x0000000000002b18      0xfe9 ./Drivers/BSP/STM32H745I_Discovery/stm32h745i_discovery.o
 .debug_info    0x0000000000003b01      0xb12 ./Drivers/CMSIS/system_stm32h7xx.o
 .debug_info    0x0000000000004613     0x1774 ./Drivers/STM32H7xx_HAL_Driver/stm32h7xx_hal.o
 .debug_info    0x0000000000005d87     0x107e ./Drivers/STM32H7xx_HAL_Driver/stm32h7xx_hal_cortex.o
 .debug_info    0x0000000000006e05      0xcf7 ./Drivers/STM32H7xx_HAL_Driver/stm32h7xx_hal_gpio.o
 .debug_info    0x0000000000007afc      0x3d3 ./Drivers/STM32H7xx_HAL_Driver/stm32h7xx_hal_hsem.o
 .debug_info    0x0000000000007ecf     0x121b ./Drivers/STM32H7xx_HAL_Driver/stm32h7xx_hal_pwr_ex.o
 .debug_info    0x00000000000090ea      0xe58 ./Drivers/STM32H7xx_HAL_Driver/stm32h7xx_hal_rcc.o
 .debug_info    0x0000000000009f42     0x2b8b ./Drivers/STM32H7xx_HAL_Driver/stm32h7xx_hal_tim.o
 .debug_info    0x000000000000cacd     0x17eb ./Drivers/STM32H7xx_HAL_Driver/stm32h7xx_hal_tim_ex.o
 .debug_info    0x000000000000e2b8      0x2af ./Middlewares/FreeRTOS/list.o
 .debug_info    0x000000000000e567     0x13bf ./Middlewares/FreeRTOS/stream_buffer.o
 .debug_info    0x000000000000f926     0x216c ./Middlewares/FreeRTOS/tasks.o
 .debug_info    0x0000000000011a92      0x4d5 ./Middlewares/FreeRTOS/portable/heap_4.o
 .debug_info    0x0000000000011f67      0x4de ./Middlewares/FreeRTOS/portable/port.o

.debug_abbrev   0x0000000000000000     0x2bdf
 .debug_abbrev  0x0000000000000000      0x403 ./Application/User/CM7/main.o
 .debug_abbrev  0x0000000000000403      0x247 ./Application/User/CM7/stm32h7xx_hal_timebase_tim.o
 .debug_abbrev  0x000000000000064a       0x47 ./Application/User/CM7/stm32h7xx_it.o
 .debug_abbrev  0x0000000000000691       0xbc ./Application/User/CM7/sysmem.o
 .debug_abbrev  0x000000000000074d       0x12 ./Application/User/Startup/startup_stm32h745xihx.o
 .debug_abbrev  0x000000000000075f      0x2ae ./Drivers/BSP/STM32H745I_Discovery/stm32h745i_discovery.o
 .debug_abbrev  0x0000000000000a0d      0x139 ./Drivers/CMSIS/system_stm32h7xx.o
 .debug_abbrev  0x0000000000000b46      0x295 ./Drivers/STM32H7xx_HAL_Driver/stm32h7xx_hal.o
 .debug_abbrev  0x0000000000000ddb      0x339 ./Drivers/STM32H7xx_HAL_Driver/stm32h7xx_hal_cortex.o
 .debug_abbrev  0x0000000000001114      0x1fe ./Drivers/STM32H7xx_HAL_Driver/stm32h7xx_hal_gpio.o
 .debug_abbrev  0x0000000000001312      0x1d3 ./Drivers/STM32H7xx_HAL_Driver/stm32h7xx_hal_hsem.o
 .debug_abbrev  0x00000000000014e5      0x2d7 ./Drivers/STM32H7xx_HAL_Driver/stm32h7xx_hal_pwr_ex.o
 .debug_abbrev  0x00000000000017bc      0x2c8 ./Drivers/STM32H7xx_HAL_Driver/stm32h7xx_hal_rcc.o
 .debug_abbrev  0x0000000000001a84      0x276 ./Drivers/STM32H7xx_HAL_Driver/stm32h7xx_hal_tim.o
 .debug_abbrev  0x0000000000001cfa      0x281 ./Drivers/STM32H7xx_HAL_Driver/stm32h7xx_hal_tim_ex.o
 .debug_abbrev  0x0000000000001f7b       0xf5 ./Middlewares/FreeRTOS/list.o
 .debug_abbrev  0x0000000000002070      0x37f ./Middlewares/FreeRTOS/stream_buffer.o
 .debug_abbrev  0x00000000000023ef      0x377 ./Middlewares/FreeRTOS/tasks.o
 .debug_abbrev  0x0000000000002766      0x21d ./Middlewares/FreeRTOS/portable/heap_4.o
 .debug_abbrev  0x0000000000002983      0x25c ./Middlewares/FreeRTOS/portable/port.o

.debug_aranges  0x0000000000000000     0x1128
 .debug_aranges
                0x0000000000000000       0x68 ./Application/User/CM7/main.o
 .debug_aranges
                0x0000000000000068       0x40 ./Application/User/CM7/stm32h7xx_hal_timebase_tim.o
 .debug_aranges
                0x00000000000000a8       0x48 ./Application/User/CM7/stm32h7xx_it.o
 .debug_aranges
                0x00000000000000f0       0x20 ./Application/User/CM7/sysmem.o
 .debug_aranges
                0x0000000000000110       0x28 ./Application/User/Startup/startup_stm32h745xihx.o
 .debug_aranges
                0x0000000000000138       0x90 ./Drivers/BSP/STM32H745I_Discovery/stm32h745i_discovery.o
 .debug_aranges
                0x00000000000001c8       0x28 ./Drivers/CMSIS/system_stm32h7xx.o
 .debug_aranges
                0x00000000000001f0      0x200 ./Drivers/STM32H7xx_HAL_Driver/stm32h7xx_hal.o
 .debug_aranges
                0x00000000000003f0      0x120 ./Drivers/STM32H7xx_HAL_Driver/stm32h7xx_hal_cortex.o
 .debug_aranges
                0x0000000000000510       0x58 ./Drivers/STM32H7xx_HAL_Driver/stm32h7xx_hal_gpio.o
 .debug_aranges
                0x0000000000000568       0x70 ./Drivers/STM32H7xx_HAL_Driver/stm32h7xx_hal_hsem.o
 .debug_aranges
                0x00000000000005d8      0x170 ./Drivers/STM32H7xx_HAL_Driver/stm32h7xx_hal_pwr_ex.o
 .debug_aranges
                0x0000000000000748       0x88 ./Drivers/STM32H7xx_HAL_Driver/stm32h7xx_hal_rcc.o
 .debug_aranges
                0x00000000000007d0      0x3e0 ./Drivers/STM32H7xx_HAL_Driver/stm32h7xx_hal_tim.o
 .debug_aranges
                0x0000000000000bb0      0x188 ./Drivers/STM32H7xx_HAL_Driver/stm32h7xx_hal_tim_ex.o
 .debug_aranges
                0x0000000000000d38       0x40 ./Middlewares/FreeRTOS/list.o
 .debug_aranges
                0x0000000000000d78       0xe0 ./Middlewares/FreeRTOS/stream_buffer.o
 .debug_aranges
                0x0000000000000e58      0x1f8 ./Middlewares/FreeRTOS/tasks.o
 .debug_aranges
                0x0000000000001050       0x58 ./Middlewares/FreeRTOS/portable/heap_4.o
 .debug_aranges
                0x00000000000010a8       0x80 ./Middlewares/FreeRTOS/portable/port.o

.debug_rnglists
                0x0000000000000000      0xd2e
 .debug_rnglists
                0x0000000000000000       0x4d ./Application/User/CM7/main.o
 .debug_rnglists
                0x000000000000004d       0x2c ./Application/User/CM7/stm32h7xx_hal_timebase_tim.o
 .debug_rnglists
                0x0000000000000079       0x31 ./Application/User/CM7/stm32h7xx_it.o
 .debug_rnglists
                0x00000000000000aa       0x13 ./Application/User/CM7/sysmem.o
 .debug_rnglists
                0x00000000000000bd       0x19 ./Application/User/Startup/startup_stm32h745xihx.o
 .debug_rnglists
                0x00000000000000d6       0x69 ./Drivers/BSP/STM32H745I_Discovery/stm32h745i_discovery.o
 .debug_rnglists
                0x000000000000013f       0x1b ./Drivers/CMSIS/system_stm32h7xx.o
 .debug_rnglists
                0x000000000000015a      0x180 ./Drivers/STM32H7xx_HAL_Driver/stm32h7xx_hal.o
 .debug_rnglists
                0x00000000000002da       0xd4 ./Drivers/STM32H7xx_HAL_Driver/stm32h7xx_hal_cortex.o
 .debug_rnglists
                0x00000000000003ae       0x3f ./Drivers/STM32H7xx_HAL_Driver/stm32h7xx_hal_gpio.o
 .debug_rnglists
                0x00000000000003ed       0x4f ./Drivers/STM32H7xx_HAL_Driver/stm32h7xx_hal_hsem.o
 .debug_rnglists
                0x000000000000043c      0x117 ./Drivers/STM32H7xx_HAL_Driver/stm32h7xx_hal_pwr_ex.o
 .debug_rnglists
                0x0000000000000553       0x68 ./Drivers/STM32H7xx_HAL_Driver/stm32h7xx_hal_rcc.o
 .debug_rnglists
                0x00000000000005bb      0x328 ./Drivers/STM32H7xx_HAL_Driver/stm32h7xx_hal_tim.o
 .debug_rnglists
                0x00000000000008e3      0x13f ./Drivers/STM32H7xx_HAL_Driver/stm32h7xx_hal_tim_ex.o
 .debug_rnglists
                0x0000000000000a22       0x2b ./Middlewares/FreeRTOS/list.o
 .debug_rnglists
                0x0000000000000a4d       0xae ./Middlewares/FreeRTOS/stream_buffer.o
 .debug_rnglists
                0x0000000000000afb      0x194 ./Middlewares/FreeRTOS/tasks.o
 .debug_rnglists
                0x0000000000000c8f       0x42 ./Middlewares/FreeRTOS/portable/heap_4.o
 .debug_rnglists
                0x0000000000000cd1       0x5d ./Middlewares/FreeRTOS/portable/port.o

.debug_macro    0x0000000000000000    0x3ab4e
 .debug_macro   0x0000000000000000      0x3c2 ./Application/User/CM7/main.o
 .debug_macro   0x00000000000003c2      0xad2 ./Application/User/CM7/main.o
 .debug_macro   0x0000000000000e94       0xd9 ./Application/User/CM7/main.o
 .debug_macro   0x0000000000000f6d       0x2e ./Application/User/CM7/main.o
 .debug_macro   0x0000000000000f9b       0x49 ./Application/User/CM7/main.o
 .debug_macro   0x0000000000000fe4       0x22 ./Application/User/CM7/main.o
 .debug_macro   0x0000000000001006       0x8e ./Application/User/CM7/main.o
 .debug_macro   0x0000000000001094       0x51 ./Application/User/CM7/main.o
 .debug_macro   0x00000000000010e5      0x103 ./Application/User/CM7/main.o
 .debug_macro   0x00000000000011e8       0x6a ./Application/User/CM7/main.o
 .debug_macro   0x0000000000001252      0x1df ./Application/User/CM7/main.o
 .debug_macro   0x0000000000001431       0x1c ./Application/User/CM7/main.o
 .debug_macro   0x000000000000144d       0x22 ./Application/User/CM7/main.o
 .debug_macro   0x000000000000146f       0xfb ./Application/User/CM7/main.o
 .debug_macro   0x000000000000156a     0x1305 ./Application/User/CM7/main.o
 .debug_macro   0x000000000000286f      0x11f ./Application/User/CM7/main.o
 .debug_macro   0x000000000000298e       0x27 ./Application/User/CM7/main.o
 .debug_macro   0x00000000000029b5    0x26d4a ./Application/User/CM7/main.o
 .debug_macro   0x00000000000296ff       0x6d ./Application/User/CM7/main.o
 .debug_macro   0x000000000002976c     0x3d5d ./Application/User/CM7/main.o
 .debug_macro   0x000000000002d4c9      0x174 ./Application/User/CM7/main.o
 .debug_macro   0x000000000002d63d       0x61 ./Application/User/CM7/main.o
 .debug_macro   0x000000000002d69e       0x29 ./Application/User/CM7/main.o
 .debug_macro   0x000000000002d6c7       0x43 ./Application/User/CM7/main.o
 .debug_macro   0x000000000002d70a       0x34 ./Application/User/CM7/main.o
 .debug_macro   0x000000000002d73e       0x16 ./Application/User/CM7/main.o
 .debug_macro   0x000000000002d754       0x43 ./Application/User/CM7/main.o
 .debug_macro   0x000000000002d797       0x34 ./Application/User/CM7/main.o
 .debug_macro   0x000000000002d7cb       0x10 ./Application/User/CM7/main.o
 .debug_macro   0x000000000002d7db       0x58 ./Application/User/CM7/main.o
 .debug_macro   0x000000000002d833       0x8e ./Application/User/CM7/main.o
 .debug_macro   0x000000000002d8c1       0x1c ./Application/User/CM7/main.o
 .debug_macro   0x000000000002d8dd      0x177 ./Application/User/CM7/main.o
 .debug_macro   0x000000000002da54      0x369 ./Application/User/CM7/main.o
 .debug_macro   0x000000000002ddbd      0x19b ./Application/User/CM7/main.o
 .debug_macro   0x000000000002df58       0x5d ./Application/User/CM7/main.o
 .debug_macro   0x000000000002dfb5     0x3a9d ./Application/User/CM7/main.o
 .debug_macro   0x0000000000031a52     0x1072 ./Application/User/CM7/main.o
 .debug_macro   0x0000000000032ac4      0x154 ./Application/User/CM7/main.o
 .debug_macro   0x0000000000032c18      0x130 ./Application/User/CM7/main.o
 .debug_macro   0x0000000000032d48      0x3be ./Application/User/CM7/main.o
 .debug_macro   0x0000000000033106       0xac ./Application/User/CM7/main.o
 .debug_macro   0x00000000000331b2      0x72d ./Application/User/CM7/main.o
 .debug_macro   0x00000000000338df      0x228 ./Application/User/CM7/main.o
 .debug_macro   0x0000000000033b07       0x66 ./Application/User/CM7/main.o
 .debug_macro   0x0000000000033b6d      0x407 ./Application/User/CM7/main.o
 .debug_macro   0x0000000000033f74      0x27c ./Application/User/CM7/main.o
 .debug_macro   0x00000000000341f0      0x3ca ./Application/User/CM7/main.o
 .debug_macro   0x00000000000345ba      0x4a2 ./Application/User/CM7/main.o
 .debug_macro   0x0000000000034a5c       0x51 ./Application/User/CM7/main.o
 .debug_macro   0x0000000000034aad       0x4a ./Application/User/CM7/main.o
 .debug_macro   0x0000000000034af7      0x22c ./Application/User/CM7/main.o
 .debug_macro   0x0000000000034d23       0x67 ./Application/User/CM7/main.o
 .debug_macro   0x0000000000034d8a       0xa5 ./Application/User/CM7/main.o
 .debug_macro   0x0000000000034e2f      0x218 ./Application/User/CM7/main.o
 .debug_macro   0x0000000000035047      0x2ea ./Application/User/CM7/main.o
 .debug_macro   0x0000000000035331       0x35 ./Application/User/CM7/main.o
 .debug_macro   0x0000000000035366      0xaf3 ./Application/User/CM7/main.o
 .debug_macro   0x0000000000035e59      0x29f ./Application/User/CM7/main.o
 .debug_macro   0x00000000000360f8      0x693 ./Application/User/CM7/main.o
 .debug_macro   0x000000000003678b       0xa6 ./Application/User/CM7/main.o
 .debug_macro   0x0000000000036831      0x798 ./Application/User/CM7/main.o
 .debug_macro   0x0000000000036fc9       0x6a ./Application/User/CM7/main.o
 .debug_macro   0x0000000000037033       0xa0 ./Application/User/CM7/main.o
 .debug_macro   0x00000000000370d3       0xa5 ./Application/User/CM7/main.o
 .debug_macro   0x0000000000037178       0x1c ./Application/User/CM7/main.o
 .debug_macro   0x0000000000037194       0x35 ./Application/User/CM7/main.o
 .debug_macro   0x00000000000371c9       0x10 ./Application/User/CM7/main.o
 .debug_macro   0x00000000000371d9       0x1c ./Application/User/CM7/main.o
 .debug_macro   0x00000000000371f5       0x16 ./Application/User/CM7/main.o
 .debug_macro   0x000000000003720b      0x147 ./Application/User/CM7/main.o
 .debug_macro   0x0000000000037352       0x16 ./Application/User/CM7/main.o
 .debug_macro   0x0000000000037368       0x20 ./Application/User/CM7/main.o
 .debug_macro   0x0000000000037388      0x128 ./Application/User/CM7/main.o
 .debug_macro   0x00000000000374b0      0x15a ./Application/User/CM7/main.o
 .debug_macro   0x000000000003760a       0xe4 ./Application/User/CM7/main.o
 .debug_macro   0x00000000000376ee       0x1c ./Application/User/CM7/main.o
 .debug_macro   0x000000000003770a       0x26 ./Application/User/CM7/main.o
 .debug_macro   0x0000000000037730      0x4d3 ./Application/User/CM7/main.o
 .debug_macro   0x0000000000037c03       0xb5 ./Application/User/CM7/main.o
 .debug_macro   0x0000000000037cb8       0xaa ./Application/User/CM7/main.o
 .debug_macro   0x0000000000037d62       0x18 ./Application/User/CM7/main.o
 .debug_macro   0x0000000000037d7a       0x6d ./Application/User/CM7/main.o
 .debug_macro   0x0000000000037de7       0x22 ./Application/User/CM7/main.o
 .debug_macro   0x0000000000037e09      0x29e ./Application/User/CM7/stm32h7xx_hal_timebase_tim.o
 .debug_macro   0x00000000000380a7      0x2d3 ./Application/User/CM7/stm32h7xx_it.o
 .debug_macro   0x000000000003837a       0xff ./Application/User/CM7/sysmem.o
 .debug_macro   0x0000000000038479      0x23c ./Application/User/CM7/sysmem.o
 .debug_macro   0x00000000000386b5      0x2c5 ./Drivers/BSP/STM32H745I_Discovery/stm32h745i_discovery.o
 .debug_macro   0x000000000003897a       0x64 ./Drivers/BSP/STM32H745I_Discovery/stm32h745i_discovery.o
 .debug_macro   0x00000000000389de      0x2a4 ./Drivers/CMSIS/system_stm32h7xx.o
 .debug_macro   0x0000000000038c82      0x2c8 ./Drivers/STM32H7xx_HAL_Driver/stm32h7xx_hal.o
 .debug_macro   0x0000000000038f4a      0x29e ./Drivers/STM32H7xx_HAL_Driver/stm32h7xx_hal_cortex.o
 .debug_macro   0x00000000000391e8      0x2b2 ./Drivers/STM32H7xx_HAL_Driver/stm32h7xx_hal_gpio.o
 .debug_macro   0x000000000003949a      0x2b0 ./Drivers/STM32H7xx_HAL_Driver/stm32h7xx_hal_hsem.o
 .debug_macro   0x000000000003974a      0x2d7 ./Drivers/STM32H7xx_HAL_Driver/stm32h7xx_hal_pwr_ex.o
 .debug_macro   0x0000000000039a21      0x2c2 ./Drivers/STM32H7xx_HAL_Driver/stm32h7xx_hal_rcc.o
 .debug_macro   0x0000000000039ce3      0x29f ./Drivers/STM32H7xx_HAL_Driver/stm32h7xx_hal_tim.o
 .debug_macro   0x0000000000039f82      0x29e ./Drivers/STM32H7xx_HAL_Driver/stm32h7xx_hal_tim_ex.o
 .debug_macro   0x000000000003a220      0x187 ./Middlewares/FreeRTOS/list.o
 .debug_macro   0x000000000003a3a7      0x1da ./Middlewares/FreeRTOS/stream_buffer.o
 .debug_macro   0x000000000003a581      0x279 ./Middlewares/FreeRTOS/tasks.o
 .debug_macro   0x000000000003a7fa       0x10 ./Middlewares/FreeRTOS/tasks.o
 .debug_macro   0x000000000003a80a      0x1ae ./Middlewares/FreeRTOS/portable/heap_4.o
 .debug_macro   0x000000000003a9b8      0x196 ./Middlewares/FreeRTOS/portable/port.o

.debug_line     0x0000000000000000    0x1427e
 .debug_line    0x0000000000000000      0xe90 ./Application/User/CM7/main.o
 .debug_line    0x0000000000000e90      0x9c1 ./Application/User/CM7/stm32h7xx_hal_timebase_tim.o
 .debug_line    0x0000000000001851      0xa2c ./Application/User/CM7/stm32h7xx_it.o
 .debug_line    0x000000000000227d      0x58f ./Application/User/CM7/sysmem.o
 .debug_line    0x000000000000280c       0x7a ./Application/User/Startup/startup_stm32h745xihx.o
 .debug_line    0x0000000000002886      0xba0 ./Drivers/BSP/STM32H745I_Discovery/stm32h745i_discovery.o
 .debug_line    0x0000000000003426      0xab7 ./Drivers/CMSIS/system_stm32h7xx.o
 .debug_line    0x0000000000003edd     0x1028 ./Drivers/STM32H7xx_HAL_Driver/stm32h7xx_hal.o
 .debug_line    0x0000000000004f05      0xede ./Drivers/STM32H7xx_HAL_Driver/stm32h7xx_hal_cortex.o
 .debug_line    0x0000000000005de3      0xd8f ./Drivers/STM32H7xx_HAL_Driver/stm32h7xx_hal_gpio.o
 .debug_line    0x0000000000006b72      0xa8e ./Drivers/STM32H7xx_HAL_Driver/stm32h7xx_hal_hsem.o
 .debug_line    0x0000000000007600     0x10f9 ./Drivers/STM32H7xx_HAL_Driver/stm32h7xx_hal_pwr_ex.o
 .debug_line    0x00000000000086f9     0x149c ./Drivers/STM32H7xx_HAL_Driver/stm32h7xx_hal_rcc.o
 .debug_line    0x0000000000009b95     0x401e ./Drivers/STM32H7xx_HAL_Driver/stm32h7xx_hal_tim.o
 .debug_line    0x000000000000dbb3     0x1e81 ./Drivers/STM32H7xx_HAL_Driver/stm32h7xx_hal_tim_ex.o
 .debug_line    0x000000000000fa34      0x7dc ./Middlewares/FreeRTOS/list.o
 .debug_line    0x0000000000010210     0x1085 ./Middlewares/FreeRTOS/stream_buffer.o
 .debug_line    0x0000000000011295     0x1d2f ./Middlewares/FreeRTOS/tasks.o
 .debug_line    0x0000000000012fc4      0xa03 ./Middlewares/FreeRTOS/portable/heap_4.o
 .debug_line    0x00000000000139c7      0x8b7 ./Middlewares/FreeRTOS/portable/port.o

.debug_str      0x0000000000000000   0x187f92
 .debug_str     0x0000000000000000   0x180369 ./Application/User/CM7/main.o
                                     0x180821 (size before relaxing)
 .debug_str     0x0000000000180369      0xf2c ./Application/User/CM7/stm32h7xx_hal_timebase_tim.o
                                     0x17b45c (size before relaxing)
 .debug_str     0x0000000000181295       0xc6 ./Application/User/CM7/stm32h7xx_it.o