C:/Users/chatt/STM32CubeIDE/workspace_1.14.0/FDCAN_Classic_Frame_Networking/CM7/Src/main.c:61:5:main	5
C:/Users/chatt/STM32CubeIDE/workspace_1.14.0/FDCAN_Classic_Frame_Networking/CM7/Src/main.c:152:13:SystemClock_Config	4
C:/Users/chatt/STM32CubeIDE/workspace_1.14.0/FDCAN_Classic_Frame_Networking/CM7/Src/main.c:228:13:Error_Handler	1
C:/Users/chatt/STM32CubeIDE/workspace_1.14.0/FDCAN_Classic_Frame_Networking/CM7/Src/main.c:240:13:FDCAN_Config	5
C:/Users/chatt/STM32CubeIDE/workspace_1.14.0/FDCAN_Classic_Frame_Networking/CM7/Src/main.c:329:6:HAL_FDCAN_RxFifo0Callback	7
C:/Users/chatt/STM32CubeIDE/workspace_1.14.0/FDCAN_Classic_Frame_Networking/CM7/Src/main.c:360:6:LED_Display	5
C:/Users/chatt/STM32CubeIDE/workspace_1.14.0/FDCAN_Classic_Frame_Networking/CM7/Src/main.c:398:13:CPU_CACHE_Enable	5
C:/Users/chatt/STM32CubeIDE/workspace_1.14.0/FDCAN_Classic_Frame_Networking/CM7/Src/main.c:413:13:MPU_Config	1
