C:/Users/chatt/STM32CubeIDE/workspace_1.14.0/FDCAN_Classic_Frame_Networking/CM7/Src/stm32h7xx_it.c:53:6:NMI_Handler	4	static
C:/Users/chatt/STM32CubeIDE/workspace_1.14.0/FDCAN_Classic_Frame_Networking/CM7/Src/stm32h7xx_it.c:62:6:HardFault_Handler	4	static
C:/Users/chatt/STM32CubeIDE/workspace_1.14.0/FDCAN_Classic_Frame_Networking/CM7/Src/stm32h7xx_it.c:75:6:MemManage_Handler	4	static
C:/Users/chatt/STM32CubeIDE/workspace_1.14.0/FDCAN_Classic_Frame_Networking/CM7/Src/stm32h7xx_it.c:88:6:BusFault_Handler	4	static
C:/Users/chatt/STM32CubeIDE/workspace_1.14.0/FDCAN_Classic_Frame_Networking/CM7/Src/stm32h7xx_it.c:101:6:UsageFault_Handler	4	static
C:/Users/chatt/STM32CubeIDE/workspace_1.14.0/FDCAN_Classic_Frame_Networking/CM7/Src/stm32h7xx_it.c:114:6:SVC_Handler	4	static
C:/Users/chatt/STM32CubeIDE/workspace_1.14.0/FDCAN_Classic_Frame_Networking/CM7/Src/stm32h7xx_it.c:123:6:DebugMon_Handler	4	static
C:/Users/chatt/STM32CubeIDE/workspace_1.14.0/FDCAN_Classic_Frame_Networking/CM7/Src/stm32h7xx_it.c:132:6:PendSV_Handler	4	static
C:/Users/chatt/STM32CubeIDE/workspace_1.14.0/FDCAN_Classic_Frame_Networking/CM7/Src/stm32h7xx_it.c:141:6:SysTick_Handler	8	static
C:/Users/chatt/STM32CubeIDE/workspace_1.14.0/FDCAN_Classic_Frame_Networking/CM7/Src/stm32h7xx_it.c:164:6:FDCAN1_IT0_IRQHandler	8	static
