Archive member included to satisfy reference by file (symbol)

C:/ST/STM32CubeIDE_1.14.0/STM32CubeIDE/plugins/com.st.stm32cube.ide.mcu.externaltools.gnu-tools-for-stm32.11.3.rel1.win32_1.1.100.202309141235/tools/bin/../lib/gcc/arm-none-eabi/11.3.1/../../../../arm-none-eabi/lib/thumb/v7e-m+fp/hard\libc_nano.a(libc_a-exit.o)
                              C:/ST/STM32CubeIDE_1.14.0/STM32CubeIDE/plugins/com.st.stm32cube.ide.mcu.externaltools.gnu-tools-for-stm32.11.3.rel1.win32_1.1.100.202309141235/tools/bin/../lib/gcc/arm-none-eabi/11.3.1/../../../../arm-none-eabi/lib/thumb/v7e-m+fp/hard/crt0.o (exit)
C:/ST/STM32CubeIDE_1.14.0/STM32CubeIDE/plugins/com.st.stm32cube.ide.mcu.externaltools.gnu-tools-for-stm32.11.3.rel1.win32_1.1.100.202309141235/tools/bin/../lib/gcc/arm-none-eabi/11.3.1/../../../../arm-none-eabi/lib/thumb/v7e-m+fp/hard\libc_nano.a(libc_a-findfp.o)
                              C:/ST/STM32CubeIDE_1.14.0/STM32CubeIDE/plugins/com.st.stm32cube.ide.mcu.externaltools.gnu-tools-for-stm32.11.3.rel1.win32_1.1.100.202309141235/tools/bin/../lib/gcc/arm-none-eabi/11.3.1/../../../../arm-none-eabi/lib/thumb/v7e-m+fp/hard\libc_nano.a(libc_a-exit.o) (__stdio_exit_handler)
C:/ST/STM32CubeIDE_1.14.0/STM32CubeIDE/plugins/com.st.stm32cube.ide.mcu.externaltools.gnu-tools-for-stm32.11.3.rel1.win32_1.1.100.202309141235/tools/bin/../lib/gcc/arm-none-eabi/11.3.1/../../../../arm-none-eabi/lib/thumb/v7e-m+fp/hard\libc_nano.a(libc_a-fwalk.o)
                              C:/ST/STM32CubeIDE_1.14.0/STM32CubeIDE/plugins/com.st.stm32cube.ide.mcu.externaltools.gnu-tools-for-stm32.11.3.rel1.win32_1.1.100.202309141235/tools/bin/../lib/gcc/arm-none-eabi/11.3.1/../../../../arm-none-eabi/lib/thumb/v7e-m+fp/hard\libc_nano.a(libc_a-findfp.o) (_fwalk_sglue)
C:/ST/STM32CubeIDE_1.14.0/STM32CubeIDE/plugins/com.st.stm32cube.ide.mcu.externaltools.gnu-tools-for-stm32.11.3.rel1.win32_1.1.100.202309141235/tools/bin/../lib/gcc/arm-none-eabi/11.3.1/../../../../arm-none-eabi/lib/thumb/v7e-m+fp/hard\libc_nano.a(libc_a-sprintf.o)
                              ./Application/User/CM4/main.o (sprintf)
C:/ST/STM32CubeIDE_1.14.0/STM32CubeIDE/plugins/com.st.stm32cube.ide.mcu.externaltools.gnu-tools-for-stm32.11.3.rel1.win32_1.1.100.202309141235/tools/bin/../lib/gcc/arm-none-eabi/11.3.1/../../../../arm-none-eabi/lib/thumb/v7e-m+fp/hard\libc_nano.a(libc_a-stdio.o)
                              C:/ST/STM32CubeIDE_1.14.0/STM32CubeIDE/plugins/com.st.stm32cube.ide.mcu.externaltools.gnu-tools-for-stm32.11.3.rel1.win32_1.1.100.202309141235/tools/bin/../lib/gcc/arm-none-eabi/11.3.1/../../../../arm-none-eabi/lib/thumb/v7e-m+fp/hard\libc_nano.a(libc_a-findfp.o) (__sread)
C:/ST/STM32CubeIDE_1.14.0/STM32CubeIDE/plugins/com.st.stm32cube.ide.mcu.externaltools.gnu-tools-for-stm32.11.3.rel1.win32_1.1.100.202309141235/tools/bin/../lib/gcc/arm-none-eabi/11.3.1/../../../../arm-none-eabi/lib/thumb/v7e-m+fp/hard\libc_nano.a(libc_a-memset.o)
                              C:/ST/STM32CubeIDE_1.14.0/STM32CubeIDE/plugins/com.st.stm32cube.ide.mcu.externaltools.gnu-tools-for-stm32.11.3.rel1.win32_1.1.100.202309141235/tools/bin/../lib/gcc/arm-none-eabi/11.3.1/../../../../arm-none-eabi/lib/thumb/v7e-m+fp/hard/crt0.o (memset)
C:/ST/STM32CubeIDE_1.14.0/STM32CubeIDE/plugins/com.st.stm32cube.ide.mcu.externaltools.gnu-tools-for-stm32.11.3.rel1.win32_1.1.100.202309141235/tools/bin/../lib/gcc/arm-none-eabi/11.3.1/../../../../arm-none-eabi/lib/thumb/v7e-m+fp/hard\libc_nano.a(libc_a-closer.o)
                              C:/ST/STM32CubeIDE_1.14.0/STM32CubeIDE/plugins/com.st.stm32cube.ide.mcu.externaltools.gnu-tools-for-stm32.11.3.rel1.win32_1.1.100.202309141235/tools/bin/../lib/gcc/arm-none-eabi/11.3.1/../../../../arm-none-eabi/lib/thumb/v7e-m+fp/hard\libc_nano.a(libc_a-stdio.o) (_close_r)
C:/ST/STM32CubeIDE_1.14.0/STM32CubeIDE/plugins/com.st.stm32cube.ide.mcu.externaltools.gnu-tools-for-stm32.11.3.rel1.win32_1.1.100.202309141235/tools/bin/../lib/gcc/arm-none-eabi/11.3.1/../../../../arm-none-eabi/lib/thumb/v7e-m+fp/hard\libc_nano.a(libc_a-reent.o)
                              C:/ST/STM32CubeIDE_1.14.0/STM32CubeIDE/plugins/com.st.stm32cube.ide.mcu.externaltools.gnu-tools-for-stm32.11.3.rel1.win32_1.1.100.202309141235/tools/bin/../lib/gcc/arm-none-eabi/11.3.1/../../../../arm-none-eabi/lib/thumb/v7e-m+fp/hard\libc_nano.a(libc_a-closer.o) (errno)
C:/ST/STM32CubeIDE_1.14.0/STM32CubeIDE/plugins/com.st.stm32cube.ide.mcu.externaltools.gnu-tools-for-stm32.11.3.rel1.win32_1.1.100.202309141235/tools/bin/../lib/gcc/arm-none-eabi/11.3.1/../../../../arm-none-eabi/lib/thumb/v7e-m+fp/hard\libc_nano.a(libc_a-impure.o)
                              C:/ST/STM32CubeIDE_1.14.0/STM32CubeIDE/plugins/com.st.stm32cube.ide.mcu.externaltools.gnu-tools-for-stm32.11.3.rel1.win32_1.1.100.202309141235/tools/bin/../lib/gcc/arm-none-eabi/11.3.1/../../../../arm-none-eabi/lib/thumb/v7e-m+fp/hard\libc_nano.a(libc_a-sprintf.o) (_impure_ptr)
[...]
Memory Configuration

Name             Origin             Length             Attributes
FLASH            0x0000000008100000 0x0000000000100000 xr
RAM              0x0000000010000000 0x0000000000040000 xrw
RAM_D3_Z1        0x0000000038000000 0x0000000000000004 xrw
RAM_D3_Z2        0x0000000038000004 0x0000000000000008 xrw
RAM_D3_Z3        0x000000003800000c 0x0000000000000044 xrw
RAM_D3_Z4        0x0000000038000050 0x0000000000000050 xrw
RAM_D3_Z5        0x00000000380000a0 0x000000000000005f xrw
RAM_D3_Z6        0x0000000038000100 0x0000000000000100 xrw
RAM_D3_Z7        0x0000000038000200 0x0000000000000100 xrw
*default*        0x0000000000000000 0xffffffffffffffff

Linker script and memory map

LOAD C:/ST/STM32CubeIDE_1.14.0/STM32CubeIDE/plugins/com.st.stm32cube.ide.mcu.externaltools.gnu-tools-for-stm32.11.3.rel1.win32_1.1.100.202309141235/tools/bin/../lib/gcc/arm-none-eabi/11.3.1/thumb/v7e-m+fp/hard/crti.o
LOAD C:/ST/STM32CubeIDE_1.14.0/STM32CubeIDE/plugins/com.st.stm32cube.ide.mcu.externaltools.gnu-tools-for-stm32.11.3.rel1.win32_1.1.100.202309141235/tools/bin/../lib/gcc/arm-none-eabi/11.3.1/thumb/v7e-m+fp/hard/crtbegin.o
LOAD C:/ST/STM32CubeIDE_1.14.0/STM32CubeIDE/plugins/com.st.stm32cube.ide.mcu.externaltools.gnu-tools-for-stm32.11.3.rel1.win32_1.1.100.202309141235/tools/bin/../lib/gcc/arm-none-eabi/11.3.1/../../../../arm-none-eabi/lib/thumb/v7e-m+fp/hard/crt0.o
LOAD ./Application/User/CM4/main.o
LOAD ./Application/User/CM4/stm32h7xx_it.o
LOAD ./Application/User/CM4/syscalls.o
LOAD ./Application/User/CM4/sysmem.o
LOAD ./Application/User/Startup/startup_stm32h745xihx.o
LOAD ./Drivers/BSP/Components/mfxstm32l152.o
LOAD ./Drivers/BSP/STM32H745I_Discovery/stm32h745i_discovery.o
LOAD ./Drivers/CMSIS/system_stm32h7xx.o
LOAD ./Drivers/STM32H7xx_HAL_Driver/stm32h7xx_hal.o
LOAD ./Drivers/STM32H7xx_HAL_Driver/stm32h7xx_hal_adc.o
LOAD ./Drivers/STM32H7xx_HAL_Driver/stm32h7xx_hal_adc_ex.o
LOAD ./Drivers/STM32H7xx_HAL_Driver/stm32h7xx_hal_cortex.o
LOAD ./Drivers/STM32H7xx_HAL_Driver/stm32h7xx_hal_dma.o
LOAD ./Drivers/STM32H7xx_HAL_Driver/stm32h7xx_hal_dma_ex.o
LOAD ./Drivers/STM32H7xx_HAL_Driver/stm32h7xx_hal_gpio.o
LOAD ./Drivers/STM32H7xx_HAL_Driver/stm32h7xx_hal_hsem.o
LOAD ./Drivers/STM32H7xx_HAL_Driver/stm32h7xx_hal_i2c.o
LOAD ./Drivers/STM32H7xx_HAL_Driver/stm32h7xx_hal_i2c_ex.o
LOAD ./Drivers/STM32H7xx_HAL_Driver/stm32h7xx_hal_pwr.o
LOAD ./Drivers/STM32H7xx_HAL_Driver/stm32h7xx_hal_pwr_ex.o
LOAD ./Drivers/STM32H7xx_HAL_Driver/stm32h7xx_hal_rcc.o
LOAD ./Drivers/STM32H7xx_HAL_Driver/stm32h7xx_hal_rcc_ex.o
LOAD ./Drivers/STM32H7xx_HAL_Driver/stm32h7xx_hal_tim.o
LOAD ./Drivers/STM32H7xx_HAL_Driver/stm32h7xx_hal_tim_ex.o
LOAD ./Drivers/STM32H7xx_HAL_Driver/stm32h7xx_hal_uart.o
LOAD ./Drivers/STM32H7xx_HAL_Driver/stm32h7xx_hal_uart_ex.o
LOAD ./Middlewares/FreeRTOS/CMSIS-RTOS/cmsis_os.o
LOAD ./Middlewares/FreeRTOS/croutine.o
LOAD ./Middlewares/FreeRTOS/event_groups.o
LOAD ./Middlewares/FreeRTOS/list.o
LOAD ./Middlewares/FreeRTOS/queue.o
LOAD ./Middlewares/FreeRTOS/stream_buffer.o
LOAD ./Middlewares/FreeRTOS/tasks.o
LOAD ./Middlewares/FreeRTOS/timers.o
LOAD ./Middlewares/FreeRTOS/portable/heap_4.o
LOAD ./Middlewares/FreeRTOS/portable/port.o
START GROUP
LOAD C:/ST/STM32CubeIDE_1.14.0/STM32CubeIDE/plugins/com.st.stm32cube.ide.mcu.externaltools.gnu-tools-for-stm32.11.3.rel1.win32_1.1.100.202309141235/tools/bin/../lib/gcc/arm-none-eabi/11.3.1/../../../../arm-none-eabi/lib/thumb/v7e-m+fp/hard\libc_nano.a
LOAD C:/ST/STM32CubeIDE_1.14.0/STM32CubeIDE/plugins/com.st.stm32cube.ide.mcu.externaltools.gnu-tools-for-stm32.11.3.rel1.win32_1.1.100.202309141235/tools/bin/../lib/gcc/arm-none-eabi/11.3.1/../../../../arm-none-eabi/lib/thumb/v7e-m+fp/hard\libm.a
END GROUP
START GROUP
LOAD C:/ST/STM32CubeIDE_1.14.0/STM32CubeIDE/plugins/com.st.stm32cube.ide.mcu.externaltools.gnu-tools-for-stm32.11.3.rel1.win32_1.1.100.202309141235/tools/bin/../lib/gcc/arm-none-eabi/11.3.1/thumb/v7e-m+fp/hard\libgcc.a
LOAD C:/ST/STM32CubeIDE_1.14.0/STM32CubeIDE/plugins/com.st.stm32cube.ide.mcu.externaltools.gnu-tools-for-stm32.11.3.rel1.win32_1.1.100.202309141235/tools/bin/../lib/gcc/arm-none-eabi/11.3.1/../../../../arm-none-eabi/lib/thumb/v7e-m+fp/hard\libc_nano.a
END GROUP
START GROUP
LOAD C:/ST/STM32CubeIDE_1.14.0/STM32CubeIDE/plugins/com.st.stm32cube.ide.mcu.externaltools.gnu-tools-for-stm32.11.3.rel1.win32_1.1.100.202309141235/tools/bin/../lib/gcc/arm-none-eabi/11.3.1/thumb/v7e-m+fp/hard\libgcc.a
LOAD C:/ST/STM32CubeIDE_1.14.0/STM32CubeIDE/plugins/com.st.stm32cube.ide.mcu.externaltools.gnu-tools-for-stm32.11.3.rel1.win32_1.1.100.202309141235/tools/bin/../lib/gcc/arm-none-eabi/11.3.1/../../../../arm-none-eabi/lib/thumb/v7e-m+fp/hard\libc_nano.a
LOAD C:/ST/STM32CubeIDE_1.14.0/STM32CubeIDE/plugins/com.st.stm32cube.ide.mcu.externaltools.gnu-tools-for-stm32.11.3.rel1.win32_1.1.100.202309141235/tools/bin/../lib/gcc/arm-none-eabi/11.3.1/../../../../arm-none-eabi/lib/thumb/v7e-m+fp/hard\libnosys.a
END GROUP
START GROUP
LOAD C:/ST/STM32CubeIDE_1.14.0/STM32CubeIDE/plugins/com.st.stm32cube.ide.mcu.externaltools.gnu-tools-for-stm32.11.3.rel1.win32_1.1.100.202309141235/tools/bin/../lib/gcc/arm-none-eabi/11.3.1/thumb/v7e-m+fp/hard\libgcc.a
LOAD C:/ST/STM32CubeIDE_1.14.0/STM32CubeIDE/plugins/com.st.stm32cube.ide.mcu.externaltools.gnu-tools-for-stm32.11.3.rel1.win32_1.1.100.202309141235/tools/bin/../lib/gcc/arm-none-eabi/11.3.1/../../../../arm-none-eabi/lib/thumb/v7e-m+fp/hard\libc_nano.a
LOAD C:/ST/STM32CubeIDE_1.14.0/STM32CubeIDE/plugins/com.st.stm32cube.ide.mcu.externaltools.gnu-tools-for-stm32.11.3.rel1.win32_1.1.100.202309141235/tools/bin/../lib/gcc/arm-none-eabi/11.3.1/../../../../arm-none-eabi/lib/thumb/v7e-m+fp/hard\libnosys.a
END GROUP
LOAD C:/ST/STM32CubeIDE_1.14.0/STM32CubeIDE/plugins/com.st.stm32cube.ide.mcu.externaltools.gnu-tools-for-stm32.11.3.rel1.win32_1.1.100.202309141235/tools/bin/../lib/gcc/arm-none-eabi/11.3.1/thumb/v7e-m+fp/hard/crtend.o
LOAD C:/ST/STM32CubeIDE_1.14.0/STM32CubeIDE/plugins/com.st.stm32cube.ide.mcu.externaltools.gnu-tools-for-stm32.11.3.rel1.win32_1.1.100.202309141235/tools/bin/../lib/gcc/arm-none-eabi/11.3.1/thumb/v7e-m+fp/hard/crtn.o
                0x0000000010040000                _estack = 0x10040000
                0x0000000000000400                _Min_Heap_Size = 0x400
                0x0000000000000800                _Min_Stack_Size = 0x800

.isr_vector     0x0000000008100000      0x298
                0x0000000008100000                . = ALIGN (0x4)
 *(.isr_vector)
 .isr_vector    0x0000000008100000      0x298 ./Application/User/Startup/startup_stm32h745xihx.o
                0x0000000008100000                g_pfnVectors
                0x0000000008100298                . = ALIGN (0x4)

.text           0x00000000081002a0     0x30f8
                0x00000000081002a0                . = ALIGN (0x4)
 *(.text)
 .text          0x00000000081002a0       0x40 C:/ST/STM32CubeIDE_1.14.0/STM32CubeIDE/plugins/com.st.stm32cube.ide.mcu.externaltools.gnu-tools-for-stm32.11.3.rel1.win32_1.1.100.202309141235/tools/bin/../lib/gcc/arm-none-eabi/11.3.1/thumb/v7e-m+fp/hard/crtbegin.o
 .text          0x00000000081002e0       0x14 C:/ST/STM32CubeIDE_1.14.0/STM32CubeIDE/plugins/com.st.stm32cube.ide.mcu.externaltools.gnu-tools-for-stm32.11.3.rel1.win32_1.1.100.202309141235/tools/bin/../lib/gcc/arm-none-eabi/11.3.1/../../../../arm-none-eabi/lib/thumb/v7e-m+fp/hard\libc_nano.a(libc_a-strcmp.o)
                0x00000000081002e0                strcmp
 .text          0x00000000081002f4       0x10 C:/ST/STM32CubeIDE_1.14.0/STM32CubeIDE/plugins/com.st.stm32cube.ide.mcu.externaltools.gnu-tools-for-stm32.11.3.rel1.win32_1.1.100.202309141235/tools/bin/../lib/gcc/arm-none-eabi/11.3.1/../../../../arm-none-eabi/lib/thumb/v7e-m+fp/hard\libc_nano.a(libc_a-strlen.o)
                0x00000000081002f4                strlen
 *fill*         0x0000000008100304        0xc 
 .text          0x0000000008100310       0xa0 C:/ST/STM32CubeIDE_1.14.0/STM32CubeIDE/plugins/com.st.stm32cube.ide.mcu.externaltools.gnu-tools-for-stm32.11.3.rel1.win32_1.1.100.202309141235/tools/bin/../lib/gcc/arm-none-eabi/11.3.1/../../../../arm-none-eabi/lib/thumb/v7e-m+fp/hard\libc_nano.a(libc_a-memchr.o)
                0x0000000008100310                memchr
 *(.text*)
 .text.main     0x00000000081003b0      0x100 ./Application/User/CM4/main.o
                0x00000000081003b0                main
 .text.prvCore2Tasks
                0x00000000081004b0       0xd0 ./Application/User/CM4/main.o
 .text.prvCore2InterruptHandler
                0x0000000008100580       0x50 ./Application/User/CM4/main.o
 .text.HAL_GPIO_EXTI_Callback
                0x00000000081005d0       0x1c ./Application/User/CM4/main.o
                0x00000000081005d0                HAL_GPIO_EXTI_Callback
 .text.Error_Handler
                0x00000000081005ec        0x6 ./Application/User/CM4/main.o
 .text.NMI_Handler
                0x00000000081005f2        0xe ./Application/User/CM4/stm32h7xx_it.o
                0x00000000081005f2                NMI_Handler
 .text.HardFault_Handler
                0x0000000008100600        0x6 ./Application/User/CM4/stm32h7xx_it.o
                0x0000000008100600                HardFault_Handler
 .text.MemManage_Handler
                0x0000000008100606        0x6 ./Application/User/CM4/stm32h7xx_it.o
                0x0000000008100606                MemManage_Handler
 .text.BusFault_Handler
                0x000000000810060c        0x6 ./Application/User/CM4/stm32h7xx_it.o
                0x000000000810060c                BusFault_Handler
 .text.UsageFault_Handler
                0x0000000008100612        0x6 ./Application/User/CM4/stm32h7xx_it.o
                0x0000000008100612                UsageFault_Handler
 .text.DebugMon_Handler
                0x0000000008100618        0xe ./Application/User/CM4/stm32h7xx_it.o
                0x0000000008100618                DebugMon_Handler
 .text.EXTI0_IRQHandler
                0x0000000008100626        0xe ./Application/User/CM4/stm32h7xx_it.o
                0x0000000008100626                EXTI0_IRQHandler
 .text._sbrk    0x0000000008100634       0x6c ./Application/User/CM4/sysmem.o
                0x0000000008100634                _sbrk
 .text.Reset_Handler
                0x00000000081006a0       0x50 ./Application/User/Startup/startup_stm32h745xihx.o
                0x00000000081006a0                Reset_Handler
 .text.Default_Handler
                0x00000000081006f0        0x2 ./Application/User/Startup/startup_stm32h745xihx.o
                0x00000000081006f0                RTC_Alarm_IRQHandler
                0x00000000081006f0                EXTI2_IRQHandler
                0x00000000081006f0                TIM8_CC_IRQHandler
                0x00000000081006f0                HRTIM1_Master_IRQHandler
                0x00000000081006f0                UART8_IRQHandler
                0x00000000081006f0                SPI4_IRQHandler
                0x00000000081006f0                TIM1_CC_IRQHandler
                0x00000000081006f0                BDMA_Channel6_IRQHandler
                0x00000000081006f0                DMA2_Stream5_IRQHandler
                0x00000000081006f0                HRTIM1_FLT_IRQHandler
                0x00000000081006f0                JPEG_IRQHandler
                0x00000000081006f0                DMA1_Stream5_IRQHandler
                0x00000000081006f0                BDMA_Channel1_IRQHandler
                0x00000000081006f0                HRTIM1_TIMD_IRQHandler
                0x00000000081006f0                TAMP_STAMP_IRQHandler
                0x00000000081006f0                EXTI3_IRQHandler
                0x00000000081006f0                LPTIM4_IRQHandler
                0x00000000081006f0                TIM8_TRG_COM_TIM14_IRQHandler
                0x00000000081006f0                LPTIM2_IRQHandler
                0x00000000081006f0                DFSDM1_FLT1_IRQHandler
                0x00000000081006f0                DMAMUX2_OVR_IRQHandler
                0x00000000081006f0                TIM8_UP_TIM13_IRQHandler
                0x00000000081006f0                I2C3_ER_IRQHandler
                0x00000000081006f0                DFSDM1_FLT2_IRQHandler
                0x00000000081006f0                MDMA_IRQHandler
                0x00000000081006f0                LPTIM3_IRQHandler
                0x00000000081006f0                HSEM1_IRQHandler
                0x00000000081006f0                I2C2_EV_IRQHandler
                0x00000000081006f0                DMA1_Stream2_IRQHandler
                0x00000000081006f0                FPU_IRQHandler
                0x00000000081006f0                OTG_HS_WKUP_IRQHandler
                0x00000000081006f0                FDCAN1_IT1_IRQHandler
                0x00000000081006f0                LTDC_ER_IRQHandler
                0x00000000081006f0                DMA2_Stream2_IRQHandler
                0x00000000081006f0                HRTIM1_TIME_IRQHandler
                0x00000000081006f0                SPI1_IRQHandler
                0x00000000081006f0                TIM6_DAC_IRQHandler
                0x00000000081006f0                DCMI_IRQHandler
                0x00000000081006f0                HRTIM1_TIMC_IRQHandler
                0x00000000081006f0                DMA2_Stream3_IRQHandler
                0x00000000081006f0                SAI2_IRQHandler
                0x00000000081006f0                DFSDM1_FLT3_IRQHandler
                0x00000000081006f0                USART6_IRQHandler
                0x00000000081006f0                TIM17_IRQHandler
                0x00000000081006f0                USART3_IRQHandler
                0x00000000081006f0                BDMA_Channel7_IRQHandler
                0x00000000081006f0                LPTIM5_IRQHandler
                0x00000000081006f0                UART5_IRQHandler
                0x00000000081006f0                ADC3_IRQHandler
                0x00000000081006f0                DMA2_Stream0_IRQHandler
                0x00000000081006f0                TIM4_IRQHandler
                0x00000000081006f0                BDMA_Channel2_IRQHandler
                0x00000000081006f0                QUADSPI_IRQHandler
                0x00000000081006f0                I2C1_EV_IRQHandler
                0x00000000081006f0                DMA1_Stream6_IRQHandler
                0x00000000081006f0                DMAMUX1_OVR_IRQHandler
                0x00000000081006f0                DMA1_Stream1_IRQHandler
                0x00000000081006f0                TIM16_IRQHandler
                0x00000000081006f0                UART4_IRQHandler
                0x00000000081006f0                BDMA_Channel5_IRQHandler
                0x00000000081006f0                TIM3_IRQHandler
                0x00000000081006f0                RCC_IRQHandler
                0x00000000081006f0                TIM8_BRK_TIM12_IRQHandler
                0x00000000081006f0                TIM1_TRG_COM_IRQHandler
                0x00000000081006f0                Default_Handler
                0x00000000081006f0                ECC_IRQHandler
                0x00000000081006f0                CEC_IRQHandler
                0x00000000081006f0                EXTI15_10_IRQHandler
                0x00000000081006f0                BDMA_Channel0_IRQHandler
                0x00000000081006f0                ADC_IRQHandler
                0x00000000081006f0                DMA1_Stream7_IRQHandler
                0x00000000081006f0                HRTIM1_TIMA_IRQHandler
                0x00000000081006f0                SPI5_IRQHandler
                0x00000000081006f0                TIM7_IRQHandler
                0x00000000081006f0                SDMMC1_IRQHandler
                0x00000000081006f0                TIM5_IRQHandler
                0x00000000081006f0                DMA2_Stream7_IRQHandler
                0x00000000081006f0                TIM15_IRQHandler
                0x00000000081006f0                PVD_AVD_IRQHandler
                0x00000000081006f0                I2C3_EV_IRQHandler
                0x00000000081006f0                EXTI9_5_IRQHandler
                0x00000000081006f0                RTC_WKUP_IRQHandler
                0x00000000081006f0                LTDC_IRQHandler
                0x00000000081006f0                SAI3_IRQHandler
                0x00000000081006f0                ETH_WKUP_IRQHandler
                0x00000000081006f0                SPDIF_RX_IRQHandler
                0x00000000081006f0                SPI2_IRQHandler
                0x00000000081006f0                OTG_HS_EP1_IN_IRQHandler
                0x00000000081006f0                DMA1_Stream0_IRQHandler
                0x00000000081006f0                CRS_IRQHandler
                0x00000000081006f0                CM7_SEV_IRQHandler
                0x00000000081006f0                EXTI4_IRQHandler
                0x00000000081006f0                RNG_IRQHandler
                0x00000000081006f0                CM4_SEV_IRQHandler
                0x00000000081006f0                HRTIM1_TIMB_IRQHandler
                0x00000000081006f0                FDCAN2_IT1_IRQHandler
                0x00000000081006f0                ETH_IRQHandler
                0x00000000081006f0                TIM1_UP_IRQHandler
                0x00000000081006f0                WWDG_RST_IRQHandler
                0x00000000081006f0                BDMA_Channel4_IRQHandler
                0x00000000081006f0                OTG_HS_EP1_OUT_IRQHandler
                0x00000000081006f0                WWDG_IRQHandler
                0x00000000081006f0                SPI6_IRQHandler
                0x00000000081006f0                MDIOS_IRQHandler
                0x00000000081006f0                I2C4_EV_IRQHandler
                0x00000000081006f0                FDCAN2_IT0_IRQHandler
                0x00000000081006f0                LPUART1_IRQHandler
                0x00000000081006f0                FDCAN1_IT0_IRQHandler
                0x00000000081006f0                TIM2_IRQHandler
                0x00000000081006f0                OTG_FS_WKUP_IRQHandler
                0x00000000081006f0                OTG_HS_IRQHandler
                0x00000000081006f0                HSEM2_IRQHandler
                0x00000000081006f0                DMA2D_IRQHandler
                0x00000000081006f0                TIM1_BRK_IRQHandler
                0x00000000081006f0                EXTI1_IRQHandler
                0x00000000081006f0                SDMMC2_IRQHandler
                0x00000000081006f0                OTG_FS_EP1_OUT_IRQHandler
                0x00000000081006f0                BDMA_Channel3_IRQHandler
                0x00000000081006f0                HOLD_CORE_IRQHandler
                0x00000000081006f0                UART7_IRQHandler
                0x00000000081006f0                MDIOS_WKUP_IRQHandler
                0x00000000081006f0                USART2_IRQHandler
                0x00000000081006f0                DFSDM1_FLT0_IRQHandler
                0x00000000081006f0                SAI4_IRQHandler
                0x00000000081006f0                I2C2_ER_IRQHandler
                0x00000000081006f0                DMA2_Stream1_IRQHandler
                0x00000000081006f0                FLASH_IRQHandler
                0x00000000081006f0                DMA2_Stream4_IRQHandler
                0x00000000081006f0                USART1_IRQHandler
                0x00000000081006f0                OTG_FS_IRQHandler
                0x00000000081006f0                SPI3_IRQHandler
                0x00000000081006f0                WAKEUP_PIN_IRQHandler
                0x00000000081006f0                DMA1_Stream4_IRQHandler
                0x00000000081006f0                OTG_FS_EP1_IN_IRQHandler
                0x00000000081006f0                I2C1_ER_IRQHandler
                0x00000000081006f0                FMC_IRQHandler
                0x00000000081006f0                FDCAN_CAL_IRQHandler
                0x00000000081006f0                SWPMI1_IRQHandler
                0x00000000081006f0                COMP1_IRQHandler
                0x00000000081006f0                LPTIM1_IRQHandler
                0x00000000081006f0                I2C4_ER_IRQHandler
                0x00000000081006f0                DMA2_Stream6_IRQHandler
                0x00000000081006f0                SAI1_IRQHandler
                0x00000000081006f0                DMA1_Stream3_IRQHandler
 *fill*         0x00000000081006f2        0x2 
 .text.SystemInit
                0x00000000081006f4       0x38 ./Drivers/CMSIS/system_stm32h7xx.o
                0x00000000081006f4                SystemInit
 .text.HAL_Init
                0x000000000810072c       0xbc ./Drivers/STM32H7xx_HAL_Driver/stm32h7xx_hal.o
                0x000000000810072c                HAL_Init
 .text.HAL_MspInit
                0x00000000081007e8        0xe ./Drivers/STM32H7xx_HAL_Driver/stm32h7xx_hal.o
                0x00000000081007e8                HAL_MspInit
 *fill*         0x00000000081007f6        0x2 
 .text.HAL_InitTick
                0x00000000081007f8       0x6c ./Drivers/STM32H7xx_HAL_Driver/stm32h7xx_hal.o
                0x00000000081007f8                HAL_InitTick
 .text.HAL_EXTI_D2_ClearFlag
                0x0000000008100864       0x2e ./Drivers/STM32H7xx_HAL_Driver/stm32h7xx_hal.o
                0x0000000008100864                HAL_EXTI_D2_ClearFlag
 *fill*         0x0000000008100892        0x2 
 .text.__NVIC_SetPriorityGrouping
                0x0000000008100894       0x48 ./Drivers/STM32H7xx_HAL_Driver/stm32h7xx_hal_cortex.o
 .text.__NVIC_GetPriorityGrouping
                0x00000000081008dc       0x1c ./Drivers/STM32H7xx_HAL_Driver/stm32h7xx_hal_cortex.o
 .text.__NVIC_EnableIRQ
                0x00000000081008f8       0x3c ./Drivers/STM32H7xx_HAL_Driver/stm32h7xx_hal_cortex.o
 .text.__NVIC_SetPriority
                0x0000000008100934       0x54 ./Drivers/STM32H7xx_HAL_Driver/stm32h7xx_hal_cortex.o
 .text.NVIC_EncodePriority
                0x0000000008100988       0x66 ./Drivers/STM32H7xx_HAL_Driver/stm32h7xx_hal_cortex.o
 *fill*         0x00000000081009ee        0x2 
 .text.SysTick_Config
                0x00000000081009f0       0x44 ./Drivers/STM32H7xx_HAL_Driver/stm32h7xx_hal_cortex.o
 .text.HAL_NVIC_SetPriorityGrouping
                0x0000000008100a34       0x16 ./Drivers/STM32H7xx_HAL_Driver/stm32h7xx_hal_cortex.o
                0x0000000008100a34                HAL_NVIC_SetPriorityGrouping
 .text.HAL_NVIC_SetPriority
                0x0000000008100a4a       0x34 ./Drivers/STM32H7xx_HAL_Driver/stm32h7xx_hal_cortex.o
                0x0000000008100a4a                HAL_NVIC_SetPriority
 .text.HAL_NVIC_EnableIRQ
                0x0000000008100a7e       0x1c ./Drivers/STM32H7xx_HAL_Driver/stm32h7xx_hal_cortex.o
                0x0000000008100a7e                HAL_NVIC_EnableIRQ
 .text.HAL_SYSTICK_Config
                0x0000000008100a9a       0x18 ./Drivers/STM32H7xx_HAL_Driver/stm32h7xx_hal_cortex.o
                0x0000000008100a9a                HAL_SYSTICK_Config
 *fill*         0x0000000008100ab2        0x2 
 .text.HAL_GetCurrentCPUID
                0x0000000008100ab4       0x28 ./Drivers/STM32H7xx_HAL_Driver/stm32h7xx_hal_cortex.o
                0x0000000008100ab4                HAL_GetCurrentCPUID
 .text.HAL_GPIO_EXTI_IRQHandler
                0x0000000008100adc       0x34 ./Drivers/STM32H7xx_HAL_Driver/stm32h7xx_hal_gpio.o
                0x0000000008100adc                HAL_GPIO_EXTI_IRQHandler
 .text.HAL_HSEM_ActivateNotification
                0x0000000008100b10       0x24 ./Drivers/STM32H7xx_HAL_Driver/stm32h7xx_hal_hsem.o
                0x0000000008100b10                HAL_HSEM_ActivateNotification
 .text.HAL_PWREx_EnterSTOPMode
                0x0000000008100b34       0xf4 ./Drivers/STM32H7xx_HAL_Driver/stm32h7xx_hal_pwr_ex.o
                0x0000000008100b34                HAL_PWREx_EnterSTOPMode
 .text.HAL_PWREx_ClearPendingEvent
                0x0000000008100c28       0x1a ./Drivers/STM32H7xx_HAL_Driver/stm32h7xx_hal_pwr_ex.o
                0x0000000008100c28                HAL_PWREx_ClearPendingEvent
 *fill*         0x0000000008100c42        0x2 
 .text.HAL_RCC_GetSysClockFreq
                0x0000000008100c44      0x2f4 ./Drivers/STM32H7xx_HAL_Driver/stm32h7xx_hal_rcc.o
                0x0000000008100c44                HAL_RCC_GetSysClockFreq
 .text.vListInitialise
                0x0000000008100f38       0x40 ./Middlewares/FreeRTOS/list.o
                0x0000000008100f38                vListInitialise
 .text.vListInitialiseItem
                0x0000000008100f78       0x1a ./Middlewares/FreeRTOS/list.o
                0x0000000008100f78                vListInitialiseItem
 .text.vListInsertEnd
                0x0000000008100f92       0x48 ./Middlewares/FreeRTOS/list.o
                0x0000000008100f92                vListInsertEnd
 .text.vListInsert
                0x0000000008100fda       0x72 ./Middlewares/FreeRTOS/list.o
                0x0000000008100fda                vListInsert
 .text.uxListRemove
                0x000000000810104c       0x54 ./Middlewares/FreeRTOS/list.o
                0x000000000810104c                uxListRemove
 .text.xStreamBufferReceive
                0x00000000081010a0      0x12a ./Middlewares/FreeRTOS/stream_buffer.o
                0x00000000081010a0                xStreamBufferReceive
 .text.xStreamBufferReceiveFromISR
                0x00000000081011ca       0xde ./Middlewares/FreeRTOS/stream_buffer.o
                0x00000000081011ca                xStreamBufferReceiveFromISR
 .text.prvReadMessageFromBuffer
                0x00000000081012a8       0x64 ./Middlewares/FreeRTOS/stream_buffer.o
 .text.xStreamBufferSendCompletedFromISR
                0x000000000810130c       0x86 ./Middlewares/FreeRTOS/stream_buffer.o
                0x000000000810130c                xStreamBufferSendCompletedFromISR
 .text.prvReadBytesFromBuffer
                0x0000000008101392       0xf4 ./Middlewares/FreeRTOS/stream_buffer.o
 .text.prvBytesInBuffer
                0x0000000008101486       0x40 ./Middlewares/FreeRTOS/stream_buffer.o
 .text.xTaskCreate
                0x00000000081014c6       0x82 ./Middlewares/FreeRTOS/tasks.o
                0x00000000081014c6                xTaskCreate
 .text.prvInitialiseNewTask
                0x0000000008101548      0x11e ./Middlewares/FreeRTOS/tasks.o
 *fill*         0x0000000008101666        0x2 
 .text.prvAddNewTaskToReadyList
                0x0000000008101668       0xdc ./Middlewares/FreeRTOS/tasks.o
 .text.vTaskStartScheduler
                0x0000000008101744       0x90 ./Middlewares/FreeRTOS/tasks.o
                0x0000000008101744                vTaskStartScheduler
 .text.vTaskSuspendAll
                0x00000000081017d4       0x1c ./Middlewares/FreeRTOS/tasks.o
                0x00000000081017d4                vTaskSuspendAll
 .text.xTaskResumeAll
                0x00000000081017f0      0x138 ./Middlewares/FreeRTOS/tasks.o
                0x00000000081017f0                xTaskResumeAll
 .text.xTaskIncrementTick
                0x0000000008101928      0x170 ./Middlewares/FreeRTOS/tasks.o
                0x0000000008101928                xTaskIncrementTick
 .text.vTaskSwitchContext
                0x0000000008101a98       0xb8 ./Middlewares/FreeRTOS/tasks.o
                0x0000000008101a98                vTaskSwitchContext
 .text.prvIdleTask
                0x0000000008101b50       0x30 ./Middlewares/FreeRTOS/tasks.o
 .text.prvInitialiseTaskLists
                0x0000000008101b80       0x80 ./Middlewares/FreeRTOS/tasks.o
 .text.prvCheckTasksWaitingTermination
                0x0000000008101c00       0x5c ./Middlewares/FreeRTOS/tasks.o
 .text.prvDeleteTCB
                0x0000000008101c5c       0x20 ./Middlewares/FreeRTOS/tasks.o
 .text.prvResetNextTaskUnblockTime
                0x0000000008101c7c       0x40 ./Middlewares/FreeRTOS/tasks.o
 .text.xTaskGetCurrentTaskHandle
                0x0000000008101cbc       0x20 ./Middlewares/FreeRTOS/tasks.o
                0x0000000008101cbc                xTaskGetCurrentTaskHandle
 .text.xTaskNotifyWait
                0x0000000008101cdc       0xb4 ./Middlewares/FreeRTOS/tasks.o
                0x0000000008101cdc                xTaskNotifyWait
 .text.xTaskGenericNotify
                0x0000000008101d90      0x16c ./Middlewares/FreeRTOS/tasks.o
                0x0000000008101d90                xTaskGenericNotify
 .text.xTaskGenericNotifyFromISR
                0x0000000008101efc      0x1b4 ./Middlewares/FreeRTOS/tasks.o
                0x0000000008101efc                xTaskGenericNotifyFromISR
 .text.xTaskNotifyStateClear
                0x00000000081020b0       0x4c ./Middlewares/FreeRTOS/tasks.o
                0x00000000081020b0                xTaskNotifyStateClear
 .text.prvAddCurrentTaskToDelayedList
                0x00000000081020fc       0xcc ./Middlewares/FreeRTOS/tasks.o
 .text.pvPortMalloc
                0x00000000081021c8      0x198 ./Middlewares/FreeRTOS/portable/heap_4.o
                0x00000000081021c8                pvPortMalloc
 .text.vPortFree
                0x0000000008102360       0xc4 ./Middlewares/FreeRTOS/portable/heap_4.o
                0x0000000008102360                vPortFree
 .text.prvHeapInit
                0x0000000008102424       0xc4 ./Middlewares/FreeRTOS/portable/heap_4.o
 .text.prvInsertBlockIntoFreeList
                0x00000000081024e8       0xb4 ./Middlewares/FreeRTOS/portable/heap_4.o
 .text.pxPortInitialiseStack
                0x000000000810259c       0x68 ./Middlewares/FreeRTOS/portable/port.o
                0x000000000810259c                pxPortInitialiseStack
 .text.prvTaskExitError
                0x0000000008102604       0x58 ./Middlewares/FreeRTOS/portable/port.o
 *fill*         0x000000000810265c        0x4 
 .text.SVC_Handler
                0x0000000008102660       0x28 ./Middlewares/FreeRTOS/portable/port.o
                0x0000000008102660                SVC_Handler
 .text.prvPortStartFirstTask
                0x0000000008102688       0x28 ./Middlewares/FreeRTOS/portable/port.o
 .text.xPortStartScheduler
                0x00000000081026b0      0x144 ./Middlewares/FreeRTOS/portable/port.o
                0x00000000081026b0                xPortStartScheduler
 .text.vPortEnterCritical
                0x00000000081027f4       0x60 ./Middlewares/FreeRTOS/portable/port.o
                0x00000000081027f4                vPortEnterCritical
 .text.vPortExitCritical
                0x0000000008102854       0x54 ./Middlewares/FreeRTOS/portable/port.o
                0x0000000008102854                vPortExitCritical
 *fill*         0x00000000081028a8        0x8 
 .text.PendSV_Handler
                0x00000000081028b0       0x68 ./Middlewares/FreeRTOS/portable/port.o
                0x00000000081028b0                PendSV_Handler
 .text.SysTick_Handler
                0x0000000008102918       0x44 ./Middlewares/FreeRTOS/portable/port.o
                0x0000000008102918                SysTick_Handler
 .text.vPortSetupTimerInterrupt
                0x000000000810295c       0x48 ./Middlewares/FreeRTOS/portable/port.o
                0x000000000810295c                vPortSetupTimerInterrupt
 .text.vPortEnableVFP
                0x00000000081029a4       0x14 ./Middlewares/FreeRTOS/portable/port.o
 .text.vPortValidateInterruptPriority
                0x00000000081029b8       0x80 ./Middlewares/FreeRTOS/portable/port.o
                0x00000000081029b8                vPortValidateInterruptPriority
 .text.sprintf  0x0000000008102a38       0x40 C:/ST/STM32CubeIDE_1.14.0/STM32CubeIDE/plugins/com.st.stm32cube.ide.mcu.externaltools.gnu-tools-for-stm32.11.3.rel1.win32_1.1.100.202309141235/tools/bin/../lib/gcc/arm-none-eabi/11.3.1/../../../../arm-none-eabi/lib/thumb/v7e-m+fp/hard\libc_nano.a(libc_a-sprintf.o)
                0x0000000008102a38                siprintf
                0x0000000008102a38                sprintf
 .text.memset   0x0000000008102a78       0x10 C:/ST/STM32CubeIDE_1.14.0/STM32CubeIDE/plugins/com.st.stm32cube.ide.mcu.externaltools.gnu-tools-for-stm32.11.3.rel1.win32_1.1.100.202309141235/tools/bin/../lib/gcc/arm-none-eabi/11.3.1/../../../../arm-none-eabi/lib/thumb/v7e-m+fp/hard\libc_nano.a(libc_a-memset.o)
                0x0000000008102a78                memset
 .text.__errno  0x0000000008102a88        0xc C:/ST/STM32CubeIDE_1.14.0/STM32CubeIDE/plugins/com.st.stm32cube.ide.mcu.externaltools.gnu-tools-for-stm32.11.3.rel1.win32_1.1.100.202309141235/tools/bin/../lib/gcc/arm-none-eabi/11.3.1/../../../../arm-none-eabi/lib/thumb/v7e-m+fp/hard\libc_nano.a(libc_a-errno.o)
                0x0000000008102a88                __errno
 .text.__libc_init_array
                0x0000000008102a94       0x48 C:/ST/STM32CubeIDE_1.14.0/STM32CubeIDE/plugins/com.st.stm32cube.ide.mcu.externaltools.gnu-tools-for-stm32.11.3.rel1.win32_1.1.100.202309141235/tools/bin/../lib/gcc/arm-none-eabi/11.3.1/../../../../arm-none-eabi/lib/thumb/v7e-m+fp/hard\libc_nano.a(libc_a-init.o)
                0x0000000008102a94                __libc_init_array
 .text.__retarget_lock_acquire_recursive
                0x0000000008102adc        0x2 C:/ST/STM32CubeIDE_1.14.0/STM32CubeIDE/plugins/com.st.stm32cube.ide.mcu.externaltools.gnu-tools-for-stm32.11.3.rel1.win32_1.1.100.202309141235/tools/bin/../lib/gcc/arm-none-eabi/11.3.1/../../../../arm-none-eabi/lib/thumb/v7e-m+fp/hard\libc_nano.a(libc_a-lock.o)
                0x0000000008102adc                __retarget_lock_acquire_recursive
 .text.__retarget_lock_release_recursive
                0x0000000008102ade        0x2 C:/ST/STM32CubeIDE_1.14.0/STM32CubeIDE/plugins/com.st.stm32cube.ide.mcu.externaltools.gnu-tools-for-stm32.11.3.rel1.win32_1.1.100.202309141235/tools/bin/../lib/gcc/arm-none-eabi/11.3.1/../../../../arm-none-eabi/lib/thumb/v7e-m+fp/hard\libc_nano.a(libc_a-lock.o)
                0x0000000008102ade                __retarget_lock_release_recursive
 .text.memcpy   0x0000000008102ae0       0x1c C:/ST/STM32CubeIDE_1.14.0/STM32CubeIDE/plugins/com.st.stm32cube.ide.mcu.externaltools.gnu-tools-for-stm32.11.3.rel1.win32_1.1.100.202309141235/tools/bin/../lib/gcc/arm-none-eabi/11.3.1/../../../../arm-none-eabi/lib/thumb/v7e-m+fp/hard\libc_nano.a(libc_a-memcpy-stub.o)
                0x0000000008102ae0                memcpy
 .text._free_r  0x0000000008102afc       0x98 C:/ST/STM32CubeIDE_1.14.0/STM32CubeIDE/plugins/com.st.stm32cube.ide.mcu.externaltools.gnu-tools-for-stm32.11.3.rel1.win32_1.1.100.202309141235/tools/bin/../lib/gcc/arm-none-eabi/11.3.1/../../../../arm-none-eabi/lib/thumb/v7e-m+fp/hard\libc_nano.a(libc_a-freer.o)
                0x0000000008102afc                _free_r
 .text.sbrk_aligned
                0x0000000008102b94       0x40 C:/ST/STM32CubeIDE_1.14.0/STM32CubeIDE/plugins/com.st.stm32cube.ide.mcu.externaltools.gnu-tools-for-stm32.11.3.rel1.win32_1.1.100.202309141235/tools/bin/../lib/gcc/arm-none-eabi/11.3.1/../../../../arm-none-eabi/lib/thumb/v7e-m+fp/hard\libc_nano.a(libc_a-mallocr.o)
 .text._malloc_r
                0x0000000008102bd4      0x100 C:/ST/STM32CubeIDE_1.14.0/STM32CubeIDE/plugins/com.st.stm32cube.ide.mcu.externaltools.gnu-tools-for-stm32.11.3.rel1.win32_1.1.100.202309141235/tools/bin/../lib/gcc/arm-none-eabi/11.3.1/../../../../arm-none-eabi/lib/thumb/v7e-m+fp/hard\libc_nano.a(libc_a-mallocr.o)
                0x0000000008102bd4                _malloc_r
 .text.__malloc_lock
                0x0000000008102cd4        0xc C:/ST/STM32CubeIDE_1.14.0/STM32CubeIDE/plugins/com.st.stm32cube.ide.mcu.externaltools.gnu-tools-for-stm32.11.3.rel1.win32_1.1.100.202309141235/tools/bin/../lib/gcc/arm-none-eabi/11.3.1/../../../../arm-none-eabi/lib/thumb/v7e-m+fp/hard\libc_nano.a(libc_a-mlock.o)
                0x0000000008102cd4                __malloc_lock
 .text.__malloc_unlock
                0x0000000008102ce0        0xc C:/ST/STM32CubeIDE_1.14.0/STM32CubeIDE/plugins/com.st.stm32cube.ide.mcu.externaltools.gnu-tools-for-stm32.11.3.rel1.win32_1.1.100.202309141235/tools/bin/../lib/gcc/arm-none-eabi/11.3.1/../../../../arm-none-eabi/lib/thumb/v7e-m+fp/hard\libc_nano.a(libc_a-mlock.o)
                0x0000000008102ce0                __malloc_unlock
 .text.__ssputs_r
                0x0000000008102cec       0xb4 C:/ST/STM32CubeIDE_1.14.0/STM32CubeIDE/plugins/com.st.stm32cube.ide.mcu.externaltools.gnu-tools-for-stm32.11.3.rel1.win32_1.1.100.202309141235/tools/bin/../lib/gcc/arm-none-eabi/11.3.1/../../../../arm-none-eabi/lib/thumb/v7e-m+fp/hard\libc_nano.a(libc_a-nano-svfprintf.o)
                0x0000000008102cec                __ssputs_r
 .text._svfprintf_r
                0x0000000008102da0      0x1fc C:/ST/STM32CubeIDE_1.14.0/STM32CubeIDE/plugins/com.st.stm32cube.ide.mcu.externaltools.gnu-tools-for-stm32.11.3.rel1.win32_1.1.100.202309141235/tools/bin/../lib/gcc/arm-none-eabi/11.3.1/../../../../arm-none-eabi/lib/thumb/v7e-m+fp/hard\libc_nano.a(libc_a-nano-svfprintf.o)
                0x0000000008102da0                _svfiprintf_r
                0x0000000008102da0                _svfprintf_r
 .text._printf_common
                0x0000000008102f9c       0xda C:/ST/STM32CubeIDE_1.14.0/STM32CubeIDE/plugins/com.st.stm32cube.ide.mcu.externaltools.gnu-tools-for-stm32.11.3.rel1.win32_1.1.100.202309141235/tools/bin/../lib/gcc/arm-none-eabi/11.3.1/../../../../arm-none-eabi/lib/thumb/v7e-m+fp/hard\libc_nano.a(libc_a-nano-vfprintf_i.o)
                0x0000000008102f9c                _printf_common
 *fill*         0x0000000008103076        0x2 
 .text._printf_i
                0x0000000008103078      0x244 C:/ST/STM32CubeIDE_1.14.0/STM32CubeIDE/plugins/com.st.stm32cube.ide.mcu.externaltools.gnu-tools-for-stm32.11.3.rel1.win32_1.1.100.202309141235/tools/bin/../lib/gcc/arm-none-eabi/11.3.1/../../../../arm-none-eabi/lib/thumb/v7e-m+fp/hard\libc_nano.a(libc_a-nano-vfprintf_i.o)
                0x0000000008103078                _printf_i
 .text.memmove  0x00000000081032bc       0x34 C:/ST/STM32CubeIDE_1.14.0/STM32CubeIDE/plugins/com.st.stm32cube.ide.mcu.externaltools.gnu-tools-for-stm32.11.3.rel1.win32_1.1.100.202309141235/tools/bin/../lib/gcc/arm-none-eabi/11.3.1/../../../../arm-none-eabi/lib/thumb/v7e-m+fp/hard\libc_nano.a(libc_a-memmove.o)
                0x00000000081032bc                memmove
 .text._sbrk_r  0x00000000081032f0       0x20 C:/ST/STM32CubeIDE_1.14.0/STM32CubeIDE/plugins/com.st.stm32cube.ide.mcu.externaltools.gnu-tools-for-stm32.11.3.rel1.win32_1.1.100.202309141235/tools/bin/../lib/gcc/arm-none-eabi/11.3.1/../../../../arm-none-eabi/lib/thumb/v7e-m+fp/hard\libc_nano.a(libc_a-sbrkr.o)
                0x00000000081032f0                _sbrk_r
 .text._realloc_r
                0x0000000008103310       0x5e C:/ST/STM32CubeIDE_1.14.0/STM32CubeIDE/plugins/com.st.stm32cube.ide.mcu.externaltools.gnu-tools-for-stm32.11.3.rel1.win32_1.1.100.202309141235/tools/bin/../lib/gcc/arm-none-eabi/11.3.1/../../../../arm-none-eabi/lib/thumb/v7e-m+fp/hard\libc_nano.a(libc_a-reallocr.o)
                0x0000000008103310                _realloc_r
 .text._malloc_usable_size_r
                0x000000000810336e       0x10 C:/ST/STM32CubeIDE_1.14.0/STM32CubeIDE/plugins/com.st.stm32cube.ide.mcu.externaltools.gnu-tools-for-stm32.11.3.rel1.win32_1.1.100.202309141235/tools/bin/../lib/gcc/arm-none-eabi/11.3.1/../../../../arm-none-eabi/lib/thumb/v7e-m+fp/hard\libc_nano.a(libc_a-msizer.o)
                0x000000000810336e                _malloc_usable_size_r
 *(.glue_7)
 .glue_7        0x000000000810337e        0x0 linker stubs
 *(.glue_7t)
 .glue_7t       0x000000000810337e        0x0 linker stubs
 *(.eh_frame)
 *fill*         0x000000000810337e        0x2 
 .eh_frame      0x0000000008103380        0x0 C:/ST/STM32CubeIDE_1.14.0/STM32CubeIDE/plugins/com.st.stm32cube.ide.mcu.externaltools.gnu-tools-for-stm32.11.3.rel1.win32_1.1.100.202309141235/tools/bin/../lib/gcc/arm-none-eabi/11.3.1/thumb/v7e-m+fp/hard/crtbegin.o
 *(.init)
 .init          0x0000000008103380        0x4 C:/ST/STM32CubeIDE_1.14.0/STM32CubeIDE/plugins/com.st.stm32cube.ide.mcu.externaltools.gnu-tools-for-stm32.11.3.rel1.win32_1.1.100.202309141235/tools/bin/../lib/gcc/arm-none-eabi/11.3.1/thumb/v7e-m+fp/hard/crti.o
                0x0000000008103380                _init
 .init          0x0000000008103384        0x8 C:/ST/STM32CubeIDE_1.14.0/STM32CubeIDE/plugins/com.st.stm32cube.ide.mcu.externaltools.gnu-tools-for-stm32.11.3.rel1.win32_1.1.100.202309141235/tools/bin/../lib/gcc/arm-none-eabi/11.3.1/thumb/v7e-m+fp/hard/crtn.o
 *(.fini)
 .fini          0x000000000810338c        0x4 C:/ST/STM32CubeIDE_1.14.0/STM32CubeIDE/plugins/com.st.stm32cube.ide.mcu.externaltools.gnu-tools-for-stm32.11.3.rel1.win32_1.1.100.202309141235/tools/bin/../lib/gcc/arm-none-eabi/11.3.1/thumb/v7e-m+fp/hard/crti.o
                0x000000000810338c                _fini
 .fini          0x0000000008103390        0x8 C:/ST/STM32CubeIDE_1.14.0/STM32CubeIDE/plugins/com.st.stm32cube.ide.mcu.externaltools.gnu-tools-for-stm32.11.3.rel1.win32_1.1.100.202309141235/tools/bin/../lib/gcc/arm-none-eabi/11.3.1/thumb/v7e-m+fp/hard/crtn.o
                0x0000000008103398                . = ALIGN (0x4)
                0x0000000008103398                _etext = .

.vfp11_veneer   0x0000000008103398        0x0
 .vfp11_veneer  0x0000000008103398        0x0 linker stubs

.v4_bx          0x0000000008103398        0x0
 .v4_bx         0x0000000008103398        0x0 linker stubs

.iplt           0x0000000008103398        0x0
 .iplt          0x0000000008103398        0x0 C:/ST/STM32CubeIDE_1.14.0/STM32CubeIDE/plugins/com.st.stm32cube.ide.mcu.externaltools.gnu-tools-for-stm32.11.3.rel1.win32_1.1.100.202309141235/tools/bin/../lib/gcc/arm-none-eabi/11.3.1/thumb/v7e-m+fp/hard/crtbegin.o

.rodata         0x0000000008103398       0x5c
                0x0000000008103398                . = ALIGN (0x4)
 *(.rodata)
 .rodata        0x0000000008103398       0x10 ./Application/User/CM4/main.o
 .rodata        0x00000000081033a8        0x5 ./Middlewares/FreeRTOS/tasks.o
 *(.rodata*)
 *fill*         0x00000000081033ad        0x3 
 .rodata.D1CorePrescTable
                0x00000000081033b0       0x10 ./Drivers/CMSIS/system_stm32h7xx.o
                0x00000000081033b0                D1CorePrescTable
 .rodata._svfprintf_r.str1.1
                0x00000000081033c0       0x11 C:/ST/STM32CubeIDE_1.14.0/STM32CubeIDE/plugins/com.st.stm32cube.ide.mcu.externaltools.gnu-tools-for-stm32.11.3.rel1.win32_1.1.100.202309141235/tools/bin/../lib/gcc/arm-none-eabi/11.3.1/../../../../arm-none-eabi/lib/thumb/v7e-m+fp/hard\libc_nano.a(libc_a-nano-svfprintf.o)
 .rodata._printf_i.str1.1
                0x00000000081033d1       0x22 C:/ST/STM32CubeIDE_1.14.0/STM32CubeIDE/plugins/com.st.stm32cube.ide.mcu.externaltools.gnu-tools-for-stm32.11.3.rel1.win32_1.1.100.202309141235/tools/bin/../lib/gcc/arm-none-eabi/11.3.1/../../../../arm-none-eabi/lib/thumb/v7e-m+fp/hard\libc_nano.a(libc_a-nano-vfprintf_i.o)
                0x00000000081033f4                . = ALIGN (0x4)
 *fill*         0x00000000081033f3        0x1 

.rel.dyn        0x00000000081033f4        0x0
 .rel.iplt      0x00000000081033f4        0x0 C:/ST/STM32CubeIDE_1.14.0/STM32CubeIDE/plugins/com.st.stm32cube.ide.mcu.externaltools.gnu-tools-for-stm32.11.3.rel1.win32_1.1.100.202309141235/tools/bin/../lib/gcc/arm-none-eabi/11.3.1/thumb/v7e-m+fp/hard/crtbegin.o

.ARM.extab
 *(.ARM.extab* .gnu.linkonce.armextab.*)

.ARM            0x00000000081033f4        0x0
                0x00000000081033f4                __exidx_start = .
 *(.ARM.exidx*)
                0x00000000081033f4                __exidx_end = .

.preinit_array  0x00000000081033f4        0x0
                0x00000000081033f4                PROVIDE (__preinit_array_start = .)
 *(.preinit_array*)
                0x00000000081033f4                PROVIDE (__preinit_array_end = .)

.init_array     0x00000000081033f4        0x4
                0x00000000081033f4                PROVIDE (__init_array_start = .)
 *(SORT_BY_NAME(.init_array.*))
 *(.init_array*)
 .init_array    0x00000000081033f4        0x4 C:/ST/STM32CubeIDE_1.14.0/STM32CubeIDE/plugins/com.st.stm32cube.ide.mcu.externaltools.gnu-tools-for-stm32.11.3.rel1.win32_1.1.100.202309141235/tools/bin/../lib/gcc/arm-none-eabi/11.3.1/thumb/v7e-m+fp/hard/crtbegin.o
                0x00000000081033f8                PROVIDE (__init_array_end = .)

.fini_array     0x00000000081033f8        0x4
                [!provide]                        PROVIDE (__fini_array_start = .)
 *(SORT_BY_NAME(.fini_array.*))
 *(.fini_array*)
 .fini_array    0x00000000081033f8        0x4 C:/ST/STM32CubeIDE_1.14.0/STM32CubeIDE/plugins/com.st.stm32cube.ide.mcu.externaltools.gnu-tools-for-stm32.11.3.rel1.win32_1.1.100.202309141235/tools/bin/../lib/gcc/arm-none-eabi/11.3.1/thumb/v7e-m+fp/hard/crtbegin.o
                [!provide]                        PROVIDE (__fini_array_end = .)
                0x00000000081033fc                _sidata = LOADADDR (.data)

.data           0x0000000010000000       0x68 load address 0x00000000081033fc
                0x0000000010000000                . = ALIGN (0x4)
                0x0000000010000000                _sdata = .
 *(.data)
 *(.data*)
 .data.xDemoStatus
                0x0000000010000000        0x4 ./Application/User/CM4/main.o
                0x0000000010000000                xDemoStatus
 .data.SystemCoreClock
                0x0000000010000004        0x4 ./Drivers/CMSIS/system_stm32h7xx.o
                0x0000000010000004                SystemCoreClock
 .data.SystemD2Clock
                0x0000000010000008        0x4 ./Drivers/CMSIS/system_stm32h7xx.o
                0x0000000010000008                SystemD2Clock
 .data.uwTickPrio
                0x000000001000000c        0x4 ./Drivers/STM32H7xx_HAL_Driver/stm32h7xx_hal.o
                0x000000001000000c                uwTickPrio
 .data.uwTickFreq
                0x0000000010000010        0x1 ./Drivers/STM32H7xx_HAL_Driver/stm32h7xx_hal.o
                0x0000000010000010                uwTickFreq
 *fill*         0x0000000010000011        0x3 
 .data.uxCriticalNesting
                0x0000000010000014        0x4 ./Middlewares/FreeRTOS/portable/port.o
 .data._impure_data
                0x0000000010000018       0x4c C:/ST/STM32CubeIDE_1.14.0/STM32CubeIDE/plugins/com.st.stm32cube.ide.mcu.externaltools.gnu-tools-for-stm32.11.3.rel1.win32_1.1.100.202309141235/tools/bin/../lib/gcc/arm-none-eabi/11.3.1/../../../../arm-none-eabi/lib/thumb/v7e-m+fp/hard\libc_nano.a(libc_a-impure.o)
                0x0000000010000018                _impure_data
 .data._impure_ptr
                0x0000000010000064        0x4 C:/ST/STM32CubeIDE_1.14.0/STM32CubeIDE/plugins/com.st.stm32cube.ide.mcu.externaltools.gnu-tools-for-stm32.11.3.rel1.win32_1.1.100.202309141235/tools/bin/../lib/gcc/arm-none-eabi/11.3.1/../../../../arm-none-eabi/lib/thumb/v7e-m+fp/hard\libc_nano.a(libc_a-impure.o)
                0x0000000010000064                _impure_ptr
                0x0000000010000068                . = ALIGN (0x4)
                0x0000000010000068                _edata = .

.igot.plt       0x0000000010000068        0x0 load address 0x0000000008103464
 .igot.plt      0x0000000010000068        0x0 C:/ST/STM32CubeIDE_1.14.0/STM32CubeIDE/plugins/com.st.stm32cube.ide.mcu.externaltools.gnu-tools-for-stm32.11.3.rel1.win32_1.1.100.202309141235/tools/bin/../lib/gcc/arm-none-eabi/11.3.1/thumb/v7e-m+fp/hard/crtbegin.o
                0x0000000010000068                . = ALIGN (0x4)

.bss            0x0000000010000068     0x52bc load address 0x0000000008103464
                0x0000000010000068                _sbss = .
                0x0000000010000068                __bss_start__ = _sbss
 *(.bss)
 .bss           0x0000000010000068       0x1c C:/ST/STM32CubeIDE_1.14.0/STM32CubeIDE/plugins/com.st.stm32cube.ide.mcu.externaltools.gnu-tools-for-stm32.11.3.rel1.win32_1.1.100.202309141235/tools/bin/../lib/gcc/arm-none-eabi/11.3.1/thumb/v7e-m+fp/hard/crtbegin.o
 *(.bss*)
 .bss.__sbrk_heap_end
                0x0000000010000084        0x4 ./Application/User/CM4/sysmem.o
 .bss.pxCurrentTCB
                0x0000000010000088        0x4 ./Middlewares/FreeRTOS/tasks.o
                0x0000000010000088                pxCurrentTCB
 .bss.pxReadyTasksLists
                0x000000001000008c       0x8c ./Middlewares/FreeRTOS/tasks.o
 .bss.xDelayedTaskList1
                0x0000000010000118       0x14 ./Middlewares/FreeRTOS/tasks.o
 .bss.xDelayedTaskList2
                0x000000001000012c       0x14 ./Middlewares/FreeRTOS/tasks.o
 .bss.pxDelayedTaskList
                0x0000000010000140        0x4 ./Middlewares/FreeRTOS/tasks.o
 .bss.pxOverflowDelayedTaskList
                0x0000000010000144        0x4 ./Middlewares/FreeRTOS/tasks.o
 .bss.xPendingReadyList
                0x0000000010000148       0x14 ./Middlewares/FreeRTOS/tasks.o
 .bss.xTasksWaitingTermination
                0x000000001000015c       0x14 ./Middlewares/FreeRTOS/tasks.o
 .bss.uxDeletedTasksWaitingCleanUp
                0x0000000010000170        0x4 ./Middlewares/FreeRTOS/tasks.o
 .bss.xSuspendedTaskList
                0x0000000010000174       0x14 ./Middlewares/FreeRTOS/tasks.o
 .bss.uxCurrentNumberOfTasks
                0x0000000010000188        0x4 ./Middlewares/FreeRTOS/tasks.o
 .bss.xTickCount
                0x000000001000018c        0x4 ./Middlewares/FreeRTOS/tasks.o
 .bss.uxTopReadyPriority
                0x0000000010000190        0x4 ./Middlewares/FreeRTOS/tasks.o
 .bss.xSchedulerRunning
                0x0000000010000194        0x4 ./Middlewares/FreeRTOS/tasks.o
 .bss.xPendedTicks
                0x0000000010000198        0x4 ./Middlewares/FreeRTOS/tasks.o
 .bss.xYieldPending
                0x000000001000019c        0x4 ./Middlewares/FreeRTOS/tasks.o
 .bss.xNumOfOverflows
                0x00000000100001a0        0x4 ./Middlewares/FreeRTOS/tasks.o
 .bss.uxTaskNumber
                0x00000000100001a4        0x4 ./Middlewares/FreeRTOS/tasks.o
 .bss.xNextTaskUnblockTime
                0x00000000100001a8        0x4 ./Middlewares/FreeRTOS/tasks.o
 .bss.xIdleTaskHandle
                0x00000000100001ac        0x4 ./Middlewares/FreeRTOS/tasks.o
 .bss.uxSchedulerSuspended
                0x00000000100001b0        0x4 ./Middlewares/FreeRTOS/tasks.o
 .bss.ucHeap    0x00000000100001b4     0x5000 ./Middlewares/FreeRTOS/portable/heap_4.o
 .bss.xStart    0x00000000100051b4        0x8 ./Middlewares/FreeRTOS/portable/heap_4.o
 .bss.pxEnd     0x00000000100051bc        0x4 ./Middlewares/FreeRTOS/portable/heap_4.o
 .bss.xFreeBytesRemaining
                0x00000000100051c0        0x4 ./Middlewares/FreeRTOS/portable/heap_4.o
 .bss.xMinimumEverFreeBytesRemaining
                0x00000000100051c4        0x4 ./Middlewares/FreeRTOS/portable/heap_4.o
 .bss.xNumberOfSuccessfulAllocations
                0x00000000100051c8        0x4 ./Middlewares/FreeRTOS/portable/heap_4.o
 .bss.xNumberOfSuccessfulFrees
                0x00000000100051cc        0x4 ./Middlewares/FreeRTOS/portable/heap_4.o
 .bss.xBlockAllocatedBit
                0x00000000100051d0        0x4 ./Middlewares/FreeRTOS/portable/heap_4.o
 .bss.ucMaxSysCallPriority
                0x00000000100051d4        0x1 ./Middlewares/FreeRTOS/portable/port.o
 *fill*         0x00000000100051d5        0x3 
 .bss.ulMaxPRIGROUPValue
                0x00000000100051d8        0x4 ./Middlewares/FreeRTOS/portable/port.o
 .bss.__sf      0x00000000100051dc      0x138 C:/ST/STM32CubeIDE_1.14.0/STM32CubeIDE/plugins/com.st.stm32cube.ide.mcu.externaltools.gnu-tools-for-stm32.11.3.rel1.win32_1.1.100.202309141235/tools/bin/../lib/gcc/arm-none-eabi/11.3.1/../../../../arm-none-eabi/lib/thumb/v7e-m+fp/hard\libc_nano.a(libc_a-findfp.o)
                0x00000000100051dc                __sf
 .bss.errno     0x0000000010005314        0x4 C:/ST/STM32CubeIDE_1.14.0/STM32CubeIDE/plugins/com.st.stm32cube.ide.mcu.externaltools.gnu-tools-for-stm32.11.3.rel1.win32_1.1.100.202309141235/tools/bin/../lib/gcc/arm-none-eabi/11.3.1/../../../../arm-none-eabi/lib/thumb/v7e-m+fp/hard\libc_nano.a(libc_a-reent.o)
                0x0000000010005314                errno
 .bss.__lock___malloc_recursive_mutex
                0x0000000010005318        0x1 C:/ST/STM32CubeIDE_1.14.0/STM32CubeIDE/plugins/com.st.stm32cube.ide.mcu.externaltools.gnu-tools-for-stm32.11.3.rel1.win32_1.1.100.202309141235/tools/bin/../lib/gcc/arm-none-eabi/11.3.1/../../../../arm-none-eabi/lib/thumb/v7e-m+fp/hard\libc_nano.a(libc_a-lock.o)
                0x0000000010005318                __lock___malloc_recursive_mutex
 *fill*         0x0000000010005319        0x3 
 .bss.__malloc_free_list
                0x000000001000531c        0x4 C:/ST/STM32CubeIDE_1.14.0/STM32CubeIDE/plugins/com.st.stm32cube.ide.mcu.externaltools.gnu-tools-for-stm32.11.3.rel1.win32_1.1.100.202309141235/tools/bin/../lib/gcc/arm-none-eabi/11.3.1/../../../../arm-none-eabi/lib/thumb/v7e-m+fp/hard\libc_nano.a(libc_a-mallocr.o)
                0x000000001000531c                __malloc_free_list
 .bss.__malloc_sbrk_start
                0x0000000010005320        0x4 C:/ST/STM32CubeIDE_1.14.0/STM32CubeIDE/plugins/com.st.stm32cube.ide.mcu.externaltools.gnu-tools-for-stm32.11.3.rel1.win32_1.1.100.202309141235/tools/bin/../lib/gcc/arm-none-eabi/11.3.1/../../../../arm-none-eabi/lib/thumb/v7e-m+fp/hard\libc_nano.a(libc_a-mallocr.o)
                0x0000000010005320                __malloc_sbrk_start
 *(COMMON)
                0x0000000010005324                . = ALIGN (0x4)
                0x0000000010005324                _ebss = .
                0x0000000010005324                __bss_end__ = _ebss

._user_heap_stack
                0x0000000010005324      0xc04 load address 0x0000000008103464
                0x0000000010005328                . = ALIGN (0x8)
 *fill*         0x0000000010005324        0x4 
                [!provide]                        PROVIDE (end = .)
                0x0000000010005328                PROVIDE (_end = .)
                0x0000000010005728                . = (. + _Min_Heap_Size)
 *fill*         0x0000000010005328      0x400 
                0x0000000010005f28                . = (. + _Min_Stack_Size)
 *fill*         0x0000000010005728      0x800 
                0x0000000010005f28                . = ALIGN (0x8)

/DISCARD/
 libc.a(*)
 libm.a(*)
 libgcc.a(*)

.ARM.attributes
                0x0000000000000000       0x30
 *(.ARM.attributes)
 .ARM.attributes
                0x0000000000000000       0x1e C:/ST/STM32CubeIDE_1.14.0/STM32CubeIDE/plugins/com.st.stm32cube.ide.mcu.externaltools.gnu-tools-for-stm32.11.3.rel1.win32_1.1.100.202309141235/tools/bin/../lib/gcc/arm-none-eabi/11.3.1/thumb/v7e-m+fp/hard/crti.o
 .ARM.attributes
                0x000000000000001e       0x34 C:/ST/STM32CubeIDE_1.14.0/STM32CubeIDE/plugins/com.st.stm32cube.ide.mcu.externaltools.gnu-tools-for-stm32.11.3.rel1.win32_1.1.100.202309141235/tools/bin/../lib/gcc/arm-none-eabi/11.3.1/thumb/v7e-m+fp/hard/crtbegin.o
 .ARM.attributes
                0x0000000000000052       0x34 ./Application/User/CM4/main.o
 .ARM.attributes
                0x0000000000000086       0x34 ./Application/User/CM4/stm32h7xx_it.o
 .ARM.attributes
                0x00000000000000ba       0x34 ./Application/User/CM4/sysmem.o
 .ARM.attributes
                0x00000000000000ee       0x21 ./Application/User/Startup/startup_stm32h745xihx.o
 .ARM.attributes
                0x000000000000010f       0x34 ./Drivers/CMSIS/system_stm32h7xx.o
 .ARM.attributes
                0x0000000000000143       0x34 ./Drivers/STM32H7xx_HAL_Driver/stm32h7xx_hal.o
 .ARM.attributes
                0x0000000000000177       0x34 ./Drivers/STM32H7xx_HAL_Driver/stm32h7xx_hal_cortex.o
 .ARM.attributes
                0x00000000000001ab       0x34 ./Drivers/STM32H7xx_HAL_Driver/stm32h7xx_hal_gpio.o
 .ARM.attributes
                0x00000000000001df       0x34 ./Drivers/STM32H7xx_HAL_Driver/stm32h7xx_hal_hsem.o
 .ARM.attributes
                0x0000000000000213       0x34 ./Drivers/STM32H7xx_HAL_Driver/stm32h7xx_hal_pwr_ex.o
 .ARM.attributes
                0x0000000000000247       0x34 ./Drivers/STM32H7xx_HAL_Driver/stm32h7xx_hal_rcc.o
 .ARM.attributes
                0x000000000000027b       0x34 ./Middlewares/FreeRTOS/list.o
 .ARM.attributes
                0x00000000000002af       0x34 ./Middlewares/FreeRTOS/stream_buffer.o
 .ARM.attributes
                0x00000000000002e3       0x34 ./Middlewares/FreeRTOS/tasks.o
 .ARM.attributes
                0x0000000000000317       0x34 ./Middlewares/FreeRTOS/portable/heap_4.o
 .ARM.attributes
                0x000000000000034b       0x34 ./Middlewares/FreeRTOS/portable/port.o
 .ARM.attributes
                0x000000000000037f       0x34 C:/ST/STM32CubeIDE_1.14.0/STM32CubeIDE/plugins/com.st.stm32cube.ide.mcu.externaltools.gnu-tools-for-stm32.11.3.rel1.win32_1.1.100.202309141235/tools/bin/../lib/gcc/arm-none-eabi/11.3.1/../../../../arm-none-eabi/lib/thumb/v7e-m+fp/hard\libc_nano.a(libc_a-findfp.o)
 .ARM.attributes
                0x00000000000003b3       0x34 C:/ST/STM32CubeIDE_1.14.0/STM32CubeIDE/plugins/com.st.stm32cube.ide.mcu.externaltools.gnu-tools-for-stm32.11.3.rel1.win32_1.1.100.202309141235/tools/bin/../lib/gcc/arm-none-eabi/11.3.1/../../../../arm-none-eabi/lib/thumb/v7e-m+fp/hard\libc_nano.a(libc_a-sprintf.o)
 .ARM.attributes
                0x00000000000003e7       0x34 C:/ST/STM32CubeIDE_1.14.0/STM32CubeIDE/plugins/com.st.stm32cube.ide.mcu.externaltools.gnu-tools-for-stm32.11.3.rel1.win32_1.1.100.202309141235/tools/bin/../lib/gcc/arm-none-eabi/11.3.1/../../../../arm-none-eabi/lib/thumb/v7e-m+fp/hard\libc_nano.a(libc_a-memset.o)
 .ARM.attributes
                0x000000000000041b       0x34 C:/ST/STM32CubeIDE_1.14.0/STM32CubeIDE/plugins/com.st.stm32cube.ide.mcu.externaltools.gnu-tools-for-stm32.11.3.rel1.win32_1.1.100.202309141235/tools/bin/../lib/gcc/arm-none-eabi/11.3.1/../../../../arm-none-eabi/lib/thumb/v7e-m+fp/hard\libc_nano.a(libc_a-reent.o)
 .ARM.attributes
                0x000000000000044f       0x34 C:/ST/STM32CubeIDE_1.14.0/STM32CubeIDE/plugins/com.st.stm32cube.ide.mcu.externaltools.gnu-tools-for-stm32.11.3.rel1.win32_1.1.100.202309141235/tools/bin/../lib/gcc/arm-none-eabi/11.3.1/../../../../arm-none-eabi/lib/thumb/v7e-m+fp/hard\libc_nano.a(libc_a-impure.o)
 .ARM.attributes
                0x0000000000000483       0x34 C:/ST/STM32CubeIDE_1.14.0/STM32CubeIDE/plugins/com.st.stm32cube.ide.mcu.externaltools.gnu-tools-for-stm32.11.3.rel1.win32_1.1.100.202309141235/tools/bin/../lib/gcc/arm-none-eabi/11.3.1/../../../../arm-none-eabi/lib/thumb/v7e-m+fp/hard\libc_nano.a(libc_a-errno.o)
 .ARM.attributes
                0x00000000000004b7       0x34 C:/ST/STM32CubeIDE_1.14.0/STM32CubeIDE/plugins/com.st.stm32cube.ide.mcu.externaltools.gnu-tools-for-stm32.11.3.rel1.win32_1.1.100.202309141235/tools/bin/../lib/gcc/arm-none-eabi/11.3.1/../../../../arm-none-eabi/lib/thumb/v7e-m+fp/hard\libc_nano.a(libc_a-init.o)
 .ARM.attributes
                0x00000000000004eb       0x34 C:/ST/STM32CubeIDE_1.14.0/STM32CubeIDE/plugins/com.st.stm32cube.ide.mcu.externaltools.gnu-tools-for-stm32.11.3.rel1.win32_1.1.100.202309141235/tools/bin/../lib/gcc/arm-none-eabi/11.3.1/../../../../arm-none-eabi/lib/thumb/v7e-m+fp/hard\libc_nano.a(libc_a-lock.o)
 .ARM.attributes
                0x000000000000051f       0x1c C:/ST/STM32CubeIDE_1.14.0/STM32CubeIDE/plugins/com.st.stm32cube.ide.mcu.externaltools.gnu-tools-for-stm32.11.3.rel1.win32_1.1.100.202309141235/tools/bin/../lib/gcc/arm-none-eabi/11.3.1/../../../../arm-none-eabi/lib/thumb/v7e-m+fp/hard\libc_nano.a(libc_a-strcmp.o)
 .ARM.attributes
                0x000000000000053b       0x34 C:/ST/STM32CubeIDE_1.14.0/STM32CubeIDE/plugins/com.st.stm32cube.ide.mcu.externaltools.gnu-tools-for-stm32.11.3.rel1.win32_1.1.100.202309141235/tools/bin/../lib/gcc/arm-none-eabi/11.3.1/../../../../arm-none-eabi/lib/thumb/v7e-m+fp/hard\libc_nano.a(libc_a-memcpy-stub.o)
 .ARM.attributes
                0x000000000000056f       0x17 C:/ST/STM32CubeIDE_1.14.0/STM32CubeIDE/plugins/com.st.stm32cube.ide.mcu.externaltools.gnu-tools-for-stm32.11.3.rel1.win32_1.1.100.202309141235/tools/bin/../lib/gcc/arm-none-eabi/11.3.1/../../../../arm-none-eabi/lib/thumb/v7e-m+fp/hard\libc_nano.a(libc_a-strlen.o)
 .ARM.attributes
                0x0000000000000586       0x34 C:/ST/STM32CubeIDE_1.14.0/STM32CubeIDE/plugins/com.st.stm32cube.ide.mcu.externaltools.gnu-tools-for-stm32.11.3.rel1.win32_1.1.100.202309141235/tools/bin/../lib/gcc/arm-none-eabi/11.3.1/../../../../arm-none-eabi/lib/thumb/v7e-m+fp/hard\libc_nano.a(libc_a-freer.o)
 .ARM.attributes
                0x00000000000005ba       0x34 C:/ST/STM32CubeIDE_1.14.0/STM32CubeIDE/plugins/com.st.stm32cube.ide.mcu.externaltools.gnu-tools-for-stm32.11.3.rel1.win32_1.1.100.202309141235/tools/bin/../lib/gcc/arm-none-eabi/11.3.1/../../../../arm-none-eabi/lib/thumb/v7e-m+fp/hard\libc_nano.a(libc_a-mallocr.o)
 .ARM.attributes
                0x00000000000005ee       0x34 C:/ST/STM32CubeIDE_1.14.0/STM32CubeIDE/plugins/com.st.stm32cube.ide.mcu.externaltools.gnu-tools-for-stm32.11.3.rel1.win32_1.1.100.202309141235/tools/bin/../lib/gcc/arm-none-eabi/11.3.1/../../../../arm-none-eabi/lib/thumb/v7e-m+fp/hard\libc_nano.a(libc_a-mlock.o)
 .ARM.attributes
                0x0000000000000622       0x34 C:/ST/STM32CubeIDE_1.14.0/STM32CubeIDE/plugins/com.st.stm32cube.ide.mcu.externaltools.gnu-tools-for-stm32.11.3.rel1.win32_1.1.100.202309141235/tools/bin/../lib/gcc/arm-none-eabi/11.3.1/../../../../arm-none-eabi/lib/thumb/v7e-m+fp/hard\libc_nano.a(libc_a-nano-svfprintf.o)
 .ARM.attributes
                0x0000000000000656       0x34 C:/ST/STM32CubeIDE_1.14.0/STM32CubeIDE/plugins/com.st.stm32cube.ide.mcu.externaltools.gnu-tools-for-stm32.11.3.rel1.win32_1.1.100.202309141235/tools/bin/../lib/gcc/arm-none-eabi/11.3.1/../../../../arm-none-eabi/lib/thumb/v7e-m+fp/hard\libc_nano.a(libc_a-nano-vfprintf_i.o)
 .ARM.attributes
                0x000000000000068a       0x34 C:/ST/STM32CubeIDE_1.14.0/STM32CubeIDE/plugins/com.st.stm32cube.ide.mcu.externaltools.gnu-tools-for-stm32.11.3.rel1.win32_1.1.100.202309141235/tools/bin/../lib/gcc/arm-none-eabi/11.3.1/../../../../arm-none-eabi/lib/thumb/v7e-m+fp/hard\libc_nano.a(libc_a-memmove.o)
 .ARM.attributes
                0x00000000000006be       0x34 C:/ST/STM32CubeIDE_1.14.0/STM32CubeIDE/plugins/com.st.stm32cube.ide.mcu.externaltools.gnu-tools-for-stm32.11.3.rel1.win32_1.1.100.202309141235/tools/bin/../lib/gcc/arm-none-eabi/11.3.1/../../../../arm-none-eabi/lib/thumb/v7e-m+fp/hard\libc_nano.a(libc_a-sbrkr.o)
 .ARM.attributes
                0x00000000000006f2       0x1c C:/ST/STM32CubeIDE_1.14.0/STM32CubeIDE/plugins/com.st.stm32cube.ide.mcu.externaltools.gnu-tools-for-stm32.11.3.rel1.win32_1.1.100.202309141235/tools/bin/../lib/gcc/arm-none-eabi/11.3.1/../../../../arm-none-eabi/lib/thumb/v7e-m+fp/hard\libc_nano.a(libc_a-memchr.o)
 .ARM.attributes
                0x000000000000070e       0x34 C:/ST/STM32CubeIDE_1.14.0/STM32CubeIDE/plugins/com.st.stm32cube.ide.mcu.externaltools.gnu-tools-for-stm32.11.3.rel1.win32_1.1.100.202309141235/tools/bin/../lib/gcc/arm-none-eabi/11.3.1/../../../../arm-none-eabi/lib/thumb/v7e-m+fp/hard\libc_nano.a(libc_a-reallocr.o)
 .ARM.attributes
                0x0000000000000742       0x34 C:/ST/STM32CubeIDE_1.14.0/STM32CubeIDE/plugins/com.st.stm32cube.ide.mcu.externaltools.gnu-tools-for-stm32.11.3.rel1.win32_1.1.100.202309141235/tools/bin/../lib/gcc/arm-none-eabi/11.3.1/../../../../arm-none-eabi/lib/thumb/v7e-m+fp/hard\libc_nano.a(libc_a-msizer.o)
 .ARM.attributes
                0x0000000000000776       0x1e C:/ST/STM32CubeIDE_1.14.0/STM32CubeIDE/plugins/com.st.stm32cube.ide.mcu.externaltools.gnu-tools-for-stm32.11.3.rel1.win32_1.1.100.202309141235/tools/bin/../lib/gcc/arm-none-eabi/11.3.1/thumb/v7e-m+fp/hard/crtn.o

.xControlMessageBuffer
                0x0000000038000000        0x4
 *(.xControlMessageBuffer)
 .xControlMessageBuffer
                0x0000000038000000        0x4 ./Application/User/CM4/main.o
                0x0000000038000000                xControlMessageBuffer

.xDataMessageBuffers
                0x0000000038000004        0x8
 *(.xDataMessageBuffers)
 .xDataMessageBuffers
                0x0000000038000004        0x8 ./Application/User/CM4/main.o
                0x0000000038000004                xDataMessageBuffers

.ulCycleCounters
                0x000000003800000c        0x8
 *(.ulCycleCounters)
 .ulCycleCounters
                0x000000003800000c        0x8 ./Application/User/CM4/main.o

.xStreamBufferStruct_ctrl
 *(.xStreamBufferStruct_ctrl)

.xStreamBufferStruct
 *(.xStreamBufferStruct)

.ucStorageBuffer_ctr
 *(.ucStorageBuffer_ctr)

.ucStorageBuffer
 *(.ucStorageBuffer)
OUTPUT(FreeRTOS_AMP_Dual_RTOS_CM4.elf elf32-littlearm)
LOAD linker stubs
LOAD C:/ST/STM32CubeIDE_1.14.0/STM32CubeIDE/plugins/com.st.stm32cube.ide.mcu.externaltools.gnu-tools-for-stm32.11.3.rel1.win32_1.1.100.202309141235/tools/bin/../lib/gcc/arm-none-eabi/11.3.1/../../../../arm-none-eabi/lib/thumb/v7e-m+fp/hard\libc.a
LOAD C:/ST/STM32CubeIDE_1.14.0/STM32CubeIDE/plugins/com.st.stm32cube.ide.mcu.externaltools.gnu-tools-for-stm32.11.3.rel1.win32_1.1.100.202309141235/tools/bin/../lib/gcc/arm-none-eabi/11.3.1/../../../../arm-none-eabi/lib/thumb/v7e-m+fp/hard\libm.a
LOAD C:/ST/STM32CubeIDE_1.14.0/STM32CubeIDE/plugins/com.st.stm32cube.ide.mcu.externaltools.gnu-tools-for-stm32.11.3.rel1.win32_1.1.100.202309141235/tools/bin/../lib/gcc/arm-none-eabi/11.3.1/thumb/v7e-m+fp/hard\libgcc.a

.comment        0x0000000000000000       0x43
 .comment       0x0000000000000000       0x43 C:/ST/STM32CubeIDE_1.14.0/STM32CubeIDE/plugins/com.st.stm32cube.ide.mcu.externaltools.gnu-tools-for-stm32.11.3.rel1.win32_1.1.100.202309141235/tools/bin/../lib/gcc/arm-none-eabi/11.3.1/thumb/v7e-m+fp/hard/crtbegin.o
                                         0x44 (size before relaxing)
 .comment       0x0000000000000043       0x44 ./Application/User/CM4/main.o
 .comment       0x0000000000000043       0x44 ./Application/User/CM4/stm32h7xx_it.o
 .comment       0x0000000000000043       0x44 ./Application/User/CM4/sysmem.o
 .comment       0x0000000000000043       0x44 ./Drivers/CMSIS/system_stm32h7xx.o
 .comment       0x0000000000000043       0x44 ./Drivers/STM32H7xx_HAL_Driver/stm32h7xx_hal.o
 .comment       0x0000000000000043       0x44 ./Drivers/STM32H7xx_HAL_Driver/stm32h7xx_hal_cortex.o
 .comment       0x0000000000000043       0x44 ./Drivers/STM32H7xx_HAL_Driver/stm32h7xx_hal_gpio.o
 .comment       0x0000000000000043       0x44 ./Drivers/STM32H7xx_HAL_Driver/stm32h7xx_hal_hsem.o
 .comment       0x0000000000000043       0x44 ./Drivers/STM32H7xx_HAL_Driver/stm32h7xx_hal_pwr_ex.o
 .comment       0x0000000000000043       0x44 ./Drivers/STM32H7xx_HAL_Driver/stm32h7xx_hal_rcc.o
 .comment       0x0000000000000043       0x44 ./Middlewares/FreeRTOS/list.o
 .comment       0x0000000000000043       0x44 ./Middlewares/FreeRTOS/stream_buffer.o
 .comment       0x0000000000000043       0x44 ./Middlewares/FreeRTOS/tasks.o
 .comment       0x0000000000000043       0x44 ./Middlewares/FreeRTOS/portable/heap_4.o
 .comment       0x0000000000000043       0x44 ./Middlewares/FreeRTOS/portable/port.o

.debug_info     0x0000000000000000     0xaeaa
 .debug_info    0x0000000000000000     0x11d5 ./Application/User/CM4/main.o
 .debug_info    0x00000000000011d5      0x12a ./Application/User/CM4/stm32h7xx_it.o
 .debug_info    0x00000000000012ff      0x168 ./Application/User/CM4/sysmem.o
 .debug_info    0x0000000000001467       0x23 ./Application/User/Startup/startup_stm32h745xihx.o
 .debug_info    0x000000000000148a      0x761 ./Drivers/CMSIS/system_stm32h7xx.o
 .debug_info    0x0000000000001beb     0x17b0 ./Drivers/STM32H7xx_HAL_Driver/stm32h7xx_hal.o
 .debug_info    0x000000000000339b      0xedb ./Drivers/STM32H7xx_HAL_Driver/stm32h7xx_hal_cortex.o
 .debug_info    0x0000000000004276      0xcf7 ./Drivers/STM32H7xx_HAL_Driver/stm32h7xx_hal_gpio.o
 .debug_info    0x0000000000004f6d      0x3d3 ./Drivers/STM32H7xx_HAL_Driver/stm32h7xx_hal_hsem.o
 .debug_info    0x0000000000005340     0x1026 ./Drivers/STM32H7xx_HAL_Driver/stm32h7xx_hal_pwr_ex.o
 .debug_info    0x0000000000006366      0xe58 ./Drivers/STM32H7xx_HAL_Driver/stm32h7xx_hal_rcc.o
 .debug_info    0x00000000000071be      0x2af ./Middlewares/FreeRTOS/list.o
 .debug_info    0x000000000000746d     0x11fc ./Middlewares/FreeRTOS/stream_buffer.o
 .debug_info    0x0000000000008669     0x1e8e ./Middlewares/FreeRTOS/tasks.o
 .debug_info    0x000000000000a4f7      0x4d5 ./Middlewares/FreeRTOS/portable/heap_4.o
 .debug_info    0x000000000000a9cc      0x4de ./Middlewares/FreeRTOS/portable/port.o

.debug_abbrev   0x0000000000000000     0x20c3
 .debug_abbrev  0x0000000000000000      0x2dc ./Application/User/CM4/main.o
 .debug_abbrev  0x00000000000002dc       0x8b ./Application/User/CM4/stm32h7xx_it.o
 .debug_abbrev  0x0000000000000367       0xbc ./Application/User/CM4/sysmem.o
 .debug_abbrev  0x0000000000000423       0x12 ./Application/User/Startup/startup_stm32h745xihx.o
 .debug_abbrev  0x0000000000000435      0x138 ./Drivers/CMSIS/system_stm32h7xx.o
 .debug_abbrev  0x000000000000056d      0x29f ./Drivers/STM32H7xx_HAL_Driver/stm32h7xx_hal.o
 .debug_abbrev  0x000000000000080c      0x337 ./Drivers/STM32H7xx_HAL_Driver/stm32h7xx_hal_cortex.o
 .debug_abbrev  0x0000000000000b43      0x1fe ./Drivers/STM32H7xx_HAL_Driver/stm32h7xx_hal_gpio.o
 .debug_abbrev  0x0000000000000d41      0x1d3 ./Drivers/STM32H7xx_HAL_Driver/stm32h7xx_hal_hsem.o
 .debug_abbrev  0x0000000000000f14      0x2d6 ./Drivers/STM32H7xx_HAL_Driver/stm32h7xx_hal_pwr_ex.o
 .debug_abbrev  0x00000000000011ea      0x2c8 ./Drivers/STM32H7xx_HAL_Driver/stm32h7xx_hal_rcc.o
 .debug_abbrev  0x00000000000014b2       0xf5 ./Middlewares/FreeRTOS/list.o
 .debug_abbrev  0x00000000000015a7      0x33a ./Middlewares/FreeRTOS/stream_buffer.o
 .debug_abbrev  0x00000000000018e1      0x369 ./Middlewares/FreeRTOS/tasks.o
 .debug_abbrev  0x0000000000001c4a      0x21d ./Middlewares/FreeRTOS/portable/heap_4.o
 .debug_abbrev  0x0000000000001e67      0x25c ./Middlewares/FreeRTOS/portable/port.o

.debug_aranges  0x0000000000000000      0xac8
 .debug_aranges
                0x0000000000000000       0x48 ./Application/User/CM4/main.o
 .debug_aranges
                0x0000000000000048       0x50 ./Application/User/CM4/stm32h7xx_it.o
 .debug_aranges
                0x0000000000000098       0x20 ./Application/User/CM4/sysmem.o
 .debug_aranges
                0x00000000000000b8       0x28 ./Application/User/Startup/startup_stm32h745xihx.o
 .debug_aranges
                0x00000000000000e0       0x28 ./Drivers/CMSIS/system_stm32h7xx.o
 .debug_aranges
                0x0000000000000108      0x200 ./Drivers/STM32H7xx_HAL_Driver/stm32h7xx_hal.o
 .debug_aranges
                0x0000000000000308      0x120 ./Drivers/STM32H7xx_HAL_Driver/stm32h7xx_hal_cortex.o
 .debug_aranges
                0x0000000000000428       0x58 ./Drivers/STM32H7xx_HAL_Driver/stm32h7xx_hal_gpio.o
 .debug_aranges
                0x0000000000000480       0x70 ./Drivers/STM32H7xx_HAL_Driver/stm32h7xx_hal_hsem.o
 .debug_aranges
                0x00000000000004f0      0x170 ./Drivers/STM32H7xx_HAL_Driver/stm32h7xx_hal_pwr_ex.o
 .debug_aranges
                0x0000000000000660       0x88 ./Drivers/STM32H7xx_HAL_Driver/stm32h7xx_hal_rcc.o
 .debug_aranges
                0x00000000000006e8       0x40 ./Middlewares/FreeRTOS/list.o
 .debug_aranges
                0x0000000000000728       0xd8 ./Middlewares/FreeRTOS/stream_buffer.o
 .debug_aranges
                0x0000000000000800      0x1f0 ./Middlewares/FreeRTOS/tasks.o
 .debug_aranges
                0x00000000000009f0       0x58 ./Middlewares/FreeRTOS/portable/heap_4.o
 .debug_aranges
                0x0000000000000a48       0x80 ./Middlewares/FreeRTOS/portable/port.o

.debug_rnglists
                0x0000000000000000      0x810
 .debug_rnglists
                0x0000000000000000       0x33 ./Application/User/CM4/main.o
 .debug_rnglists
                0x0000000000000033       0x37 ./Application/User/CM4/stm32h7xx_it.o
 .debug_rnglists
                0x000000000000006a       0x13 ./Application/User/CM4/sysmem.o
 .debug_rnglists
                0x000000000000007d       0x19 ./Application/User/Startup/startup_stm32h745xihx.o
 .debug_rnglists
                0x0000000000000096       0x1a ./Drivers/CMSIS/system_stm32h7xx.o
 .debug_rnglists
                0x00000000000000b0      0x181 ./Drivers/STM32H7xx_HAL_Driver/stm32h7xx_hal.o
 .debug_rnglists
                0x0000000000000231       0xd4 ./Drivers/STM32H7xx_HAL_Driver/stm32h7xx_hal_cortex.o
 .debug_rnglists
                0x0000000000000305       0x3f ./Drivers/STM32H7xx_HAL_Driver/stm32h7xx_hal_gpio.o
 .debug_rnglists
                0x0000000000000344       0x4f ./Drivers/STM32H7xx_HAL_Driver/stm32h7xx_hal_hsem.o
 .debug_rnglists
                0x0000000000000393      0x117 ./Drivers/STM32H7xx_HAL_Driver/stm32h7xx_hal_pwr_ex.o
 .debug_rnglists
                0x00000000000004aa       0x68 ./Drivers/STM32H7xx_HAL_Driver/stm32h7xx_hal_rcc.o
 .debug_rnglists
                0x0000000000000512       0x2b ./Middlewares/FreeRTOS/list.o
 .debug_rnglists
                0x000000000000053d       0xa7 ./Middlewares/FreeRTOS/stream_buffer.o
 .debug_rnglists
                0x00000000000005e4      0x18d ./Middlewares/FreeRTOS/tasks.o
 .debug_rnglists
                0x0000000000000771       0x42 ./Middlewares/FreeRTOS/portable/heap_4.o
 .debug_rnglists
                0x00000000000007b3       0x5d ./Middlewares/FreeRTOS/portable/port.o

.debug_macro    0x0000000000000000    0x3aa47
 .debug_macro   0x0000000000000000      0x3cd ./Application/User/CM4/main.o
 .debug_macro   0x00000000000003cd      0xaba ./Application/User/CM4/main.o
 .debug_macro   0x0000000000000e87       0xd9 ./Application/User/CM4/main.o
 .debug_macro   0x0000000000000f60       0x2e ./Application/User/CM4/main.o
 .debug_macro   0x0000000000000f8e       0x3b ./Application/User/CM4/main.o
 .debug_macro   0x0000000000000fc9       0x22 ./Application/User/CM4/main.o
 .debug_macro   0x0000000000000feb       0x8e ./Application/User/CM4/main.o
 .debug_macro   0x0000000000001079       0x51 ./Application/User/CM4/main.o
 .debug_macro   0x00000000000010ca      0x103 ./Application/User/CM4/main.o
 .debug_macro   0x00000000000011cd       0x6a ./Application/User/CM4/main.o
 .debug_macro   0x0000000000001237      0x1df ./Application/User/CM4/main.o
 .debug_macro   0x0000000000001416       0x1c ./Application/User/CM4/main.o
 .debug_macro   0x0000000000001432       0x22 ./Application/User/CM4/main.o
 .debug_macro   0x0000000000001454       0xfb ./Application/User/CM4/main.o
 .debug_macro   0x000000000000154f     0x1011 ./Application/User/CM4/main.o
 .debug_macro   0x0000000000002560      0x11f ./Application/User/CM4/main.o
 .debug_macro   0x000000000000267f    0x26d43 ./Application/User/CM4/main.o
 .debug_macro   0x00000000000293c2       0x6d ./Application/User/CM4/main.o
 .debug_macro   0x000000000002942f     0x3d5d ./Application/User/CM4/main.o
 .debug_macro   0x000000000002d18c      0x174 ./Application/User/CM4/main.o
 .debug_macro   0x000000000002d300       0x61 ./Application/User/CM4/main.o
 .debug_macro   0x000000000002d361       0x2a ./Application/User/CM4/main.o
 .debug_macro   0x000000000002d38b       0x43 ./Application/User/CM4/main.o
 .debug_macro   0x000000000002d3ce       0x34 ./Application/User/CM4/main.o
 .debug_macro   0x000000000002d402       0x16 ./Application/User/CM4/main.o
 .debug_macro   0x000000000002d418       0x43 ./Application/User/CM4/main.o
 .debug_macro   0x000000000002d45b       0x34 ./Application/User/CM4/main.o
 .debug_macro   0x000000000002d48f       0x10 ./Application/User/CM4/main.o
 .debug_macro   0x000000000002d49f       0x58 ./Application/User/CM4/main.o
 .debug_macro   0x000000000002d4f7       0x8e ./Application/User/CM4/main.o
 .debug_macro   0x000000000002d585       0x1c ./Application/User/CM4/main.o
 .debug_macro   0x000000000002d5a1      0x177 ./Application/User/CM4/main.o
 .debug_macro   0x000000000002d718      0x369 ./Application/User/CM4/main.o
 .debug_macro   0x000000000002da81      0x19b ./Application/User/CM4/main.o
 .debug_macro   0x000000000002dc1c       0x5d ./Application/User/CM4/main.o
 .debug_macro   0x000000000002dc79     0x3a9d ./Application/User/CM4/main.o
 .debug_macro   0x0000000000031716     0x1072 ./Application/User/CM4/main.o
 .debug_macro   0x0000000000032788      0x154 ./Application/User/CM4/main.o
 .debug_macro   0x00000000000328dc      0x130 ./Application/User/CM4/main.o
 .debug_macro   0x0000000000032a0c      0x3be ./Application/User/CM4/main.o
 .debug_macro   0x0000000000032dca       0xac ./Application/User/CM4/main.o
 .debug_macro   0x0000000000032e76      0x72d ./Application/User/CM4/main.o
 .debug_macro   0x00000000000335a3      0x228 ./Application/User/CM4/main.o
 .debug_macro   0x00000000000337cb       0x66 ./Application/User/CM4/main.o
 .debug_macro   0x0000000000033831      0x407 ./Application/User/CM4/main.o
 .debug_macro   0x0000000000033c38      0x244 ./Application/User/CM4/main.o
 .debug_macro   0x0000000000033e7c     0x1044 ./Application/User/CM4/main.o
 .debug_macro   0x0000000000034ec0      0x6cc ./Application/User/CM4/main.o
 .debug_macro   0x000000000003558c      0x36e ./Application/User/CM4/main.o
 .debug_macro   0x00000000000358fa      0x3ca ./Application/User/CM4/main.o
 .debug_macro   0x0000000000035cc4      0x4a2 ./Application/User/CM4/main.o
 .debug_macro   0x0000000000036166       0x51 ./Application/User/CM4/main.o
 .debug_macro   0x00000000000361b7       0x4a ./Application/User/CM4/main.o
 .debug_macro   0x0000000000036201      0x22c ./Application/User/CM4/main.o
 .debug_macro   0x000000000003642d       0x67 ./Application/User/CM4/main.o
 .debug_macro   0x0000000000036494       0xa5 ./Application/User/CM4/main.o
 .debug_macro   0x0000000000036539      0x218 ./Application/User/CM4/main.o
 .debug_macro   0x0000000000036751      0x2ea ./Application/User/CM4/main.o
 .debug_macro   0x0000000000036a3b       0x35 ./Application/User/CM4/main.o
 .debug_macro   0x0000000000036a70      0x693 ./Application/User/CM4/main.o
 .debug_macro   0x0000000000037103       0xa6 ./Application/User/CM4/main.o
 .debug_macro   0x00000000000371a9      0x798 ./Application/User/CM4/main.o
 .debug_macro   0x0000000000037941       0x6a ./Application/User/CM4/main.o
 .debug_macro   0x00000000000379ab       0xa0 ./Application/User/CM4/main.o
 .debug_macro   0x0000000000037a4b       0xa5 ./Application/User/CM4/main.o
 .debug_macro   0x0000000000037af0       0x1c ./Application/User/CM4/main.o
 .debug_macro   0x0000000000037b0c       0x35 ./Application/User/CM4/main.o
 .debug_macro   0x0000000000037b41       0x10 ./Application/User/CM4/main.o
 .debug_macro   0x0000000000037b51       0x1c ./Application/User/CM4/main.o
 .debug_macro   0x0000000000037b6d       0x16 ./Application/User/CM4/main.o
 .debug_macro   0x0000000000037b83      0x147 ./Application/User/CM4/main.o
 .debug_macro   0x0000000000037cca       0x16 ./Application/User/CM4/main.o
 .debug_macro   0x0000000000037ce0       0x20 ./Application/User/CM4/main.o
 .debug_macro   0x0000000000037d00      0x118 ./Application/User/CM4/main.o
 .debug_macro   0x0000000000037e18      0x15a ./Application/User/CM4/main.o
 .debug_macro   0x0000000000037f72       0xe4 ./Application/User/CM4/main.o
 .debug_macro   0x0000000000038056       0x1c ./Application/User/CM4/main.o
 .debug_macro   0x0000000000038072       0x26 ./Application/User/CM4/main.o
 .debug_macro   0x0000000000038098      0x4da ./Application/User/CM4/main.o
 .debug_macro   0x0000000000038572       0xb5 ./Application/User/CM4/main.o
 .debug_macro   0x0000000000038627       0xaa ./Application/User/CM4/main.o
 .debug_macro   0x00000000000386d1       0x18 ./Application/User/CM4/main.o
 .debug_macro   0x00000000000386e9       0x6d ./Application/User/CM4/main.o
 .debug_macro   0x0000000000038756       0x22 ./Application/User/CM4/main.o
 .debug_macro   0x0000000000038778      0x2e4 ./Application/User/CM4/stm32h7xx_it.o
 .debug_macro   0x0000000000038a5c       0xff ./Application/User/CM4/sysmem.o
 .debug_macro   0x0000000000038b5b      0x23c ./Application/User/CM4/sysmem.o
 .debug_macro   0x0000000000038d97      0x2b5 ./Drivers/CMSIS/system_stm32h7xx.o
 .debug_macro   0x000000000003904c      0x2d9 ./Drivers/STM32H7xx_HAL_Driver/stm32h7xx_hal.o
 .debug_macro   0x0000000000039325      0x2af ./Drivers/STM32H7xx_HAL_Driver/stm32h7xx_hal_cortex.o
 .debug_macro   0x00000000000395d4      0x2c3 ./Drivers/STM32H7xx_HAL_Driver/stm32h7xx_hal_gpio.o
 .debug_macro   0x0000000000039897      0x2c1 ./Drivers/STM32H7xx_HAL_Driver/stm32h7xx_hal_hsem.o
 .debug_macro   0x0000000000039b58      0x2e8 ./Drivers/STM32H7xx_HAL_Driver/stm32h7xx_hal_pwr_ex.o
 .debug_macro   0x0000000000039e40      0x2d3 ./Drivers/STM32H7xx_HAL_Driver/stm32h7xx_hal_rcc.o
 .debug_macro   0x000000000003a113      0x187 ./Middlewares/FreeRTOS/list.o
 .debug_macro   0x000000000003a29a      0x1e0 ./Middlewares/FreeRTOS/stream_buffer.o
 .debug_macro   0x000000000003a47a      0x279 ./Middlewares/FreeRTOS/tasks.o
 .debug_macro   0x000000000003a6f3       0x10 ./Middlewares/FreeRTOS/tasks.o
 .debug_macro   0x000000000003a703      0x1ae ./Middlewares/FreeRTOS/portable/heap_4.o
 .debug_macro   0x000000000003a8b1      0x196 ./Middlewares/FreeRTOS/portable/port.o

.debug_line     0x0000000000000000     0xcb60
 .debug_line    0x0000000000000000      0xc8a ./Application/User/CM4/main.o
 .debug_line    0x0000000000000c8a      0xa5b ./Application/User/CM4/stm32h7xx_it.o
 .debug_line    0x00000000000016e5      0x58f ./Application/User/CM4/sysmem.o
 .debug_line    0x0000000000001c74       0x7a ./Application/User/Startup/startup_stm32h745xihx.o
 .debug_line    0x0000000000001cee      0xa63 ./Drivers/CMSIS/system_stm32h7xx.o
 .debug_line    0x0000000000002751     0x1041 ./Drivers/STM32H7xx_HAL_Driver/stm32h7xx_hal.o
 .debug_line    0x0000000000003792      0xef4 ./Drivers/STM32H7xx_HAL_Driver/stm32h7xx_hal_cortex.o
 .debug_line    0x0000000000004686      0xda7 ./Drivers/STM32H7xx_HAL_Driver/stm32h7xx_hal_gpio.o
 .debug_line    0x000000000000542d      0xaa4 ./Drivers/STM32H7xx_HAL_Driver/stm32h7xx_hal_hsem.o
 .debug_line    0x0000000000005ed1     0x110f ./Drivers/STM32H7xx_HAL_Driver/stm32h7xx_hal_pwr_ex.o
 .debug_line    0x0000000000006fe0     0x14b2 ./Drivers/STM32H7xx_HAL_Driver/stm32h7xx_hal_rcc.o
 .debug_line    0x0000000000008492      0x7dc ./Middlewares/FreeRTOS/list.o
 .debug_line    0x0000000000008c6e      0xfd4 ./Middlewares/FreeRTOS/stream_buffer.o
 .debug_line    0x0000000000009c42     0x1c64 ./Middlewares/FreeRTOS/tasks.o
 .debug_line    0x000000000000b8a6      0xa03 ./Middlewares/FreeRTOS/portable/heap_4.o
 .debug_line    0x000000000000c2a9      0x8b7 ./Middlewares/FreeRTOS/portable/port.o

.debug_str      0x0000000000000000   0x18d56e
 .debug_str     0x0000000000000000   0x187c31 ./Application/User/CM4/main.o
                                     0x188377 (size before relaxing)
 .debug_str     0x0000000000187c31       0xf0 ./Application/User/CM4/stm32h7xx_it.o
                                     0x182336 (size before relaxing)
 .debug_str     0x0000000000187d21      0x368 ./Application/User/CM4/sysmem.o
                                       0x60b0 (size before relaxing)
 .debug_str     0x0000000000188089       0x40 ./Application/User/Startup/startup_stm32h745xihx.o
                                         0x8f (size before relaxing)
 .debug_str     0x00000000001880c9      0x114 ./Drivers/CMSIS/system_stm32h7xx.o
                                     0x181cf1 (size before relaxing)
 .debug_str     0x00000000001881dd      0xab1 ./Drivers/STM32H7xx_HAL_Driver/stm32h7xx_hal.o
                                     0x183051 (size before relaxing)
 .debug_str     0x0000000000188c8e      0x37a ./Drivers/STM32H7xx_HAL_Driver/stm32h7xx_hal_cortex.o
                                     0x18279f (size before relaxing)
 .debug_str     0x0000000000189008      0x1ca ./Drivers/STM32H7xx_HAL_Driver/stm32h7xx_hal_gpio.o
                                     0x181f3f (size before relaxing)
 .debug_str     0x00000000001891d2      0x1d8 ./Drivers/STM32H7xx_HAL_Driver/stm32h7xx_hal_hsem.o
                                     0x181bca (size before relaxing)
 .debug_str     0x00000000001893aa      0x6d7 ./Drivers/STM32H7xx_HAL_Driver/stm32h7xx_hal_pwr_ex.o
                                     0x182395 (size before relaxing)
 .debug_str     0x0000000000189a81      0x54b ./Drivers/STM32H7xx_HAL_Driver/stm32h7xx_hal_rcc.o
                                     0x1822c0 (size before relaxing)
 .debug_str     0x0000000000189fcc      0x265 ./Middlewares/FreeRTOS/list.o
                                       0xaba0 (size before relaxing)
 .debug_str     0x000000000018a231      0xd58 ./Middlewares/FreeRTOS/stream_buffer.o
                                       0xc043 (size before relaxing)
 .debug_str     0x000000000018af89     0x1acb ./Middlewares/FreeRTOS/tasks.o
                                       0xd03e (size before relaxing)
 .debug_str     0x000000000018ca54      0x362 ./Middlewares/FreeRTOS/portable/heap_4.o
                                       0xb4e2 (size before relaxing)
 .debug_str     0x000000000018cdb6      0x7b8 ./Middlewares/FreeRTOS/portable/port.o
                                       0x87e3 (size before relaxing)

.debug_frame    0x0000000000000000     0x2f84
 .debug_frame   0x0000000000000000       0xd8 ./Application/User/CM4/main.o
 .debug_frame   0x00000000000000d8       0xcc ./Application/User/CM4/stm32h7xx_it.o
 .debug_frame   0x00000000000001a4       0x34 ./Application/User/CM4/sysmem.o
 .debug_frame   0x00000000000001d8       0x58 ./Drivers/CMSIS/system_stm32h7xx.o
 .debug_frame   0x0000000000000230      0x848 ./Drivers/STM32H7xx_HAL_Driver/stm32h7xx_hal.o
 .debug_frame   0x0000000000000a78      0x4b8 ./Drivers/STM32H7xx_HAL_Driver/stm32h7xx_hal_cortex.o
 .debug_frame   0x0000000000000f30      0x14c ./Drivers/STM32H7xx_HAL_Driver/stm32h7xx_hal_gpio.o
 .debug_frame   0x000000000000107c      0x1bc ./Drivers/STM32H7xx_HAL_Driver/stm32h7xx_hal_hsem.o
 .debug_frame   0x0000000000001238      0x5ec ./Drivers/STM32H7xx_HAL_Driver/stm32h7xx_hal_pwr_ex.o
 .debug_frame   0x0000000000001824      0x1f8 ./Drivers/STM32H7xx_HAL_Driver/stm32h7xx_hal_rcc.o
 .debug_frame   0x0000000000001a1c       0xd8 ./Middlewares/FreeRTOS/list.o
 .debug_frame   0x0000000000001af4      0x3a0 ./Middlewares/FreeRTOS/stream_buffer.o
 .debug_frame   0x0000000000001e94      0x878 ./Middlewares/FreeRTOS/tasks.o
 .debug_frame   0x000000000000270c      0x12c ./Middlewares/FreeRTOS/portable/heap_4.o
 .debug_frame   0x0000000000002838      0x1a8 ./Middlewares/FreeRTOS/portable/port.o
 .debug_frame   0x00000000000029e0      0x144 C:/ST/STM32CubeIDE_1.14.0/STM32CubeIDE/plugins/com.st.stm32cube.ide.mcu.externaltools.gnu-tools-for-stm32.11.3.rel1.win32_1.1.100.202309141235/tools/bin/../lib/gcc/arm-none-eabi/11.3.1/../../../../arm-none-eabi/lib/thumb/v7e-m+fp/hard\libc_nano.a(libc_a-findfp.o)
 .debug_frame   0x0000000000002b24       0x6c C:/ST/STM32CubeIDE_1.14.0/STM32CubeIDE/plugins/com.st.stm32cube.ide.mcu.externaltools.gnu-tools-for-stm32.11.3.rel1.win32_1.1.100.202309141235/tools/bin/../lib/gcc/arm-none-eabi/11.3.1/../../../../arm-none-eabi/lib/thumb/v7e-m+fp/hard\libc_nano.a(libc_a-sprintf.o)
 .debug_frame   0x0000000000002b90       0x20 C:/ST/STM32CubeIDE_1.14.0/STM32CubeIDE/plugins/com.st.stm32cube.ide.mcu.externaltools.gnu-tools-for-stm32.11.3.rel1.win32_1.1.100.202309141235/tools/bin/../lib/gcc/arm-none-eabi/11.3.1/../../../../arm-none-eabi/lib/thumb/v7e-m+fp/hard\libc_nano.a(libc_a-memset.o)
 .debug_frame   0x0000000000002bb0       0x38 C:/ST/STM32CubeIDE_1.14.0/STM32CubeIDE/plugins/com.st.stm32cube.ide.mcu.externaltools.gnu-tools-for-stm32.11.3.rel1.win32_1.1.100.202309141235/tools/bin/../lib/gcc/arm-none-eabi/11.3.1/../../../../arm-none-eabi/lib/thumb/v7e-m+fp/hard\libc_nano.a(libc_a-reent.o)
 .debug_frame   0x0000000000002be8       0x20 C:/ST/STM32CubeIDE_1.14.0/STM32CubeIDE/plugins/com.st.stm32cube.ide.mcu.externaltools.gnu-tools-for-stm32.11.3.rel1.win32_1.1.100.202309141235/tools/bin/../lib/gcc/arm-none-eabi/11.3.1/../../../../arm-none-eabi/lib/thumb/v7e-m+fp/hard\libc_nano.a(libc_a-errno.o)
 .debug_frame   0x0000000000002c08       0x2c C:/ST/STM32CubeIDE_1.14.0/STM32CubeIDE/plugins/com.st.stm32cube.ide.mcu.externaltools.gnu-tools-for-stm32.11.3.rel1.win32_1.1.100.202309141235/tools/bin/../lib/gcc/arm-none-eabi/11.3.1/../../../../arm-none-eabi/lib/thumb/v7e-m+fp/hard\libc_nano.a(libc_a-init.o)
 .debug_frame   0x0000000000002c34       0xb0 C:/ST/STM32CubeIDE_1.14.0/STM32CubeIDE/plugins/com.st.stm32cube.ide.mcu.externaltools.gnu-tools-for-stm32.11.3.rel1.win32_1.1.100.202309141235/tools/bin/../lib/gcc/arm-none-eabi/11.3.1/../../../../arm-none-eabi/lib/thumb/v7e-m+fp/hard\libc_nano.a(libc_a-lock.o)
 .debug_frame   0x0000000000002ce4       0x20 C:/ST/STM32CubeIDE_1.14.0/STM32CubeIDE/plugins/com.st.stm32cube.ide.mcu.externaltools.gnu-tools-for-stm32.11.3.rel1.win32_1.1.100.202309141235/tools/bin/../lib/gcc/arm-none-eabi/11.3.1/../../../../arm-none-eabi/lib/thumb/v7e-m+fp/hard\libc_nano.a(libc_a-strcmp.o)
 .debug_frame   0x0000000000002d04       0x28 C:/ST/STM32CubeIDE_1.14.0/STM32CubeIDE/plugins/com.st.stm32cube.ide.mcu.externaltools.gnu-tools-for-stm32.11.3.rel1.win32_1.1.100.202309141235/tools/bin/../lib/gcc/arm-none-eabi/11.3.1/../../../../arm-none-eabi/lib/thumb/v7e-m+fp/hard\libc_nano.a(libc_a-memcpy-stub.o)
 .debug_frame   0x0000000000002d2c       0x38 C:/ST/STM32CubeIDE_1.14.0/STM32CubeIDE/plugins/com.st.stm32cube.ide.mcu.externaltools.gnu-tools-for-stm32.11.3.rel1.win32_1.1.100.202309141235/tools/bin/../lib/gcc/arm-none-eabi/11.3.1/../../../../arm-none-eabi/lib/thumb/v7e-m+fp/hard\libc_nano.a(libc_a-freer.o)
 .debug_frame   0x0000000000002d64       0x50 C:/ST/STM32CubeIDE_1.14.0/STM32CubeIDE/plugins/com.st.stm32cube.ide.mcu.externaltools.gnu-tools-for-stm32.11.3.rel1.win32_1.1.100.202309141235/tools/bin/../lib/gcc/arm-none-eabi/11.3.1/../../../../arm-none-eabi/lib/thumb/v7e-m+fp/hard\libc_nano.a(libc_a-mallocr.o)
 .debug_frame   0x0000000000002db4       0x30 C:/ST/STM32CubeIDE_1.14.0/STM32CubeIDE/plugins/com.st.stm32cube.ide.mcu.externaltools.gnu-tools-for-stm32.11.3.rel1.win32_1.1.100.202309141235/tools/bin/../lib/gcc/arm-none-eabi/11.3.1/../../../../arm-none-eabi/lib/thumb/v7e-m+fp/hard\libc_nano.a(libc_a-mlock.o)
 .debug_frame   0x0000000000002de4       0x90 C:/ST/STM32CubeIDE_1.14.0/STM32CubeIDE/plugins/com.st.stm32cube.ide.mcu.externaltools.gnu-tools-for-stm32.11.3.rel1.win32_1.1.100.202309141235/tools/bin/../lib/gcc/arm-none-eabi/11.3.1/../../../../arm-none-eabi/lib/thumb/v7e-m+fp/hard\libc_nano.a(libc_a-nano-svfprintf.o)
 .debug_frame   0x0000000000002e74       0x60 C:/ST/STM32CubeIDE_1.14.0/STM32CubeIDE/plugins/com.st.stm32cube.ide.mcu.externaltools.gnu-tools-for-stm32.11.3.rel1.win32_1.1.100.202309141235/tools/bin/../lib/gcc/arm-none-eabi/11.3.1/../../../../arm-none-eabi/lib/thumb/v7e-m+fp/hard\libc_nano.a(libc_a-nano-vfprintf_i.o)
 .debug_frame   0x0000000000002ed4       0x28 C:/ST/STM32CubeIDE_1.14.0/STM32CubeIDE/plugins/com.st.stm32cube.ide.mcu.externaltools.gnu-tools-for-stm32.11.3.rel1.win32_1.1.100.202309141235/tools/bin/../lib/gcc/arm-none-eabi/11.3.1/../../../../arm-none-eabi/lib/thumb/v7e-m+fp/hard\libc_nano.a(libc_a-memmove.o)
 .debug_frame   0x0000000000002efc       0x2c C:/ST/STM32CubeIDE_1.14.0/STM32CubeIDE/plugins/com.st.stm32cube.ide.mcu.externaltools.gnu-tools-for-stm32.11.3.rel1.win32_1.1.100.202309141235/tools/bin/../lib/gcc/arm-none-eabi/11.3.1/../../../../arm-none-eabi/lib/thumb/v7e-m+fp/hard\libc_nano.a(libc_a-sbrkr.o)
 .debug_frame   0x0000000000002f28       0x3c C:/ST/STM32CubeIDE_1.14.0/STM32CubeIDE/plugins/com.st.stm32cube.ide.mcu.externaltools.gnu-tools-for-stm32.11.3.rel1.win32_1.1.100.202309141235/tools/bin/../lib/gcc/arm-none-eabi/11.3.1/../../../../arm-none-eabi/lib/thumb/v7e-m+fp/hard\libc_nano.a(libc_a-reallocr.o)
 .debug_frame   0x0000000000002f64       0x20 C:/ST/STM32CubeIDE_1.14.0/STM32CubeIDE/plugins/com.st.stm32cube.ide.mcu.externaltools.gnu-tools-for-stm32.11.3.rel1.win32_1.1.100.202309141235/tools/bin/../lib/gcc/arm-none-eabi/11.3.1/../../../../arm-none-eabi/lib/thumb/v7e-m+fp/hard\libc_nano.a(libc_a-msizer.o)

.debug_line_str
                0x0000000000000000       0x83
 .debug_line_str
                0x0000000000000000       0x83 ./Application/User/Startup/startup_stm32h745xihx.o
                                         0x9b (size before relaxing)
