C:/Users/chatt/STM32Cube/Example/FreeRTOS_AMP_Dual_RTOS/CM4/Src/stm32h7xx_it.c:48:6:NMI_Handler	4	static
C:/Users/chatt/STM32Cube/Example/FreeRTOS_AMP_Dual_RTOS/CM4/Src/stm32h7xx_it.c:57:6:HardFault_Handler	4	static
C:/Users/chatt/STM32Cube/Example/FreeRTOS_AMP_Dual_RTOS/CM4/Src/stm32h7xx_it.c:70:6:MemManage_Handler	4	static
C:/Users/chatt/STM32Cube/Example/FreeRTOS_AMP_Dual_RTOS/CM4/Src/stm32h7xx_it.c:83:6:BusFault_Handler	4	static
C:/Users/chatt/STM32Cube/Example/FreeRTOS_AMP_Dual_RTOS/CM4/Src/stm32h7xx_it.c:96:6:UsageFault_Handler	4	static
C:/Users/chatt/STM32Cube/Example/FreeRTOS_AMP_Dual_RTOS/CM4/Src/stm32h7xx_it.c:110:6:DebugMon_Handler	4	static
C:/Users/chatt/STM32Cube/Example/FreeRTOS_AMP_Dual_RTOS/CM4/Src/stm32h7xx_it.c:125:6:EXTI0_IRQHandler	8	static
