C:/Users/chatt/STM32Cube/Example/FreeRTOS_AMP_Dual_RTOS/CM7/Src/main.c:57:5:main	6
C:/Users/chatt/STM32Cube/Example/FreeRTOS_AMP_Dual_RTOS/CM7/Src/main.c:130:13:prvCore1Task	2
C:/Users/chatt/STM32Cube/Example/FreeRTOS_AMP_Dual_RTOS/CM7/Src/main.c:178:6:vGenerateCore2Interrupt	2
C:/Users/chatt/STM32Cube/Example/FreeRTOS_AMP_Dual_RTOS/CM7/Src/main.c:199:19:xAreMessageBufferAMPTasksStillRunning	3
C:/Users/chatt/STM32Cube/Example/FreeRTOS_AMP_Dual_RTOS/CM7/Src/main.c:224:13:prvCheckTask	2
C:/Users/chatt/STM32Cube/Example/FreeRTOS_AMP_Dual_RTOS/CM7/Src/main.c:259:6:vApplicationGetIdleTaskMemory	1
C:/Users/chatt/STM32Cube/Example/FreeRTOS_AMP_Dual_RTOS/CM7/Src/main.c:302:13:SystemClock_Config	4
C:/Users/chatt/STM32Cube/Example/FreeRTOS_AMP_Dual_RTOS/CM7/Src/main.c:383:13:CPU_CACHE_Enable	5
C:/Users/chatt/STM32Cube/Example/FreeRTOS_AMP_Dual_RTOS/CM7/Src/main.c:399:13:MPU_Config	1
C:/Users/chatt/STM32Cube/Example/FreeRTOS_AMP_Dual_RTOS/CM7/Src/main.c:445:13:Error_Handler	1
